Component: ARM Compiler 5.06 (build 20) Tool: armlink [4d35a3]

==============================================================================

Section Cross References

    application.o(.text) refers to kservice.o(.text) for rt_kprintf
    application.o(.text) refers to thread.o(.text) for rt_thread_delay
    application.o(.text) refers to printf8.o(i.__0printf$8) for __2printf
    application.o(.text) refers to application.o(.constdata) for .constdata
    startup.o(.text) refers to kservice.o(.text) for rt_kprintf
    startup.o(.text) refers to board.o(.text) for rt_hw_board_init
    startup.o(.text) refers to clock.o(.text) for rt_system_tick_init
    startup.o(.text) refers to object.o(.text) for rt_system_object_init
    startup.o(.text) refers to src_timer.o(.text) for rt_system_timer_init
    startup.o(.text) refers to mem.o(.text) for rt_system_heap_init
    startup.o(.text) refers to scheduler.o(.text) for rt_system_scheduler_init
    startup.o(.text) refers to application.o(.text) for rt_application_init
    startup.o(.text) refers to idle.o(.text) for rt_thread_idle_init
    startup.o(.text) refers to printf8.o(i.__0printf$8) for __2printf
    startup.o(.text) refers to context_rvds.o(.text) for rt_hw_interrupt_disable
    board.o(.text) refers to irq.o(.text) for rt_interrupt_enter
    board.o(.text) refers to clock.o(.text) for rt_tick_increase
    board.o(.text) refers to sys_init.o(.text) for system_init
    board.o(.text) refers to kservice.o(.text) for rt_console_set_device
    board.o(.text) refers to system_mt7687.o(.data) for SystemCoreClock
    system_mt7687.o(.text) refers to top.o(.text) for top_mcu_freq_get
    system_mt7687.o(.text) refers to system_mt7687.o(.data) for .data
    sys_init.o(.text) refers to hal_uart.o(.text) for hal_uart_put_char
    sys_init.o(.text) refers to top.o(.text) for top_xtal_init
    sys_init.o(.text) refers to top.o(.ramTEXT) for cmnSerialFlashClkConfTo64M
    sys_init.o(.text) refers to hal_trng.o(.text) for hal_trng_init
    sys_init.o(.text) refers to rand.o(.text) for srand
    sys_init.o(.text) refers to hal_cache.o(.text) for hal_cache_init
    sys_init.o(.text) refers to bsp_gpio_ept_config.o(.text) for bsp_ept_gpio_setting_init
    sys_init.o(.text) refers to syslog.o(.text) for log_uart_init
    sys_init.o(.text) refers to hal_flash.o(.text) for hal_flash_init
    sys_init.o(.text) refers to sys_init.o(.constdata) for .constdata
    bsp_gpio_ept_config.o(.text) refers to memcpya.o(.text) for __aeabi_memcpy4
    bsp_gpio_ept_config.o(.text) refers to bsp_gpio_ept_config.o(.constdata) for .constdata
    bsp_flash_config.o(.text) refers to bsp_flash_config.o(.constdata) for .constdata
    cos_api.o(.text) refers to gpt.o(.text) for GPT_return_current_count
    cos_api.o(.text) refers to timer.o(.text) for delay_time
    cos_api.o(.text) refers to hal_lp.o(.text) for hal_lp_connsys_get_own_enable_int
    cos_api.o(.text) refers to cos_api.o(.data) for .data
    dma.o(.text) refers to printf8.o(i.__0printf$8) for __2printf
    dma.o(.text) refers to hal_nvic.o(.text) for hal_nvic_disable_irq
    dma.o(.text) refers to dma.o(.data) for .data
    dma.o(.text) refers to dma.o(.bss) for .bss
    dma.o(.text) refers to dma.o(.constdata) for .constdata
    dma.o(.data) refers to dma.o(.text) for DMA_ERROR_LISR
    flash_sfc.o(.ramTEXT) refers to hal_gpt.o(.text) for hal_gpt_get_free_run_count
    flash_sfc.o(.ramTEXT) refers to bsp_flash_config.o(.text) for customer_flash_register
    flash_sfc.o(.ramTEXT) refers to spi_flash.o(.ramTEXT) for flash_check_device
    flash_sfc.o(.ramTEXT) refers to flash_sfc.o(.text) for retrieve_sf_lock
    flash_sfc.o(.ramTEXT) refers to hal_cache.o(.text) for hal_cache_invalidate_all_cache_lines
    flash_sfc.o(.ramTEXT) refers to nvic.o(.ramTEXT) for save_and_set_interrupt_mask
    flash_sfc.o(.ramTEXT) refers to flash_sfc.o(.data) for .data
    flash_sfc.o(.ramTEXT) refers to spi_flash.o(.data) for support_flash_id
    flash_sfc.o(.text) refers to nvic.o(.ramTEXT) for save_and_set_interrupt_mask
    flash_sfc.o(.text) refers to memcpya.o(.text) for __aeabi_memcpy
    flash_sfc.o(.text) refers to hal_cache.o(.text) for hal_cache_invalidate_all_cache_lines
    flash_sfc.o(.text) refers to spi_flash.o(.ramTEXT) for flash_write
    flash_sfc.o(.text) refers to flash_sfc.o(.data) for .data
    gpt.o(.text) refers to printf8.o(i.__0printf$8) for __2printf
    gpt.o(.text) refers to hal_nvic.o(.text) for hal_nvic_enable_irq
    gpt.o(.text) refers to timer.o(.text) for clear_TMR_INT_status_bit
    gpt.o(.text) refers to gpt.o(.bss) for .bss
    hal_i2c.o(.text) refers to hal_gpt.o(.text) for hal_gpt_get_free_run_count
    hal_i2c.o(.text) refers to nvic.o(.ramTEXT) for save_and_set_interrupt_mask
    hal_i2c.o(.text) refers to hal_log.o(.text) for log_hal_error_internal
    hal_i2c.o(.text) refers to printf8.o(i.__0printf$8) for __2printf
[...]
    rt_scheduler_lock_nest                   0x200003c2   Data           2  scheduler.o(.data)
    rt_scheduler_hook                        0x200003cc   Data           4  scheduler.o(.data)
    .data                                    0x200003d8   Section       12  thread.o(.data)
    rt_thread_suspend_hook                   0x200003d8   Data           4  thread.o(.data)
    rt_thread_resume_hook                    0x200003dc   Data           4  thread.o(.data)
    rt_thread_inited_hook                    0x200003e0   Data           4  thread.o(.data)
    .data                                    0x200003e4   Section       16  src_timer.o(.data)
    random_nr                                0x200003e4   Data           4  src_timer.o(.data)
    rt_timer_timeout_hook                    0x200003e8   Data           4  src_timer.o(.data)
    rt_timer_list                            0x200003ec   Data           8  src_timer.o(.data)
    .data                                    0x200003f4   Section        4  cpuport.o(.data)
    rt_exception_hook                        0x200003f4   Data           4  cpuport.o(.data)
    .data                                    0x200003f8   Section        4  cpuport.o(.data)
    .data                                    0x200003fc   Section        4  cpuport.o(.data)
    .data                                    0x20000400   Section        4  cpuport.o(.data)
    .data                                    0x20000404   Section        4  rand.o(.data)
    _rand_state                              0x20000404   Data           4  rand.o(.data)
    .data                                    0x20000408   Section        4  stdout.o(.data)
    .bss                                     0x2000040c   Section       22  dma.o(.bss)
    DMA_used_channel                         0x2000040c   Data          11  dma.o(.bss)
    .bss                                     0x20000424   Section       12  gpt.o(.bss)
    GPTTimer                                 0x20000424   Data          12  gpt.o(.bss)
    .bss                                     0x20000430   Section      128  hal_cache_internal.o(.bss)
    .bss                                     0x200004b0   Section       80  hal_gpt.o(.bss)
    g_gpt_context                            0x200004b0   Data          80  hal_gpt.o(.bss)
    .bss                                     0x20000500   Section      140  hal_i2s.o(.bss)
    i2s_internal_cfg                         0x20000500   Data         140  hal_i2s.o(.bss)
    .bss                                     0x2000058c   Section      768  hal_nvic.o(.bss)
    .bss                                     0x2000088c   Section       96  hal_uart.o(.bss)
    g_uart_context_table                     0x2000088c   Data          96  hal_uart.o(.bss)
    .bss                                     0x200008ec   Section     1036  hal_sleep_driver.o(.bss)
    .bss                                     0x20000cf8   Section      384  idle.o(.bss)
    idle                                     0x20000cf8   Data         128  idle.o(.bss)
    rt_thread_stack                          0x20000d78   Data         256  idle.o(.bss)
    .bss                                     0x20000e78   Section      128  kservice.o(.bss)
    rt_log_buf                               0x20000e78   Data         128  kservice.o(.bss)
    .bss                                     0x20000ef8   Section       32  mem.o(.bss)
    heap_sem                                 0x20000ef8   Data          32  mem.o(.bss)
    .bss                                     0x20000f18   Section      256  scheduler.o(.bss)
    STACK                                    0x2003f000   Section     3072  startup_mt7687.o(STACK)

    Global Symbols

    Symbol Name                              Value     Ov Type        Size  Object(Section)

    BuildAttributes$$THM_ISAv4$E$P$D$K$B$S$7EM$VFPi3$EXTD16$VFPS$VFMA$PE$A:L22UL41UL21$X:L11$S22US41US21$IEEE1$IW$USESV6$~STKCKD$USESV7$~SHL$OSPACE$ROPI$EBA8$MICROLIB$REQ8$PRES8$EABIv2 0x00000000   Number         0  anon$$obj.o ABSOLUTE
    __ARM_use_no_argv                        0x00000000   Number         0  startup.o ABSOLUTE
    _printf_a                                0x00000000   Number         0  stubs.o ABSOLUTE
    _printf_c                                0x00000000   Number         0  stubs.o ABSOLUTE
    _printf_charcount                        0x00000000   Number         0  stubs.o ABSOLUTE
    _printf_d                                0x00000000   Number         0  stubs.o ABSOLUTE
    _printf_e                                0x00000000   Number         0  stubs.o ABSOLUTE
    _printf_f                                0x00000000   Number         0  stubs.o ABSOLUTE
    _printf_flags                            0x00000000   Number         0  stubs.o ABSOLUTE
    _printf_fp_dec                           0x00000000   Number         0  stubs.o ABSOLUTE
    _printf_fp_hex                           0x00000000   Number         0  stubs.o ABSOLUTE
    _printf_g                                0x00000000   Number         0  stubs.o ABSOLUTE
    _printf_i                                0x00000000   Number         0  stubs.o ABSOLUTE
    _printf_int_dec                          0x00000000   Number         0  stubs.o ABSOLUTE
    _printf_l                                0x00000000   Number         0  stubs.o ABSOLUTE
    _printf_lc                               0x00000000   Number         0  stubs.o ABSOLUTE
    _printf_ll                               0x00000000   Number         0  stubs.o ABSOLUTE
    _printf_lld                              0x00000000   Number         0  stubs.o ABSOLUTE
    _printf_lli                              0x00000000   Number         0  stubs.o ABSOLUTE
    _printf_llo                              0x00000000   Number         0  stubs.o ABSOLUTE
    _printf_llu                              0x00000000   Number         0  stubs.o ABSOLUTE
    _printf_llx                              0x00000000   Number         0  stubs.o ABSOLUTE
    _printf_longlong_dec                     0x00000000   Number         0  stubs.o ABSOLUTE
    _printf_longlong_hex                     0x00000000   Number         0  stubs.o ABSOLUTE
    _printf_longlong_oct                     0x00000000   Number         0  stubs.o ABSOLUTE
    _printf_ls                               0x00000000   Number         0  stubs.o ABSOLUTE
    _printf_mbtowc                           0x00000000   Number         0  stubs.o ABSOLUTE
    _printf_n                                0x00000000   Number         0  stubs.o ABSOLUTE
    _printf_o                                0x00000000   Number         0  stubs.o ABSOLUTE
    _printf_p                                0x00000000   Number         0  stubs.o ABSOLUTE
    _printf_percent                          0x00000000   Number         0  stubs.o ABSOLUTE
    _printf_pre_padding                      0x00000000   Number         0  stubs.o ABSOLUTE
    _printf_return_value                     0x00000000   Number         0  stubs.o ABSOLUTE
    _printf_s                                0x00000000   Number         0  stubs.o ABSOLUTE
    _printf_sizespec                         0x00000000   Number         0  stubs.o ABSOLUTE
    _printf_str                              0x00000000   Number         0  stubs.o ABSOLUTE
    _printf_truncate_signed                  0x00000000   Number         0  stubs.o ABSOLUTE
    _printf_truncate_unsigned                0x00000000   Number         0  stubs.o ABSOLUTE
    _printf_u                                0x00000000   Number         0  stubs.o ABSOLUTE
    _printf_wc                               0x00000000   Number         0  stubs.o ABSOLUTE
    _printf_wctomb                           0x00000000   Number         0  stubs.o ABSOLUTE
    _printf_widthprec                        0x00000000   Number         0  stubs.o ABSOLUTE
    _printf_x                                0x00000000   Number         0  stubs.o ABSOLUTE
    __cpp_initialize__aeabi_                  - Undefined Weak Reference
    __cxa_finalize                            - Undefined Weak Reference
    _clock_init                               - Undefined Weak Reference
    _microlib_exit                            - Undefined Weak Reference
    __Vectors_Size                           0x000001c0   Number         0  startup_mt7687.o ABSOLUTE
    gpt_get_current_time                     0x00100001   Thumb Code    22  flash_sfc.o(.ramTEXT)
    SF_DAL_FLAG_BUSY_SET                     0x00100017   Thumb Code     8  flash_sfc.o(.ramTEXT)
    SF_DAL_FLAG_BUSY_CLR                     0x0010001f   Thumb Code     8  flash_sfc.o(.ramTEXT)
    SF_DAL_FLAG_SUS_SET                      0x00100027   Thumb Code     8  flash_sfc.o(.ramTEXT)
    SF_DAL_FLAG_SUS_CLR                      0x0010002f   Thumb Code     8  flash_sfc.o(.ramTEXT)
    flash_sfc_config                         0x00100037   Thumb Code    28  flash_sfc.o(.ramTEXT)
    flash_sfc_read                           0x00100053   Thumb Code   112  flash_sfc.o(.ramTEXT)
    flash_sfc_erase                          0x001000c3   Thumb Code   106  flash_sfc.o(.ramTEXT)
    Flash_ReturnReady                        0x0010012d   Thumb Code    84  flash_sfc.o(.ramTEXT)
    SF_DAL_CheckDeviceReady                  0x00100181   Thumb Code   152  flash_sfc.o(.ramTEXT)
    SF_DAL_CheckReadyAndResume               0x00100219   Thumb Code    98  flash_sfc.o(.ramTEXT)
    save_and_set_interrupt_mask              0x00100289   Thumb Code     8  nvic.o(.ramTEXT)
    restore_interrupt_mask                   0x00100291   Thumb Code     6  nvic.o(.ramTEXT)
    sfc_GPT_return_current_count             0x00100299   Thumb Code     6  sfc.o(.ramTEXT)
    sfc_get_systime                          0x0010029f   Thumb Code     6  sfc.o(.ramTEXT)
    sfc_delay_time                           0x001002a5   Thumb Code    20  sfc.o(.ramTEXT)
    sfc_delay_ms                             0x001002b9   Thumb Code     4  sfc.o(.ramTEXT)
    sfc_getMaxGPRamSize                      0x001002bd   Thumb Code     4  sfc.o(.ramTEXT)
    sfc_Init                                 0x001002c1   Thumb Code   124  sfc.o(.ramTEXT)
    sfc_GetDirectMode                        0x0010033d   Thumb Code    38  sfc.o(.ramTEXT)
    sfc_direct_read_setup                    0x00100363   Thumb Code    34  sfc.o(.ramTEXT)
    sfc_transfer                             0x00100385   Thumb Code   230  sfc.o(.ramTEXT)
    sfc_Command_List                         0x0010046b   Thumb Code    76  sfc.o(.ramTEXT)
    sfc_clear_gpram                          0x001004b7   Thumb Code    16  sfc.o(.ramTEXT)
    sfc_read                                 0x001004c7   Thumb Code    12  sfc.o(.ramTEXT)
    sfc_write                                0x001004d3   Thumb Code    76  sfc.o(.ramTEXT)
    sfc_security_write_crc                   0x0010051f   Thumb Code    48  sfc.o(.ramTEXT)
    __sfc_write                              0x0010054f   Thumb Code    74  sfc.o(.ramTEXT)
    flash_suspend_Winbond                    0x00100611   Thumb Code     6  spi_flash.o(.ramTEXT)
    flash_resume_Winbond                     0x00100617   Thumb Code     8  spi_flash.o(.ramTEXT)
    flash_read_jedec_id                      0x001006cb   Thumb Code    22  spi_flash.o(.ramTEXT)
    flash_check_device                       0x001006e1   Thumb Code   294  spi_flash.o(.ramTEXT)
    flash_switch_mode                        0x00100807   Thumb Code    90  spi_flash.o(.ramTEXT)
    flash_config                             0x00100861   Thumb Code   332  spi_flash.o(.ramTEXT)
    flash_init                               0x001009ad   Thumb Code   482  spi_flash.o(.ramTEXT)
    flash_read_sr                            0x00100b8f   Thumb Code    34  spi_flash.o(.ramTEXT)
    flash_wait_ready                         0x00100bb1   Thumb Code    60  spi_flash.o(.ramTEXT)
    flash_read_manu_id                       0x00100bed   Thumb Code    26  spi_flash.o(.ramTEXT)
    flash_read_manu_id_quad                  0x00100c07   Thumb Code    26  spi_flash.o(.ramTEXT)
    flash_read                               0x00100c21   Thumb Code    70  spi_flash.o(.ramTEXT)
    flash_fast_read                          0x00100c67   Thumb Code    96  spi_flash.o(.ramTEXT)
    flash_read_sr2                           0x00100cc7   Thumb Code    94  spi_flash.o(.ramTEXT)
    flash_unprotect                          0x00100d25   Thumb Code    46  spi_flash.o(.ramTEXT)
    flash_protect                            0x00100d53   Thumb Code    46  spi_flash.o(.ramTEXT)
    flash_write_enable                       0x00100d81   Thumb Code    22  spi_flash.o(.ramTEXT)
    flash_write_disable                      0x00100d97   Thumb Code    22  spi_flash.o(.ramTEXT)
    flash_erase_sector                       0x00100dad   Thumb Code   106  spi_flash.o(.ramTEXT)
    flash_erase_sector_32k                   0x00100e17   Thumb Code   106  spi_flash.o(.ramTEXT)
    flash_erase_page                         0x00100e81   Thumb Code   106  spi_flash.o(.ramTEXT)
    flash_erase_chip                         0x00100eeb   Thumb Code   126  spi_flash.o(.ramTEXT)
    flash_erase                              0x00100f69   Thumb Code    42  spi_flash.o(.ramTEXT)
    flash_write                              0x00100f93   Thumb Code   278  spi_flash.o(.ramTEXT)
    flash_erase_write_security_crc           0x001010a9   Thumb Code    96  spi_flash.o(.ramTEXT)
    flash_erase_write                        0x00101109   Thumb Code   228  spi_flash.o(.ramTEXT)
    query_spi_flash_status                   0x001011ed   Thumb Code    40  spi_flash.o(.ramTEXT)
    cmnSerialFlashClkConfToXtal              0x0010123d   Thumb Code    16  top.o(.ramTEXT)
    cmnSerialFlashClkConfTo64M               0x0010124d   Thumb Code    62  top.o(.ramTEXT)
    isrC_main                                0x00101295   Thumb Code    72  hal_nvic.o(.ramTEXT)
    Long Thumb to Thumb Veneer to hal_gpt_get_free_run_count 0x00101305   Thumb Code    10  anon$$obj.o(Veneer$$Code)
    Long Thumb to Thumb Veneer to customer_flash_register 0x0010130f   Thumb Code    10  anon$$obj.o(Veneer$$Code)
    Long Thumb to Thumb Veneer to retrieve_sf_lock 0x00101319   Thumb Code    10  anon$$obj.o(Veneer$$Code)
    Long Thumb to Thumb Veneer to free_sf_lock 0x00101323   Thumb Code    10  anon$$obj.o(Veneer$$Code)
    Long Thumb to Thumb Veneer to hal_cache_invalidate_all_cache_lines 0x0010132d   Thumb Code    10  anon$$obj.o(Veneer$$Code)
    Long Thumb to Thumb Veneer to hal_cache_disable 0x00101337   Thumb Code    10  anon$$obj.o(Veneer$$Code)
    Long Thumb to Thumb Veneer to hal_cache_enable 0x00101341   Thumb Code    10  anon$$obj.o(Veneer$$Code)
    Long Thumb to Thumb Veneer to customer_flash_suspend_bit 0x0010134b   Thumb Code    10  anon$$obj.o(Veneer$$Code)
    Long Thumb to Thumb Veneer to __2printf  0x00101355   Thumb Code    10  anon$$obj.o(Veneer$$Code)
    Long Thumb to Thumb Veneer to __aeabi_memcpy 0x0010135f   Thumb Code    10  anon$$obj.o(Veneer$$Code)
    Long Thumb to Thumb Veneer to customer_switch_spi_mode_command 0x00101369   Thumb Code    10  anon$$obj.o(Veneer$$Code)
    Long Thumb to Thumb Veneer to customer_switch_spiq_mode_command 0x00101373   Thumb Code    10  anon$$obj.o(Veneer$$Code)
    Long Thumb to Thumb Veneer to log_hal_info_internal 0x0010137d   Thumb Code    10  anon$$obj.o(Veneer$$Code)
    Long Thumb to Thumb Veneer to customer_flash_read_SR2_comand 0x00101387   Thumb Code    10  anon$$obj.o(Veneer$$Code)
    Long Thumb to Thumb Veneer to cmnPLL1ON  0x00101391   Thumb Code    10  anon$$obj.o(Veneer$$Code)
    Long Thumb to Thumb Veneer to log_hal_error_internal 0x0010139b   Thumb Code    10  anon$$obj.o(Veneer$$Code)
    Reset_Handler                            0x10079001   Thumb Code    28  startup_mt7687.o(.reset_handler)
    NMI_Handler                              0x1007901d   Thumb Code     2  startup_mt7687.o(.reset_handler)
    MemManage_Handler                        0x10079021   Thumb Code     2  startup_mt7687.o(.reset_handler)
    BusFault_Handler                         0x10079023   Thumb Code     2  startup_mt7687.o(.reset_handler)
    UsageFault_Handler                       0x10079025   Thumb Code     2  startup_mt7687.o(.reset_handler)
    SVC_Handler                              0x10079027   Thumb Code     2  startup_mt7687.o(.reset_handler)
    DebugMon_Handler                         0x10079029   Thumb Code     2  startup_mt7687.o(.reset_handler)
    __main                                   0x10079045   Thumb Code     0  entry.o(.ARM.Collect$$$$00000000)
    _main_stk                                0x10079045   Thumb Code     0  entry2.o(.ARM.Collect$$$$00000001)
    _main_scatterload                        0x10079049   Thumb Code     0  entry5.o(.ARM.Collect$$$$00000004)
    __main_after_scatterload                 0x1007904d   Thumb Code     0  entry5.o(.ARM.Collect$$$$00000004)
    _main_clock                              0x1007904d   Thumb Code     0  entry7b.o(.ARM.Collect$$$$00000008)
    _main_cpp_init                           0x1007904d   Thumb Code     0  entry8b.o(.ARM.Collect$$$$0000000A)
    _main_init                               0x1007904d   Thumb Code     0  entry9a.o(.ARM.Collect$$$$0000000B)
    __rt_final_cpp                           0x10079055   Thumb Code     0  entry10a.o(.ARM.Collect$$$$0000000D)
    __rt_final_exit                          0x10079055   Thumb Code     0  entry11a.o(.ARM.Collect$$$$0000000F)
    rt_init_thread_entry                     0x10079059   Thumb Code    32  application.o(.text)
    rt_hw_console_output                     0x10079079   Thumb Code     8  application.o(.text)
    rt_application_init                      0x10079081   Thumb Code    36  application.o(.text)
    assert_failed                            0x100790cd   Thumb Code    28  startup.o(.text)
    rtthread_startup                         0x100790e9   Thumb Code    54  startup.o(.text)
    main                                     0x1007911f   Thumb Code    20  startup.o(.text)
    SysTick_Handler                          0x10079195   Thumb Code    18  board.o(.text)
    rt_hw_board_init                         0x100791a7   Thumb Code    56  board.o(.text)
    SysTick_Set                              0x100791f1   Thumb Code    36  system_mt7687.o(.text)
    SysInitStatus_Set                        0x10079215   Thumb Code     8  system_mt7687.o(.text)
    SysInitStatus_Query                      0x1007921d   Thumb Code     6  system_mt7687.o(.text)
    SystemCoreClockUpdate                    0x10079223   Thumb Code    12  system_mt7687.o(.text)
    SystemInit                               0x1007922f   Thumb Code    32  system_mt7687.o(.text)
    CachePreInit                             0x1007924f   Thumb Code    38  system_mt7687.o(.text)
    fputc                                    0x10079289   Thumb Code    28  sys_init.o(.text)
    system_init                              0x100792a5   Thumb Code    44  sys_init.o(.text)
    gpio_mode_init                           0x10079335   Thumb Code    40  bsp_gpio_ept_config.o(.text)
    gpio_oe_init                             0x1007935d   Thumb Code    40  bsp_gpio_ept_config.o(.text)
    gpio_ies_init                            0x10079385   Thumb Code   170  bsp_gpio_ept_config.o(.text)
    gpio_pull_up_init                        0x1007942f   Thumb Code    86  bsp_gpio_ept_config.o(.text)
    gpio_pull_down_init                      0x10079485   Thumb Code    38  bsp_gpio_ept_config.o(.text)
    gpio_output_init                         0x100794ab   Thumb Code    36  bsp_gpio_ept_config.o(.text)
    bsp_ept_gpio_set_control_by_cm4          0x100794cf   Thumb Code    18  bsp_gpio_ept_config.o(.text)
    bsp_ept_gpio_setting_init                0x100794e1   Thumb Code    28  bsp_gpio_ept_config.o(.text)
    customer_flash_suspend_bit               0x10079511   Thumb Code     4  bsp_flash_config.o(.text)
    customer_switch_spi_mode_command         0x10079515   Thumb Code     4  bsp_flash_config.o(.text)
    customer_switch_spiq_mode_command        0x10079519   Thumb Code     6  bsp_flash_config.o(.text)
    customer_flash_read_SR2_comand           0x1007951f   Thumb Code     4  bsp_flash_config.o(.text)
    customer_flash_register                  0x10079523   Thumb Code     4  bsp_flash_config.o(.text)
    DMA_Stop                                 0x1007952d   Thumb Code    18  dma.o(.text)
    DMA_Run                                  0x1007953f   Thumb Code    22  dma.o(.text)
    DMA_GetChannel                           0x10079555   Thumb Code    60  dma.o(.text)
    DMA_FreeChannel                          0x10079591   Thumb Code    44  dma.o(.text)
    DMA_FullSize_CheckIdleChannel            0x100795bd   Thumb Code    52  dma.o(.text)
    DMA_FullSize_FreeChannel                 0x100795f1   Thumb Code    44  dma.o(.text)
    DMA_Clock_Enable                         0x1007961d   Thumb Code    14  dma.o(.text)
    DMA_Config_Internal                      0x1007962b   Thumb Code   550  dma.o(.text)
    DMA_ERROR_LISR                           0x10079851   Thumb Code     2  dma.o(.text)
    DMA_Register                             0x10079853   Thumb Code    40  dma.o(.text)
    DMA_UnRegister                           0x1007987b   Thumb Code    46  dma.o(.text)
    DMA_Clock_Disable                        0x100798a9   Thumb Code    14  dma.o(.text)
    DMA_LISR                                 0x100798b7   Thumb Code   572  dma.o(.text)
    DMA_Init                                 0x10079af3   Thumb Code    80  dma.o(.text)
    dma_set_channel_busy                     0x10079b43   Thumb Code    68  dma.o(.text)
    dma_set_channel_idle                     0x10079b87   Thumb Code    60  dma.o(.text)
    DMA_Vfifo_init                           0x10079bc3   Thumb Code   174  dma.o(.text)
    DMA_Vfifo_SetAdrs                        0x10079c71   Thumb Code    24  dma.o(.text)
    DMA_Vfifo_Set_timeout                    0x10079c89   Thumb Code    10  dma.o(.text)
    DMA_Vfifo_enable_interrupt               0x10079c93   Thumb Code    16  dma.o(.text)
    DMA_Vfifo_disable_interrupt              0x10079ca3   Thumb Code    16  dma.o(.text)
    DMA_Vfifo_Flush                          0x10079cb3   Thumb Code    22  dma.o(.text)
    DMA_Vfifo_Register_Callback              0x10079cc9   Thumb Code    14  dma.o(.text)
    DMA_Vfifo_Register_TO_Callback           0x10079cd7   Thumb Code    12  dma.o(.text)
    get_sf_lock                              0x10079d51   Thumb Code    46  flash_sfc.o(.text)
    free_sf_lock                             0x10079d7f   Thumb Code    32  flash_sfc.o(.text)
    retrieve_sf_lock                         0x10079d9f   Thumb Code    12  flash_sfc.o(.text)
    release_sf_lock                          0x10079dab   Thumb Code     2  flash_sfc.o(.text)
    hal_flash_direct_read                    0x10079dad   Thumb Code    28  flash_sfc.o(.text)
    flash_sfc_write                          0x10079dc9   Thumb Code    50  flash_sfc.o(.text)
    GPT_ResetTimer                           0x10079e01   Thumb Code    62  gpt.o(.text)
    GPT_Start                                0x10079e3f   Thumb Code    64  gpt.o(.text)
    GPT_Stop                                 0x10079e7f   Thumb Code    78  gpt.o(.text)
    GPT_INT_Handler                          0x10079ecd   Thumb Code    46  gpt.o(.text)
    GPT_init                                 0x10079efb   Thumb Code   152  gpt.o(.text)
    GPT_return_current_count                 0x10079f93   Thumb Code    46  gpt.o(.text)
    CM4_GPT2Init                             0x10079fc1   Thumb Code     8  gpt.o(.text)
    CM4_GPT4Init                             0x10079fc9   Thumb Code     8  gpt.o(.text)
    I2sVdmaTxStart                           0x1007a031   Thumb Code    60  hal_i2s_internal.o(.text)
    I2sVdmaRxStart                           0x1007a06d   Thumb Code    60  hal_i2s_internal.o(.text)
    I2sSetVdmaTxIntrEn                       0x1007a0a9   Thumb Code    38  hal_i2s_internal.o(.text)
    I2sSetVdmaRxIntrEn                       0x1007a0cf   Thumb Code    38  hal_i2s_internal.o(.text)
    I2sVdmaTxStop                            0x1007a0f5   Thumb Code    12  hal_i2s_internal.o(.text)
    I2sVdmaRxStop                            0x1007a101   Thumb Code    12  hal_i2s_internal.o(.text)
    I2sSetVdmaTxThreshold                    0x1007a10d   Thumb Code    10  hal_i2s_internal.o(.text)
    I2sSetVdmaRxThreshold                    0x1007a117   Thumb Code    10  hal_i2s_internal.o(.text)
    I2sWriteVdmaTxFifo                       0x1007a121   Thumb Code    10  hal_i2s_internal.o(.text)
    I2sReadVdmaRxFifo                        0x1007a12b   Thumb Code    14  hal_i2s_internal.o(.text)
    I2sGetVdmaTxFifoCnt                      0x1007a139   Thumb Code     8  hal_i2s_internal.o(.text)
    I2sGetVdmaRxFifoCnt                      0x1007a141   Thumb Code     8  hal_i2s_internal.o(.text)
    I2sSetGblCfg                             0x1007a149   Thumb Code   204  hal_i2s_internal.o(.text)
    I2sSetDlCfg                              0x1007a215   Thumb Code   168  hal_i2s_internal.o(.text)
    I2sSetUlCfg                              0x1007a2bd   Thumb Code   204  hal_i2s_internal.o(.text)
    I2sClkFifoEn                             0x1007a389   Thumb Code    48  hal_i2s_internal.o(.text)
    I2sDlEn                                  0x1007a3b9   Thumb Code    24  hal_i2s_internal.o(.text)
    I2sUlEn                                  0x1007a3d1   Thumb Code    24  hal_i2s_internal.o(.text)
    I2sReset                                 0x1007a3e9   Thumb Code    22  hal_i2s_internal.o(.text)
    I2sCfgInitialSetting                     0x1007a3ff   Thumb Code   348  hal_i2s_internal.o(.text)
    xpllMicroDelay                           0x1007a55b   Thumb Code    20  hal_i2s_internal.o(.text)
    xpllOpen                                 0x1007a56f   Thumb Code   382  hal_i2s_internal.o(.text)
    xpllClose                                0x1007a6ed   Thumb Code    60  hal_i2s_internal.o(.text)
    hal_lp_connsys_get_own_enable_int        0x1007a77b   Thumb Code    12  hal_lp.o(.text)
    hal_lp_connsys_give_n9_own               0x1007a787   Thumb Code    12  hal_lp.o(.text)
    hal_lp_connsys_get_ownership             0x1007a793   Thumb Code    18  hal_lp.o(.text)
    hal_lp_deep_sleep_set_rgu                0x1007a7a5   Thumb Code    26  hal_lp.o(.text)
    hal_lp_legacy_sleep_set_rgu              0x1007a7bf   Thumb Code    22  hal_lp.o(.text)
    hal_lp_deep_sleep                        0x1007a7d5   Thumb Code   206  hal_lp.o(.text)
    hal_lp_legacy_sleep                      0x1007a8a3   Thumb Code   206  hal_lp.o(.text)
    hal_lp_handle_intr                       0x1007a97f   Thumb Code    28  hal_lp.o(.text)
    hal_lp_get_wic_wakeup                    0x1007a99b   Thumb Code     6  hal_lp.o(.text)
    hal_lp_get_wic_status                    0x1007a9a1   Thumb Code    12  hal_lp.o(.text)
    hal_trng_init                            0x1007a9c5   Thumb Code     4  hal_trng.o(.text)
    hal_trng_deinit                          0x1007a9c9   Thumb Code     4  hal_trng.o(.text)
    hal_trng_get_generated_random_number     0x1007a9cd   Thumb Code    72  hal_trng.o(.text)
    get_current_count                        0x1007aa19   Thumb Code     6  timer.o(.text)
    delay_time                               0x1007aa1f   Thumb Code    24  timer.o(.text)
    get_current_gpt4_count                   0x1007aa37   Thumb Code     6  timer.o(.text)
    delay_time_for_gpt4                      0x1007aa3d   Thumb Code    22  timer.o(.text)
    delay_ms                                 0x1007aa53   Thumb Code    42  timer.o(.text)
    delay_us                                 0x1007aa7d   Thumb Code    22  timer.o(.text)
    drvTMR_init                              0x1007aa93   Thumb Code    56  timer.o(.text)
    TMR_Start                                0x1007aacb   Thumb Code     4  timer.o(.text)
    TMR_Stop                                 0x1007aacf   Thumb Code     4  timer.o(.text)
    drvGPT2Init                              0x1007aad3   Thumb Code     4  timer.o(.text)
    drvGPT4Init                              0x1007aad7   Thumb Code     4  timer.o(.text)
    clear_TMR_INT_status_bit                 0x1007aadb   Thumb Code    18  timer.o(.text)
    top_xtal_init                            0x1007aaf5   Thumb Code   108  top.o(.text)
    top_xtal_freq_get                        0x1007ab61   Thumb Code     6  top.o(.text)
    top_mcu_freq_get                         0x1007ab67   Thumb Code     6  top.o(.text)
    cmnPLL1ON                                0x1007ab6d   Thumb Code    42  top.o(.text)
    cmnPLL1ON_PLL2ON                         0x1007ab97   Thumb Code    90  top.o(.text)
    cmnPLL1OFF_PLL2OFF                       0x1007abf1   Thumb Code    34  top.o(.text)
    cmnCpuClkConfigureToXtal                 0x1007ac13   Thumb Code    64  top.o(.text)
    cmnCpuClkConfigureTo192M                 0x1007ac53   Thumb Code    92  top.o(.text)
    cmnCpuClkConfigureTo160M                 0x1007acaf   Thumb Code    92  top.o(.text)
    cmnCpuClkConfigureTo64M                  0x1007ad0b   Thumb Code    72  top.o(.text)
    getc_nowait                              0x1007ad81   Thumb Code    20  uart.o(.text)
    getc                                     0x1007ad95   Thumb Code     2  uart.o(.text)
    uart_output_char                         0x1007ad97   Thumb Code    18  uart.o(.text)
    uart_input_char                          0x1007ada9   Thumb Code    20  uart.o(.text)
    halUART_SetFormat                        0x1007adbd   Thumb Code   214  uart.o(.text)
    halUART_HWInit                           0x1007ae93   Thumb Code    44  uart.o(.text)
    halUART_Get_VFIFO_Length                 0x1007aebf   Thumb Code    52  uart.o(.text)
    halUART_Read_VFIFO_Data                  0x1007aef3   Thumb Code    38  uart.o(.text)
    halUART_Write_VFIFO_Data                 0x1007af19   Thumb Code    40  uart.o(.text)
    halUART_Tx_VFIFO_Initialize              0x1007af41   Thumb Code    62  uart.o(.text)
    halUART_Rx_VFIFO_Initialize              0x1007af7f   Thumb Code    60  uart.o(.text)
    halUART_VDMA_Rx_Register_Callback        0x1007afbb   Thumb Code    20  uart.o(.text)
    halUART_VDMA_Rx_Register_TO_Callback     0x1007afcf   Thumb Code    20  uart.o(.text)
    uart_set_hardware_flowcontrol            0x1007afe3   Thumb Code    40  uart.o(.text)
    uart_set_software_flowcontrol            0x1007b00b   Thumb Code    46  uart.o(.text)
    uart_disable_flowcontrol                 0x1007b039   Thumb Code    26  uart.o(.text)
    uart_set_sleep_mode                      0x1007b053   Thumb Code    14  uart.o(.text)
    uart_unmask_send_interrupt               0x1007b061   Thumb Code    34  uart.o(.text)
    uart_mask_send_interrupt                 0x1007b083   Thumb Code    32  uart.o(.text)
    uart_interrupt_handler                   0x1007b0a3   Thumb Code    28  uart.o(.text)
    uart_reset_default_value                 0x1007b0bf   Thumb Code    74  uart.o(.text)
    uart_query_empty                         0x1007b109   Thumb Code    16  uart.o(.text)
    hal_cache_init                           0x1007b139   Thumb Code   114  hal_cache.o(.text)
    hal_cache_deinit                         0x1007b1ab   Thumb Code    88  hal_cache.o(.text)
    hal_cache_enable                         0x1007b203   Thumb Code    34  hal_cache.o(.text)
    hal_cache_disable                        0x1007b225   Thumb Code    58  hal_cache.o(.text)
    hal_cache_region_enable                  0x1007b25f   Thumb Code    50  hal_cache.o(.text)
    hal_cache_region_disable                 0x1007b291   Thumb Code    46  hal_cache.o(.text)
    hal_cache_set_size                       0x1007b2bf   Thumb Code    44  hal_cache.o(.text)
    hal_cache_region_config                  0x1007b2eb   Thumb Code    82  hal_cache.o(.text)
    hal_cache_invalidate_one_cache_line      0x1007b33d   Thumb Code    44  hal_cache.o(.text)
    hal_cache_invalidate_multiple_cache_lines 0x1007b369   Thumb Code    46  hal_cache.o(.text)
    hal_cache_invalidate_all_cache_lines     0x1007b397   Thumb Code    48  hal_cache.o(.text)
    hal_cache_flush_one_cache_line           0x1007b3c7   Thumb Code    44  hal_cache.o(.text)
    hal_cache_flush_multiple_cache_lines     0x1007b3f3   Thumb Code    46  hal_cache.o(.text)
    hal_cache_flush_all_cache_lines          0x1007b421   Thumb Code    32  hal_cache.o(.text)
    hal_cache_is_cacheable                   0x1007b441   Thumb Code    62  hal_cache.o(.text)
    hal_flash_init                           0x1007b495   Thumb Code    12  hal_flash.o(.text)
    hal_flash_deinit                         0x1007b4a1   Thumb Code     4  hal_flash.o(.text)
    hal_flash_erase                          0x1007b4a5   Thumb Code    10  hal_flash.o(.text)
    hal_flash_read                           0x1007b4af   Thumb Code    14  hal_flash.o(.text)
    hal_flash_write                          0x1007b4bd   Thumb Code    16  hal_flash.o(.text)
    hal_gpt_init                             0x1007b4cd   Thumb Code    64  hal_gpt.o(.text)
    hal_gpt_deinit                           0x1007b50d   Thumb Code    76  hal_gpt.o(.text)
    hal_gpt_get_free_run_count               0x1007b559   Thumb Code   122  hal_gpt.o(.text)
    hal_gpt_get_duration_count               0x1007b5d3   Thumb Code    16  hal_gpt.o(.text)
    hal_gpt_get_running_status               0x1007b5e3   Thumb Code    40  hal_gpt.o(.text)
    hal_gpt_register_callback                0x1007b60b   Thumb Code    68  hal_gpt.o(.text)
    hal_gpt_start_timer_ms                   0x1007b679   Thumb Code   144  hal_gpt.o(.text)
    hal_gpt_stop_timer                       0x1007b709   Thumb Code    48  hal_gpt.o(.text)
    hal_gpt_delay_ms                         0x1007b739   Thumb Code    34  hal_gpt.o(.text)
    hal_gpt_delay_us                         0x1007b75b   Thumb Code    34  hal_gpt.o(.text)
    hal_i2s_init                             0x1007b84d   Thumb Code    90  hal_i2s.o(.text)
    hal_i2s_deinit                           0x1007b8a7   Thumb Code    40  hal_i2s.o(.text)
    hal_i2s_get_config                       0x1007b8cf   Thumb Code    16  hal_i2s.o(.text)
    hal_i2s_set_config                       0x1007b919   Thumb Code   266  hal_i2s.o(.text)
    hal_i2s_enable_audio_top                 0x1007ba23   Thumb Code    24  hal_i2s.o(.text)
    hal_i2s_disable_audio_top                0x1007ba3b   Thumb Code    22  hal_i2s.o(.text)
    hal_i2s_enable_tx_dma_interrupt          0x1007ba51   Thumb Code    30  hal_i2s.o(.text)
    hal_i2s_disable_tx_dma_interrupt         0x1007ba6f   Thumb Code    18  hal_i2s.o(.text)
    hal_i2s_enable_rx_dma_interrupt          0x1007ba81   Thumb Code    32  hal_i2s.o(.text)
    hal_i2s_disable_rx_dma_interrupt         0x1007baa1   Thumb Code    18  hal_i2s.o(.text)
    hal_i2s_get_tx_sample_count              0x1007bab3   Thumb Code    30  hal_i2s.o(.text)
    hal_i2s_get_rx_sample_count              0x1007bad1   Thumb Code    14  hal_i2s.o(.text)
    hal_i2s_setup_tx_vfifo                   0x1007badf   Thumb Code    86  hal_i2s.o(.text)
    hal_i2s_setup_rx_vfifo                   0x1007bb35   Thumb Code    86  hal_i2s.o(.text)
    hal_i2s_stop_tx_vfifo                    0x1007bb8b   Thumb Code    20  hal_i2s.o(.text)
    hal_i2s_stop_rx_vfifo                    0x1007bb9f   Thumb Code    20  hal_i2s.o(.text)
    hal_i2s_register_tx_vfifo_callback       0x1007bbd1   Thumb Code    30  hal_i2s.o(.text)
    hal_i2s_register_rx_vfifo_callback       0x1007bbf3   Thumb Code    30  hal_i2s.o(.text)
    hal_i2s_enable_tx                        0x1007bc11   Thumb Code   152  hal_i2s.o(.text)
    hal_i2s_enable_rx                        0x1007bca9   Thumb Code    82  hal_i2s.o(.text)
    hal_i2s_disable_tx                       0x1007bcfb   Thumb Code   106  hal_i2s.o(.text)
    hal_i2s_disable_rx                       0x1007bd65   Thumb Code    72  hal_i2s.o(.text)
    hal_i2s_tx_write                         0x1007bdad   Thumb Code    10  hal_i2s.o(.text)
    hal_i2s_rx_read                          0x1007bdb7   Thumb Code    14  hal_i2s.o(.text)
    i2s_enter_suspend                        0x1007bdc5   Thumb Code     2  hal_i2s.o(.text)
    i2s_enter_resume                         0x1007bdc7   Thumb Code    66  hal_i2s.o(.text)
    log_hal_fatal_internal                   0x1007be8d   Thumb Code     2  hal_log.o(.text)
    log_hal_error_internal                   0x1007be8f   Thumb Code     2  hal_log.o(.text)
    log_hal_warning_internal                 0x1007be91   Thumb Code     2  hal_log.o(.text)
    log_hal_info_internal                    0x1007be93   Thumb Code     2  hal_log.o(.text)
    log_hal_dump_internal                    0x1007be95   Thumb Code     2  hal_log.o(.text)
    bt_driver_restore_btif                   0x1007be99   Thumb Code     0  hal_misc.o(.text)
    default_bt_driver_restore_btif           0x1007be99   Thumb Code     2  hal_misc.o(.text)
    hal_module_sleep_register_callback       0x1007be9b   Thumb Code    28  hal_misc.o(.text)
    hal_nvic_init                            0x1007bec1   Thumb Code     4  hal_nvic.o(.text)
    hal_nvic_enable_irq                      0x1007bec5   Thumb Code    34  hal_nvic.o(.text)
    hal_nvic_disable_irq                     0x1007bee7   Thumb Code    34  hal_nvic.o(.text)
    hal_nvic_get_pending_irq                 0x1007bf09   Thumb Code    42  hal_nvic.o(.text)
    hal_nvic_set_pending_irq                 0x1007bf33   Thumb Code    34  hal_nvic.o(.text)
    hal_nvic_clear_pending_irq               0x1007bf55   Thumb Code    20  hal_nvic.o(.text)
    hal_nvic_set_priority                    0x1007bf69   Thumb Code    44  hal_nvic.o(.text)
    hal_nvic_get_priority                    0x1007bf95   Thumb Code    40  hal_nvic.o(.text)
    hal_nvic_register_isr_handler            0x1007bfbd   Thumb Code    54  hal_nvic.o(.text)
    hal_nvic_save_and_set_interrupt_mask     0x1007bff3   Thumb Code    14  hal_nvic.o(.text)
    hal_nvic_restore_interrupt_mask          0x1007c001   Thumb Code    10  hal_nvic.o(.text)
    uart_send_handler                        0x1007c025   Thumb Code    78  hal_uart.o(.text)
    hal_uart_set_format                      0x1007c073   Thumb Code   126  hal_uart.o(.text)
    hal_uart_init                            0x1007c0f1   Thumb Code   132  hal_uart.o(.text)
    hal_uart_deinit                          0x1007c175   Thumb Code   102  hal_uart.o(.text)
    hal_uart_put_char                        0x1007c1db   Thumb Code    12  hal_uart.o(.text)
    hal_uart_send_polling                    0x1007c1e7   Thumb Code    50  hal_uart.o(.text)
    hal_uart_send_dma                        0x1007c219   Thumb Code   138  hal_uart.o(.text)
    hal_uart_get_char                        0x1007c2a3   Thumb Code    14  hal_uart.o(.text)
    hal_uart_receive_polling                 0x1007c2b1   Thumb Code    50  hal_uart.o(.text)
    hal_uart_receive_dma                     0x1007c2e3   Thumb Code    80  hal_uart.o(.text)
    hal_uart_get_available_send_space        0x1007c333   Thumb Code    30  hal_uart.o(.text)
    hal_uart_get_available_receive_bytes     0x1007c351   Thumb Code    30  hal_uart.o(.text)
    hal_uart_register_callback               0x1007c473   Thumb Code   138  hal_uart.o(.text)
    hal_uart_set_baudrate                    0x1007c4fd   Thumb Code    32  hal_uart.o(.text)
    hal_uart_set_dma                         0x1007c51d   Thumb Code   140  hal_uart.o(.text)
    hal_uart_set_hardware_flowcontrol        0x1007c5a9   Thumb Code    28  hal_uart.o(.text)
    hal_uart_set_software_flowcontrol        0x1007c5c5   Thumb Code    28  hal_uart.o(.text)
    hal_uart_disable_flowcontrol             0x1007c5e1   Thumb Code    28  hal_uart.o(.text)
    hal_uart_set_dma_timeout                 0x1007c5fd   Thumb Code    46  hal_uart.o(.text)
    sleepdrv_register_callback               0x1007c6a1   Thumb Code     2  hal_sleep_driver.o(.text)
    sleep_driver_init                        0x1007c6a3   Thumb Code    40  hal_sleep_driver.o(.text)
    sleepdrv_get_mutex                       0x1007c6cb   Thumb Code    34  hal_sleep_driver.o(.text)
    sleepdrv_release_mutex                   0x1007c6ed   Thumb Code    24  hal_sleep_driver.o(.text)
    sleepdrv_get_handle                      0x1007c705   Thumb Code    70  hal_sleep_driver.o(.text)
    sleepdrv_release_handle                  0x1007c74b   Thumb Code    32  hal_sleep_driver.o(.text)
    sleepdrv_is_handle_valid                 0x1007c76b   Thumb Code    30  hal_sleep_driver.o(.text)
    sleepdrv_release_sleep_lock              0x1007c789   Thumb Code    64  hal_sleep_driver.o(.text)
    sleepdrv_hold_sleep_lock                 0x1007c7c9   Thumb Code    56  hal_sleep_driver.o(.text)
    sleepdrv_get_handle_status               0x1007c801   Thumb Code    20  hal_sleep_driver.o(.text)
    sleepdrv_check_sleep_locks               0x1007c815   Thumb Code    26  hal_sleep_driver.o(.text)
    sleepdrv_get_lock_index                  0x1007c82f   Thumb Code     6  hal_sleep_driver.o(.text)
    sleepdrv_get_lock_module                 0x1007c835   Thumb Code    50  hal_sleep_driver.o(.text)
    sleepdrv_register_suspend_cb             0x1007c867   Thumb Code    48  hal_sleep_driver.o(.text)
    sleepdrv_run_suspend_cbs                 0x1007c897   Thumb Code    52  hal_sleep_driver.o(.text)
    sleepdrv_register_resume_cb              0x1007c8cb   Thumb Code    48  hal_sleep_driver.o(.text)
    sleepdrv_run_resume_cbs                  0x1007c8fb   Thumb Code    52  hal_sleep_driver.o(.text)
    sleepdrv_set_sleep_mode                  0x1007c92f   Thumb Code     6  hal_sleep_driver.o(.text)
    sleepdrv_get_sleep_mode                  0x1007c935   Thumb Code     6  hal_sleep_driver.o(.text)
    hal_sleep_manager_set_sleep_handle       0x1007ca05   Thumb Code    20  hal_sleep_manager.o(.text)
    hal_sleep_manager_lock_sleep             0x1007ca19   Thumb Code    10  hal_sleep_manager.o(.text)
    hal_sleep_manager_unlock_sleep           0x1007ca23   Thumb Code    10  hal_sleep_manager.o(.text)
    hal_sleep_manager_get_lock_status        0x1007ca2d   Thumb Code     4  hal_sleep_manager.o(.text)
    hal_sleep_manager_release_sleep_handle   0x1007ca31   Thumb Code    44  hal_sleep_manager.o(.text)
    hal_sleep_manager_sleep_driver_dump_handle_name 0x1007ca5d   Thumb Code     4  hal_sleep_manager.o(.text)
    hal_sleep_manager_is_sleep_locked        0x1007ca61   Thumb Code     4  hal_sleep_manager.o(.text)
    hal_sleep_manager_is_sleep_handle_alive  0x1007ca65   Thumb Code     4  hal_sleep_manager.o(.text)
    hal_sleep_manager_init                   0x1007ca75   Thumb Code    42  hal_sleep_manager.o(.text)
    hal_sleep_manager_enter_sleep_mode       0x1007ca9f   Thumb Code   240  hal_sleep_manager.o(.text)
    hal_sleep_manager_set_sleep_time         0x1007cb8f   Thumb Code    60  hal_sleep_manager.o(.text)
    log_uart_init                            0x1007cc91   Thumb Code    36  syslog.o(.text)
    log_putchar                              0x1007ccb5   Thumb Code    10  syslog.o(.text)
    print_module_log                         0x1007ccbf   Thumb Code     2  syslog.o(.text)
    dump_module_buffer                       0x1007ccc1   Thumb Code     2  syslog.o(.text)
    vprint_module_log                        0x1007ccc3   Thumb Code     2  syslog.o(.text)
    vdump_module_buffer                      0x1007ccc5   Thumb Code     2  syslog.o(.text)
    rt_system_tick_init                      0x1007cccd   Thumb Code     2  clock.o(.text)
    rt_tick_get                              0x1007cccf   Thumb Code     6  clock.o(.text)
    rt_tick_set                              0x1007ccd5   Thumb Code    20  clock.o(.text)
    rt_tick_increase                         0x1007cce9   Thumb Code    38  clock.o(.text)
    rt_tick_from_millisecond                 0x1007cd0f   Thumb Code    24  clock.o(.text)
    rt_device_find                           0x1007cd2d   Thumb Code    76  device.o(.text)
    rt_device_register                       0x1007cd79   Thumb Code    48  device.o(.text)
    rt_device_unregister                     0x1007cda9   Thumb Code    26  device.o(.text)
    rt_device_init_all                       0x1007cdc3   Thumb Code     4  device.o(.text)
    rt_device_init                           0x1007cdc7   Thumb Code    64  device.o(.text)
    rt_device_open                           0x1007ce07   Thumb Code   132  device.o(.text)
    rt_device_close                          0x1007ce8b   Thumb Code    70  device.o(.text)
    rt_device_read                           0x1007ced1   Thumb Code    74  device.o(.text)
    rt_device_write                          0x1007cf1b   Thumb Code    74  device.o(.text)
    rt_device_control                        0x1007cf65   Thumb Code    44  device.o(.text)
    rt_device_set_rx_indicate                0x1007cf91   Thumb Code    28  device.o(.text)
    rt_device_set_tx_complete                0x1007cfad   Thumb Code    28  device.o(.text)
    rt_thread_idle_sethook                   0x1007d02d   Thumb Code     6  idle.o(.text)
    rt_thread_idle_excute                    0x1007d033   Thumb Code   134  idle.o(.text)
    rt_thread_idle_init                      0x1007d0c7   Thumb Code    40  idle.o(.text)
    rt_thread_idle_gethandler                0x1007d0ef   Thumb Code     6  idle.o(.text)
    rt_sem_init                              0x1007d19b   Thumb Code    50  ipc.o(.text)
    rt_sem_detach                            0x1007d1cd   Thumb Code    36  ipc.o(.text)
    rt_sem_create                            0x1007d1f1   Thumb Code    78  ipc.o(.text)
    rt_sem_delete                            0x1007d23f   Thumb Code    80  ipc.o(.text)
    rt_sem_take                              0x1007d28f   Thumb Code   236  ipc.o(.text)
    rt_sem_trytake                           0x1007d37b   Thumb Code     4  ipc.o(.text)
    rt_sem_release                           0x1007d37f   Thumb Code    62  ipc.o(.text)
    rt_sem_control                           0x1007d3bd   Thumb Code    64  ipc.o(.text)
    rt_mutex_init                            0x1007d3fd   Thumb Code    60  ipc.o(.text)
    rt_mutex_detach                          0x1007d439   Thumb Code    38  ipc.o(.text)
    rt_mutex_create                          0x1007d45f   Thumb Code    86  ipc.o(.text)
    rt_mutex_delete                          0x1007d4b5   Thumb Code    80  ipc.o(.text)
    rt_mutex_take                            0x1007d505   Thumb Code   440  ipc.o(.text)
    rt_mutex_release                         0x1007d6bd   Thumb Code   234  ipc.o(.text)
    rt_mutex_control                         0x1007d7a7   Thumb Code     6  ipc.o(.text)
    rt_event_init                            0x1007d7ad   Thumb Code    50  ipc.o(.text)
    rt_event_detach                          0x1007d7df   Thumb Code    38  ipc.o(.text)
    rt_event_create                          0x1007d805   Thumb Code    80  ipc.o(.text)
    rt_event_delete                          0x1007d855   Thumb Code    84  ipc.o(.text)
    rt_event_send                            0x1007d8a9   Thumb Code   160  ipc.o(.text)
    rt_event_recv                            0x1007d949   Thumb Code   376  ipc.o(.text)
    rt_event_control                         0x1007dac1   Thumb Code    64  ipc.o(.text)
    rt_mb_init                               0x1007db01   Thumb Code    70  ipc.o(.text)
    rt_mb_detach                             0x1007db47   Thumb Code    46  ipc.o(.text)
    rt_mb_create                             0x1007db75   Thumb Code   122  ipc.o(.text)
    rt_mb_delete                             0x1007dbef   Thumb Code    98  ipc.o(.text)
    rt_mb_send_wait                          0x1007dc51   Thumb Code   352  ipc.o(.text)
    rt_mb_send                               0x1007ddb1   Thumb Code     4  ipc.o(.text)
    rt_mb_recv                               0x1007ddb5   Thumb Code   416  ipc.o(.text)
    rt_mb_control                            0x1007df55   Thumb Code    76  ipc.o(.text)
    rt_mq_init                               0x1007dfa1   Thumb Code   114  ipc.o(.text)
    rt_mq_detach                             0x1007e013   Thumb Code    38  ipc.o(.text)
    rt_mq_delete                             0x1007e039   Thumb Code    90  ipc.o(.text)
    rt_mq_create                             0x1007e093   Thumb Code   158  ipc.o(.text)
    rt_mq_send                               0x1007e131   Thumb Code   184  ipc.o(.text)
    rt_mq_urgent                             0x1007e1e9   Thumb Code   178  ipc.o(.text)
    rt_mq_recv                               0x1007e29b   Thumb Code   468  ipc.o(.text)
    rt_mq_control                            0x1007e46f   Thumb Code    92  ipc.o(.text)
    rt_interrupt_enter_sethook               0x1007e519   Thumb Code     6  irq.o(.text)
    rt_interrupt_leave_sethook               0x1007e51f   Thumb Code     6  irq.o(.text)
    rt_interrupt_enter                       0x1007e525   Thumb Code    32  irq.o(.text)
    rt_interrupt_leave                       0x1007e545   Thumb Code    32  irq.o(.text)
    rt_interrupt_get_nest                    0x1007e565   Thumb Code     6  irq.o(.text)
    rt_get_errno                             0x1007e571   Thumb Code    24  kservice.o(.text)
    rt_set_errno                             0x1007e589   Thumb Code    26  kservice.o(.text)
    _rt_errno                                0x1007e5a3   Thumb Code    24  kservice.o(.text)
    rt_memset                                0x1007e5bb   Thumb Code    68  kservice.o(.text)
    rt_memcpy                                0x1007e5ff   Thumb Code    76  kservice.o(.text)
    rt_memmove                               0x1007e64b   Thumb Code    48  kservice.o(.text)
    rt_memcmp                                0x1007e67b   Thumb Code    28  kservice.o(.text)
    rt_strlen                                0x1007e697   Thumb Code    16  kservice.o(.text)
    rt_strstr                                0x1007e6a7   Thumb Code    54  kservice.o(.text)
    rt_strcasecmp                            0x1007e6dd   Thumb Code    44  kservice.o(.text)
    rt_strncpy                               0x1007e709   Thumb Code    38  kservice.o(.text)
    rt_strncmp                               0x1007e72f   Thumb Code    32  kservice.o(.text)
    rt_strcmp                                0x1007e74f   Thumb Code    24  kservice.o(.text)
    rt_strnlen                               0x1007e767   Thumb Code    20  kservice.o(.text)
    rt_strdup                                0x1007e77b   Thumb Code    36  kservice.o(.text)
    rt_vsnprintf                             0x1007e8c7   Thumb Code   618  kservice.o(.text)
    rt_kprintf                               0x1007eb31   Thumb Code    64  kservice.o(.text)
    rt_show_version                          0x1007eb71   Thumb Code    38  kservice.o(.text)
    rt_snprintf                              0x1007eb97   Thumb Code    18  kservice.o(.text)
    rt_vsprintf                              0x1007eba9   Thumb Code    10  kservice.o(.text)
    rt_sprintf                               0x1007ebb3   Thumb Code    14  kservice.o(.text)
    rt_console_get_device                    0x1007ebc1   Thumb Code     6  kservice.o(.text)
    rt_console_set_device                    0x1007ebc7   Thumb Code    36  kservice.o(.text)
    rt_kputs                                 0x1007ebeb   Thumb Code    50  kservice.o(.text)
    rt_malloc_align                          0x1007ec1d   Thumb Code    50  kservice.o(.text)
    rt_free_align                            0x1007ec4f   Thumb Code     8  kservice.o(.text)
    __rt_ffs                                 0x1007ec57   Thumb Code    64  kservice.o(.text)
    rt_assert_set_hook                       0x1007ec97   Thumb Code     6  kservice.o(.text)
    rt_assert_handler                        0x1007ec9d   Thumb Code    46  kservice.o(.text)
    rt_malloc_sethook                        0x1007edc9   Thumb Code     6  mem.o(.text)
    rt_free_sethook                          0x1007edcf   Thumb Code     6  mem.o(.text)
    rt_system_heap_init                      0x1007ee57   Thumb Code   144  mem.o(.text)
    rt_malloc                                0x1007eee7   Thumb Code   368  mem.o(.text)
    rt_free                                  0x1007f057   Thumb Code   216  mem.o(.text)
    rt_realloc                               0x1007f12f   Thumb Code   630  mem.o(.text)
    rt_calloc                                0x1007f3a5   Thumb Code    72  mem.o(.text)
    rt_memory_info                           0x1007f3ed   Thumb Code    26  mem.o(.text)
    rt_object_attach_sethook                 0x1007f415   Thumb Code     6  object.o(.text)
    rt_object_detach_sethook                 0x1007f41b   Thumb Code     6  object.o(.text)
    rt_object_trytake_sethook                0x1007f421   Thumb Code     6  object.o(.text)
    rt_object_take_sethook                   0x1007f427   Thumb Code     6  object.o(.text)
    rt_object_put_sethook                    0x1007f42d   Thumb Code     6  object.o(.text)
    rt_system_object_init                    0x1007f433   Thumb Code     2  object.o(.text)
    rt_object_get_information                0x1007f435   Thumb Code    10  object.o(.text)
    rt_object_init                           0x1007f43f   Thumb Code    66  object.o(.text)
    rt_object_detach                         0x1007f481   Thumb Code    50  object.o(.text)
    rt_object_allocate                       0x1007f4b3   Thumb Code   126  object.o(.text)
    rt_object_delete                         0x1007f531   Thumb Code    80  object.o(.text)
    rt_object_is_systemobject                0x1007f581   Thumb Code    34  object.o(.text)
    rt_object_find                           0x1007f5a3   Thumb Code   114  object.o(.text)
    rt_scheduler_sethook                     0x1007f6a5   Thumb Code     6  scheduler.o(.text)
    rt_system_scheduler_init                 0x1007f6ab   Thumb Code    46  scheduler.o(.text)
    rt_system_scheduler_start                0x1007f6d9   Thumb Code    32  scheduler.o(.text)
    rt_schedule                              0x1007f6f9   Thumb Code    94  scheduler.o(.text)
    rt_schedule_insert_thread                0x1007f757   Thumb Code    76  scheduler.o(.text)
    rt_schedule_remove_thread                0x1007f7a3   Thumb Code    80  scheduler.o(.text)
    rt_enter_critical                        0x1007f7f3   Thumb Code    22  scheduler.o(.text)
    rt_exit_critical                         0x1007f809   Thumb Code    42  scheduler.o(.text)
    rt_critical_level                        0x1007f833   Thumb Code     8  scheduler.o(.text)
    rt_thread_suspend_sethook                0x1007f915   Thumb Code     6  thread.o(.text)
    rt_thread_resume_sethook                 0x1007f91b   Thumb Code     6  thread.o(.text)
    rt_thread_inited_sethook                 0x1007f921   Thumb Code     6  thread.o(.text)
    rt_thread_exit                           0x1007f927   Thumb Code    78  thread.o(.text)
    rt_thread_timeout                        0x1007f975   Thumb Code    66  thread.o(.text)
    rt_thread_init                           0x1007fa43   Thumb Code    84  thread.o(.text)
    rt_thread_self                           0x1007fa97   Thumb Code     6  thread.o(.text)
    rt_thread_resume                         0x1007fa9d   Thumb Code    82  thread.o(.text)
    rt_thread_startup                        0x1007faef   Thumb Code    80  thread.o(.text)
    rt_thread_detach                         0x1007fb3f   Thumb Code    82  thread.o(.text)
    rt_thread_create                         0x1007fb91   Thumb Code    72  thread.o(.text)
    rt_thread_delete                         0x1007fbd9   Thumb Code    72  thread.o(.text)
    rt_thread_yield                          0x1007fc21   Thumb Code    82  thread.o(.text)
    rt_thread_suspend                        0x1007fc73   Thumb Code    80  thread.o(.text)
    rt_thread_sleep                          0x1007fcc3   Thumb Code   246  thread.o(.text)
    rt_thread_delay                          0x1007fdb9   Thumb Code     2  thread.o(.text)
    rt_thread_control                        0x1007fdbb   Thumb Code   114  thread.o(.text)
    rt_thread_find                           0x1007fe2d   Thumb Code    70  thread.o(.text)
    rt_timer_timeout_sethook                 0x1007fea1   Thumb Code     6  src_timer.o(.text)
    rt_timer_init                            0x1007fea7   Thumb Code    56  src_timer.o(.text)
    rt_timer_detach                          0x1007fedf   Thumb Code    46  src_timer.o(.text)
    rt_timer_create                          0x1007ff0d   Thumb Code    44  src_timer.o(.text)
    rt_timer_delete                          0x1007ff39   Thumb Code    48  src_timer.o(.text)
    rt_timer_start                           0x1007ff69   Thumb Code   184  src_timer.o(.text)
    rt_timer_stop                            0x10080021   Thumb Code    72  src_timer.o(.text)
    rt_timer_control                         0x10080069   Thumb Code    72  src_timer.o(.text)
    rt_timer_check                           0x100800b1   Thumb Code   110  src_timer.o(.text)
    rt_timer_next_timeout_tick               0x1008011f   Thumb Code    20  src_timer.o(.text)
    rt_system_timer_init                     0x10080133   Thumb Code    10  src_timer.o(.text)
    rt_system_timer_thread_init              0x1008013d   Thumb Code     2  src_timer.o(.text)
    rt_hw_stack_init                         0x100801c5   Thumb Code    54  cpuport.o(.text)
    rt_hw_exception_install                  0x100801fb   Thumb Code     6  cpuport.o(.text)
    rt_hw_hard_fault_exception               0x10080201   Thumb Code    98  cpuport.o(.text)
    rt_hw_cpu_shutdown                       0x10080263   Thumb Code    22  cpuport.o(.text)
    rt_hw_interrupt_disable                  0x10080335   Thumb Code     8  context_rvds.o(.text)
    rt_hw_interrupt_enable                   0x1008033d   Thumb Code     6  context_rvds.o(.text)
    rt_hw_context_switch                     0x10080343   Thumb Code    32  context_rvds.o(.text)
    rt_hw_context_switch_interrupt           0x10080343   Thumb Code     0  context_rvds.o(.text)
    PendSV_Handler                           0x10080363   Thumb Code   108  context_rvds.o(.text)
    rt_hw_context_switch_to                  0x100803cf   Thumb Code    68  context_rvds.o(.text)
    rt_hw_interrupt_thread_switch            0x10080413   Thumb Code     2  context_rvds.o(.text)
    HardFault_Handler                        0x10080415   Thumb Code    20  context_rvds.o(.text)
    rand                                     0x10080441   Thumb Code    20  rand.o(.text)
    srand                                    0x10080455   Thumb Code     6  rand.o(.text)
    __aeabi_memcpy                           0x10080465   Thumb Code    36  memcpya.o(.text)
    __aeabi_memcpy4                          0x10080465   Thumb Code     0  memcpya.o(.text)
    __aeabi_memcpy8                          0x10080465   Thumb Code     0  memcpya.o(.text)
    __aeabi_memset                           0x10080489   Thumb Code    14  memseta.o(.text)
    __aeabi_memset4                          0x10080489   Thumb Code     0  memseta.o(.text)
    __aeabi_memset8                          0x10080489   Thumb Code     0  memseta.o(.text)
    __aeabi_memclr                           0x10080497   Thumb Code     4  memseta.o(.text)
    __aeabi_memclr4                          0x10080497   Thumb Code     0  memseta.o(.text)
    __aeabi_memclr8                          0x10080497   Thumb Code     0  memseta.o(.text)
    _memset$wrapper                          0x1008049b   Thumb Code    18  memseta.o(.text)
    strlen                                   0x100804ad   Thumb Code    14  strlen.o(.text)
    __aeabi_uldivmod                         0x100804bb   Thumb Code    98  uldiv.o(.text)
    __scatterload                            0x1008051d   Thumb Code    28  init.o(.text)
    __scatterload_rt2                        0x1008051d   Thumb Code     0  init.o(.text)
    __aeabi_llsl                             0x10080541   Thumb Code    30  llshl.o(.text)
    _ll_shift_l                              0x10080541   Thumb Code     0  llshl.o(.text)
    __aeabi_llsr                             0x1008055f   Thumb Code    32  llushr.o(.text)
    _ll_ushift_r                             0x1008055f   Thumb Code     0  llushr.o(.text)
    __decompress                             0x1008057f   Thumb Code     0  __dczerorl2.o(.text)
    __decompress1                            0x1008057f   Thumb Code    86  __dczerorl2.o(.text)
    Long Thumb to Thumb Veneer to cmnSerialFlashClkConfTo64M 0x100805d5   Thumb Code    10  anon$$obj.o(Veneer$$Code)
    Long Thumb to Thumb Veneer to save_and_set_interrupt_mask 0x100805df   Thumb Code    10  anon$$obj.o(Veneer$$Code)
    Long Thumb to Thumb Veneer to restore_interrupt_mask 0x100805e9   Thumb Code    10  anon$$obj.o(Veneer$$Code)
    Long Thumb to Thumb Veneer to flash_write 0x100805f3   Thumb Code    10  anon$$obj.o(Veneer$$Code)
    Long Thumb to Thumb Veneer to flash_sfc_config 0x100805fd   Thumb Code    10  anon$$obj.o(Veneer$$Code)
    Long Thumb to Thumb Veneer to flash_sfc_erase 0x10080607   Thumb Code    10  anon$$obj.o(Veneer$$Code)
    Long Thumb to Thumb Veneer to cmnSerialFlashClkConfToXtal 0x10080611   Thumb Code    10  anon$$obj.o(Veneer$$Code)
    Long Thumb to Thumb Veneer to flash_switch_mode 0x1008061b   Thumb Code    10  anon$$obj.o(Veneer$$Code)
    __0printf$8                              0x10080625   Thumb Code    22  printf8.o(i.__0printf$8)
    __1printf$8                              0x10080625   Thumb Code     0  printf8.o(i.__0printf$8)
    __2printf                                0x10080625   Thumb Code     0  printf8.o(i.__0printf$8)
    __scatterload_copy                       0x10080645   Thumb Code    14  handlers.o(i.__scatterload_copy)
    __scatterload_null                       0x10080653   Thumb Code     2  handlers.o(i.__scatterload_null)
    __scatterload_zeroinit                   0x10080655   Thumb Code    14  handlers.o(i.__scatterload_zeroinit)
    cmdlist_switchspi_default                0x10080b48   Data           4  bsp_flash_config.o(.constdata)
    cmdlist_switchspiq_default               0x10080b4c   Data           9  bsp_flash_config.o(.constdata)
    cmdlist_switchspi_winbond                0x10080b74   Data           4  spi_flash.o(.constdata)
    cmdlist_flash_reset_spimode              0x10080b78   Data           7  spi_flash.o(.constdata)
    cmdlist_flash_reset_qpimode              0x10080b7f   Data           7  spi_flash.o(.constdata)
    cmdlist_switchspiq_mxic                  0x10080b86   Data           8  spi_flash.o(.constdata)
    cmdlist_switchspi_mxic                   0x10080b8e   Data           8  spi_flash.o(.constdata)
    cmdlist_switchspi_gd25q32c               0x10080b96   Data           8  spi_flash.o(.constdata)
    cmdlist_switchspiq_gd25q32c              0x10080b9e   Data           8  spi_flash.o(.constdata)
    cmdlist_switchqpi_gd25q32c               0x10080ba6   Data           8  spi_flash.o(.constdata)
    cmdlist_switchspi_micron                 0x10080bae   Data           8  spi_flash.o(.constdata)
    cmdlist_switchspiq_micron                0x10080bb6   Data           8  spi_flash.o(.constdata)
    cmdlist_switchqpi_winbond                0x10080bbe   Data          12  spi_flash.o(.constdata)
    cmdlist_switchspiq_winbond               0x10080bca   Data           9  spi_flash.o(.constdata)
    cmdlist_switchspiq_gd                    0x10080bd3   Data           9  spi_flash.o(.constdata)
    cmdlist_switchspi_gd                     0x10080bdc   Data           9  spi_flash.o(.constdata)
    g_uart_sleep_handler_name                0x10080d5c   Data           8  uart.o(.constdata)
    g_uart_port_to_irq_num                   0x10080d64   Data           2  uart.o(.constdata)
    __lowest_bit_bitmap                      0x100811ea   Data         256  kservice.o(.constdata)
    Region$$Table$$Base                      0x100816b4   Number         0  anon$$obj.o(Region$$Table)
    Region$$Table$$Limit                     0x10081704   Number         0  anon$$obj.o(Region$$Table)
    __isr_vector                             0x20000000   Data           4  startup_mt7687.o(.isr_vector)
    SystemCoreClock                          0x200001c0   Data           4  system_mt7687.o(.data)
    __Vectors_End                            0x200001c0   Data           0  startup_mt7687.o(.isr_vector)
    DMA_LISR_FUNC                            0x200001cc   Data          44  dma.o(.data)
    DMA_VFIFO_LISR_FUNC                      0x200001f8   Data          56  dma.o(.data)
    DMA_VFIFO_TO_LISR_FUNC                   0x20000230   Data          56  dma.o(.data)
    sf_drvier_status                         0x20000268   Data           1  flash_sfc.o(.data)
    NOR_FLASH_BUSY                           0x20000269   Data           1  flash_sfc.o(.data)
    NOR_FLASH_SUSPENDED                      0x2000026a   Data           1  flash_sfc.o(.data)
    gucFlashSFCMode                          0x20000270   Data           4  flash_sfc.o(.data)
    XpllInfo                                 0x20000274   Data           4  hal_i2s_internal.o(.data)
    ptr_lp_connsys_get_own_enable_int        0x2000027c   Data           4  hal_lp.o(.data)
    ptr_lp_connsys_give_n9_own               0x20000280   Data           4  hal_lp.o(.data)
    ptr_connsys_get_ownership                0x20000284   Data           4  hal_lp.o(.data)
    g_sfc_security_enable                    0x20000288   Data           4  sfc.o(.data)
    support_flash_id                         0x2000028c   Data           2  spi_flash.o(.data)
    gSFC_max_data_size                       0x20000290   Data           4  spi_flash.o(.data)
    cmdlist_suspend_winbond                  0x20000294   Data           4  spi_flash.o(.data)
    cmdlist_resume_winbond                   0x20000298   Data           4  spi_flash.o(.data)
    spi_chip_info                            0x2000029c   Data           4  spi_flash.o(.data)
    gd_write_sr2_1                           0x200002a0   Data           4  spi_flash.o(.data)
    gUartClkFreq                             0x200002ac   Data           4  uart.o(.data)
    g_cache_status                           0x200002b0   Data           1  hal_cache.o(.data)
    g_cache_con                              0x200002b4   Data           4  hal_cache_internal.o(.data)
    g_cache_region_en                        0x200002b8   Data           4  hal_cache_internal.o(.data)
    suspend_cb_idx                           0x200002c4   Data           1  hal_sleep_driver.o(.data)
    resume_cb_idx                            0x200002c5   Data           1  hal_sleep_driver.o(.data)
    wakeup_gpt_port                          0x200002cc   Data           1  hal_sleep_manager.o(.data)
    ptr_tickless_cb                          0x200002d0   Data           4  hal_sleep_manager.o(.data)
    rt_interrupt_nest                        0x200002e4   Data           1  irq.o(.data)
    rt_assert_hook                           0x200002f8   Data           4  kservice.o(.data)
    rt_object_trytake_hook                   0x20000324   Data           4  object.o(.data)
    rt_object_take_hook                      0x20000328   Data           4  object.o(.data)
    rt_object_put_hook                       0x2000032c   Data           4  object.o(.data)
    rt_object_container                      0x20000330   Data         144  object.o(.data)
    rt_current_priority                      0x200003c0   Data           1  scheduler.o(.data)
    rt_current_thread                        0x200003c4   Data           4  scheduler.o(.data)
    rt_thread_ready_priority_group           0x200003c8   Data           4  scheduler.o(.data)
    rt_thread_defunct                        0x200003d0   Data           8  scheduler.o(.data)
    rt_interrupt_from_thread                 0x200003f8   Data           4  cpuport.o(.data)
    rt_interrupt_to_thread                   0x200003fc   Data           4  cpuport.o(.data)
    rt_thread_switch_interrupt_flag          0x20000400   Data           4  cpuport.o(.data)
    __stdout                                 0x20000408   Data           4  stdout.o(.data)
    DMA_Owner                                0x20000417   Data          11  dma.o(.bss)
    g_cache_entry                            0x20000430   Data         128  hal_cache_internal.o(.bss)
    nvic_function_table                      0x2000058c   Data         768  hal_nvic.o(.bss)
    sleepdrv                                 0x200008ec   Data          12  hal_sleep_driver.o(.bss)
    sleep_driver_handle_array                0x200008f8   Data         128  hal_sleep_driver.o(.bss)
    sleep_driver_handle_ref_count            0x20000978   Data         128  hal_sleep_driver.o(.bss)
    suspend_cbs                              0x200009f8   Data         384  hal_sleep_driver.o(.bss)
    resume_cbs                               0x20000b78   Data         384  hal_sleep_driver.o(.bss)
    rt_thread_priority_table                 0x20000f18   Data         256  scheduler.o(.bss)
    Image$$DATA$$ZI$$Limit                   0x20001018   Number         0  anon$$obj.o ABSOLUTE
    __initial_sp                             0x2003fc00   Data           0  startup_mt7687.o(STACK)



==============================================================================

Memory Map of the image

  Image Entry point : 0x10079045

  Load Region ROM (Base: 0x10079000, Size: 0x00009eb4, Max: 0x001ed000, ABSOLUTE, COMPRESSED[0x00009ce4])

    Execution Region TCM (Base: 0x00100000, Size: 0x000013a4, Max: 0xffffffff, ABSOLUTE)

    Base Addr    Size         Type   Attr      Idx    E Section Name        Object

    0x00100000   0x00000288   Code   RO          509    .ramTEXT            flash_sfc.o
    0x00100288   0x0000000e   Code   RO         1189    .ramTEXT            nvic.o
    0x00100296   0x00000002   PAD
    0x00100298   0x00000378   Code   RO         1275    .ramTEXT            sfc.o
    0x00100610   0x00000c2c   Code   RO         1313    .ramTEXT            spi_flash.o
    0x0010123c   0x00000058   Code   RO         1403    .ramTEXT            top.o
    0x00101294   0x00000070   Code   RO         2041    .ramTEXT            hal_nvic.o
    0x00101304   0x0000000a   Ven    RO         3244    Veneer$$Code        anon$$obj.o
    0x0010130e   0x0000000a   Ven    RO         3245    Veneer$$Code        anon$$obj.o
    0x00101318   0x0000000a   Ven    RO         3246    Veneer$$Code        anon$$obj.o
    0x00101322   0x0000000a   Ven    RO         3247    Veneer$$Code        anon$$obj.o
    0x0010132c   0x0000000a   Ven    RO         3248    Veneer$$Code        anon$$obj.o
    0x00101336   0x0000000a   Ven    RO         3249    Veneer$$Code        anon$$obj.o
    0x00101340   0x0000000a   Ven    RO         3250    Veneer$$Code        anon$$obj.o
    0x0010134a   0x0000000a   Ven    RO         3251    Veneer$$Code        anon$$obj.o
    0x00101354   0x0000000a   Ven    RO         3252    Veneer$$Code        anon$$obj.o
    0x0010135e   0x0000000a   Ven    RO         3253    Veneer$$Code        anon$$obj.o
    0x00101368   0x0000000a   Ven    RO         3254    Veneer$$Code        anon$$obj.o
    0x00101372   0x0000000a   Ven    RO         3255    Veneer$$Code        anon$$obj.o
    0x0010137c   0x0000000a   Ven    RO         3256    Veneer$$Code        anon$$obj.o
    0x00101386   0x0000000a   Ven    RO         3257    Veneer$$Code        anon$$obj.o
    0x00101390   0x0000000a   Ven    RO         3258    Veneer$$Code        anon$$obj.o
    0x0010139a   0x0000000a   Ven    RO         3259    Veneer$$Code        anon$$obj.o


    Execution Region TEXT (Base: 0x10079000, Size: 0x00008704, Max: 0xffffffff, ABSOLUTE)

    Base Addr    Size         Type   Attr      Idx    E Section Name        Object

    0x10079000   0x00000044   Code   RO         2435    .reset_handler      startup_mt7687.o
    0x10079044   0x00000000   Code   RO         2909  * .ARM.Collect$$$$00000000  mc_w.l(entry.o)
    0x10079044   0x00000004   Code   RO         3186    .ARM.Collect$$$$00000001  mc_w.l(entry2.o)
    0x10079048   0x00000004   Code   RO         3189    .ARM.Collect$$$$00000004  mc_w.l(entry5.o)
    0x1007904c   0x00000000   Code   RO         3191    .ARM.Collect$$$$00000008  mc_w.l(entry7b.o)
    0x1007904c   0x00000000   Code   RO         3193    .ARM.Collect$$$$0000000A  mc_w.l(entry8b.o)
    0x1007904c   0x00000008   Code   RO         3194    .ARM.Collect$$$$0000000B  mc_w.l(entry9a.o)
    0x10079054   0x00000000   Code   RO         3196    .ARM.Collect$$$$0000000D  mc_w.l(entry10a.o)
    0x10079054   0x00000000   Code   RO         3198    .ARM.Collect$$$$0000000F  mc_w.l(entry11a.o)
    0x10079054   0x00000004   Code   RO         3187    .ARM.Collect$$$$00002712  mc_w.l(entry2.o)
    0x10079058   0x00000074   Code   RO            4    .text               application.o
    0x100790cc   0x000000c8   Code   RO           90    .text               startup.o
    0x10079194   0x0000005c   Code   RO          118    .text               board.o
    0x100791f0   0x00000098   Code   RO          149    .text               system_mt7687.o
    0x10079288   0x000000ac   Code   RO          204    .text               sys_init.o
    0x10079334   0x000001dc   Code   RO          353    .text               bsp_gpio_ept_config.o
    0x10079510   0x0000001c   Code   RO          385    .text               bsp_flash_config.o
    0x1007952c   0x00000824   Code   RO          451    .text               dma.o
    0x10079d50   0x000000b0   Code   RO          510    .text               flash_sfc.o
    0x10079e00   0x00000230   Code   RO          561    .text               gpt.o
    0x1007a030   0x0000071c   Code   RO          696    .text               hal_i2s_internal.o
    0x1007a74c   0x00000278   Code   RO          760    .text               hal_lp.o
    0x1007a9c4   0x00000054   Code   RO          905    .text               hal_trng.o
    0x1007aa18   0x000000dc   Code   RO         1378    .text               timer.o
    0x1007aaf4   0x0000028c   Code   RO         1404    .text               top.o
    0x1007ad80   0x000003b8   Code   RO         1439    .text               uart.o
    0x1007b138   0x0000035c   Code   RO         1567    .text               hal_cache.o
    0x1007b494   0x00000038   Code   RO         1720    .text               hal_flash.o
    0x1007b4cc   0x00000380   Code   RO         1801    .text               hal_gpt.o
    0x1007b84c   0x00000640   Code   RO         1860    .text               hal_i2s.o
    0x1007be8c   0x0000000a   Code   RO         1916    .text               hal_log.o
    0x1007be96   0x00000002   PAD
    0x1007be98   0x00000028   Code   RO         1978    .text               hal_misc.o
    0x1007bec0   0x00000164   Code   RO         2042    .text               hal_nvic.o
    0x1007c024   0x0000067c   Code   RO         2250    .text               hal_uart.o
    0x1007c6a0   0x00000364   Code   RO         2344    .text               hal_sleep_driver.o
    0x1007ca04   0x0000028c   Code   RO         2374    .text               hal_sleep_manager.o
    0x1007cc90   0x0000003c   Code   RO         2407    .text               syslog.o
    0x1007cccc   0x00000060   Code   RO         2439    .text               clock.o
    0x1007cd2c   0x00000300   Code   RO         2453    .text               device.o
    0x1007d02c   0x0000011c   Code   RO         2467    .text               idle.o
    0x1007d148   0x000013d0   Code   RO         2487    .text               ipc.o
    0x1007e518   0x00000058   Code   RO         2504    .text               irq.o
    0x1007e570   0x00000858   Code   RO         2519    .text               kservice.o
    0x1007edc8   0x0000064c   Code   RO         2540    .text               mem.o
    0x1007f414   0x00000290   Code   RO         2575    .text               object.o
    0x1007f6a4   0x00000270   Code   RO         2594    .text               scheduler.o
    0x1007f914   0x0000058c   Code   RO         2615    .text               thread.o
    0x1007fea0   0x00000324   Code   RO         2634    .text               src_timer.o
    0x100801c4   0x00000170   Code   RO         2653    .text               cpuport.o
    0x10080334   0x0000010c   Code   RO         2672    .text               context_rvds.o
    0x10080440   0x00000024   Code   RO         2912    .text               mc_w.l(rand.o)
    0x10080464   0x00000024   Code   RO         2917    .text               mc_w.l(memcpya.o)
    0x10080488   0x00000024   Code   RO         2919    .text               mc_w.l(memseta.o)
    0x100804ac   0x0000000e   Code   RO         2921    .text               mc_w.l(strlen.o)
    0x100804ba   0x00000062   Code   RO         3203    .text               mc_w.l(uldiv.o)
    0x1008051c   0x00000024   Code   RO         3216    .text               mc_w.l(init.o)
    0x10080540   0x0000001e   Code   RO         3218    .text               mc_w.l(llshl.o)
    0x1008055e   0x00000020   Code   RO         3220    .text               mc_w.l(llushr.o)
    0x1008057e   0x00000056   Code   RO         3234    .text               mc_w.l(__dczerorl2.o)
    0x100805d4   0x0000000a   Ven    RO         3236    Veneer$$Code        anon$$obj.o
    0x100805de   0x0000000a   Ven    RO         3237    Veneer$$Code        anon$$obj.o
    0x100805e8   0x0000000a   Ven    RO         3238    Veneer$$Code        anon$$obj.o
    0x100805f2   0x0000000a   Ven    RO         3239    Veneer$$Code        anon$$obj.o
    0x100805fc   0x0000000a   Ven    RO         3240    Veneer$$Code        anon$$obj.o
    0x10080606   0x0000000a   Ven    RO         3241    Veneer$$Code        anon$$obj.o
    0x10080610   0x0000000a   Ven    RO         3242    Veneer$$Code        anon$$obj.o
    0x1008061a   0x0000000a   Ven    RO         3243    Veneer$$Code        anon$$obj.o
    0x10080624   0x00000020   Code   RO         3132    i.__0printf$8       mc_w.l(printf8.o)
    0x10080644   0x0000000e   Code   RO         3228    i.__scatterload_copy  mc_w.l(handlers.o)
    0x10080652   0x00000002   Code   RO         3229    i.__scatterload_null  mc_w.l(handlers.o)
    0x10080654   0x0000000e   Code   RO         3230    i.__scatterload_zeroinit  mc_w.l(handlers.o)
    0x10080662   0x00000002   PAD
    0x10080664   0x00000410   Code   RO         3139    i._printf_core      mc_w.l(printf8.o)
    0x10080a74   0x00000024   Code   RO         3140    i._printf_post_padding  mc_w.l(printf8.o)
    0x10080a98   0x0000002e   Code   RO         3141    i._printf_pre_padding  mc_w.l(printf8.o)
    0x10080ac6   0x00000015   Data   RO            5    .constdata          application.o
    0x10080adb   0x00000001   PAD
    0x10080adc   0x00000008   Data   RO          205    .constdata          sys_init.o
    0x10080ae4   0x00000064   Data   RO          354    .constdata          bsp_gpio_ept_config.o
    0x10080b48   0x0000000d   Data   RO          387    .constdata          bsp_flash_config.o
    0x10080b55   0x0000001c   Data   RO          453    .constdata          dma.o
    0x10080b71   0x00000003   PAD
    0x10080b74   0x000001e6   Data   RO         1314    .constdata          spi_flash.o
    0x10080d5a   0x00000002   PAD
    0x10080d5c   0x00000008   Data   RO         1440    .constdata          uart.o
    0x10080d64   0x00000002   Data   RO         1441    .constdata          uart.o
    0x10080d66   0x00000002   PAD
    0x10080d68   0x0000002e   Data   RO         1442    .constdata          uart.o
    0x10080d96   0x00000096   Data   RO         1803    .constdata          hal_gpt.o
    0x10080e2c   0x0000008b   Data   RO         1862    .constdata          hal_i2s.o
    0x10080eb7   0x0000000a   Data   RO         2044    .constdata          hal_nvic.o
    0x10080ec1   0x00000003   PAD
    0x10080ec4   0x00000056   Data   RO         2252    .constdata          hal_uart.o
    0x10080f1a   0x00000014   Data   RO         2346    .constdata          hal_sleep_driver.o
    0x10080f2e   0x00000027   Data   RO         2375    .constdata          hal_sleep_manager.o
    0x10080f55   0x000000a8   Data   RO         2454    .constdata          device.o
    0x10080ffd   0x00000016   Data   RO         2469    .constdata          idle.o
    0x10081013   0x000001d7   Data   RO         2488    .constdata          ipc.o
    0x100811ea   0x00000122   Data   RO         2521    .constdata          kservice.o
    0x1008130c   0x00000046   Data   RO         2542    .constdata          mem.o
    0x10081352   0x0000005e   Data   RO         2576    .constdata          object.o
    0x100813b0   0x0000004e   Data   RO         2596    .constdata          scheduler.o
    0x100813fe   0x000000aa   Data   RO         2616    .constdata          thread.o
    0x100814a8   0x0000005c   Data   RO         2635    .constdata          src_timer.o
    0x10081504   0x00000013   Data   RO         2654    .constdata          cpuport.o
    0x10081517   0x00000001   PAD
    0x10081518   0x00000099   Data   RO         1318    .conststring        spi_flash.o
    0x100815b1   0x00000003   PAD
    0x100815b4   0x0000000e   Data   RO         1443    .conststring        uart.o
    0x100815c2   0x00000002   PAD
    0x100815c4   0x000000ed   Data   RO         2543    .conststring        mem.o
    0x100816b1   0x00000003   PAD
    0x100816b4   0x00000050   Data   RO         3226    Region$$Table       anon$$obj.o


    Execution Region DATA (Base: 0x20000000, Size: 0x00001018, Max: 0xffffffff, ABSOLUTE, COMPRESSED[0x0000007c])

    Base Addr    Size         Type   Attr      Idx    E Section Name        Object

    0x20000000   0x000001c0   Data   RO         2434    .isr_vector         startup_mt7687.o
    0x200001c0   0x00000008   Data   RW          150    .data               system_mt7687.o
    0x200001c8   0x000000a0   Data   RW          454    .data               dma.o
    0x20000268   0x0000000c   Data   RW          511    .data               flash_sfc.o
    0x20000274   0x00000004   Data   RW          697    .data               hal_i2s_internal.o
    0x20000278   0x00000010   Data   RW          761    .data               hal_lp.o
    0x20000288   0x00000004   Data   RW         1276    .data               sfc.o
    0x2000028c   0x00000018   Data   RW         1319    .data               spi_flash.o
    0x200002a4   0x00000008   Data   RW         1405    .data               top.o
    0x200002ac   0x00000004   Data   RW         1444    .data               uart.o
    0x200002b0   0x00000001   Data   RW         1568    .data               hal_cache.o
    0x200002b1   0x00000003   PAD
    0x200002b4   0x00000004   Data   RW         1599    .data               hal_cache_internal.o
    0x200002b8   0x00000004   Data   RW         1600    .data               hal_cache_internal.o
    0x200002bc   0x00000001   Data   RW         1863    .data               hal_i2s.o
    0x200002bd   0x00000006   Data   RW         2253    .data               hal_uart.o
    0x200002c3   0x00000001   PAD
    0x200002c4   0x00000008   Data   RW         2347    .data               hal_sleep_driver.o
    0x200002cc   0x0000000c   Data   RW         2376    .data               hal_sleep_manager.o
    0x200002d8   0x00000001   Data   RW         2410    .data               syslog.o
    0x200002d9   0x00000003   PAD
    0x200002dc   0x00000004   Data   RW         2440    .data               clock.o
    0x200002e0   0x00000004   Data   RW         2470    .data               idle.o
    0x200002e4   0x0000000c   Data   RW         2505    .data               irq.o
    0x200002f0   0x0000000c   Data   RW         2522    .data               kservice.o
    0x200002fc   0x00000020   Data   RW         2544    .data               mem.o
    0x2000031c   0x000000a4   Data   RW         2577    .data               object.o
    0x200003c0   0x00000018   Data   RW         2597    .data               scheduler.o
    0x200003d8   0x0000000c   Data   RW         2617    .data               thread.o
    0x200003e4   0x00000010   Data   RW         2636    .data               src_timer.o
    0x200003f4   0x00000004   Data   RW         2655    .data               cpuport.o
    0x200003f8   0x00000004   Data   RW         2656    .data               cpuport.o
    0x200003fc   0x00000004   Data   RW         2657    .data               cpuport.o
    0x20000400   0x00000004   Data   RW         2658    .data               cpuport.o
    0x20000404   0x00000004   Data   RW         2913    .data               mc_w.l(rand.o)
    0x20000408   0x00000004   Data   RW         3200    .data               mc_w.l(stdout.o)
    0x2000040c   0x00000016   Zero   RW          452    .bss                dma.o
    0x20000422   0x00000002   PAD
    0x20000424   0x0000000c   Zero   RW          562    .bss                gpt.o
    0x20000430   0x00000080   Zero   RW         1598    .bss                hal_cache_internal.o
    0x200004b0   0x00000050   Zero   RW         1802    .bss                hal_gpt.o
    0x20000500   0x0000008c   Zero   RW         1861    .bss                hal_i2s.o
    0x2000058c   0x00000300   Zero   RW         2043    .bss                hal_nvic.o
    0x2000088c   0x00000060   Zero   RW         2251    .bss                hal_uart.o
    0x200008ec   0x0000040c   Zero   RW         2345    .bss                hal_sleep_driver.o
    0x20000cf8   0x00000180   Zero   RW         2468    .bss                idle.o
    0x20000e78   0x00000080   Zero   RW         2520    .bss                kservice.o
    0x20000ef8   0x00000020   Zero   RW         2541    .bss                mem.o
    0x20000f18   0x00000100   Zero   RW         2595    .bss                scheduler.o


    Execution Region STACK (Base: 0x2003f000, Size: 0x00000c00, Max: 0xffffffff, ABSOLUTE)

    Base Addr    Size         Type   Attr      Idx    E Section Name        Object

    0x2003f000   0x00000c00   Zero   RW         2433    STACK               startup_mt7687.o


==============================================================================

Image component sizes


      Code (inc. data)   RO Data    RW Data    ZI Data      Debug   Object Name

       116         40         21          0          0      19456   application.o
        92         18          0          0          0      25442   board.o
        28          6         13          0          0       2868   bsp_flash_config.o
       476         20        100          0          0       6235   bsp_gpio_ept_config.o
        96          6          0          4          0       1592   clock.o
       268         24          0          0          0        792   context_rvds.o
         0          0          0          0          0       1376   cos_api.o
       368        188         19         16          0       3659   cpuport.o
       768        100        168          0          0       5041   device.o
      2084        340         28        160         22      43767   dma.o
       824         20          0         12          0       9758   flash_sfc.o
       560         96          0          0         12       3268   gpt.o
       860         22          0          1          0       5696   hal_cache.o
         0          0          0          8        128       2078   hal_cache_internal.o
        56          0          0          0          0       2145   hal_flash.o
       896        192        150          0         80       5921   hal_gpt.o
      1600        210        139          1        140       8723   hal_i2s.o
      1820        214          0          4          0      20258   hal_i2s_internal.o
         0          0          0          0          0        616   hal_irrx.o
        10          0          0          0          0       1137   hal_log.o
       632         24          0         16          0       3990   hal_lp.o
        40         10          0          0          0        816   hal_misc.o
       468         44         10          0        768      30414   hal_nvic.o
       868        202         20          8       1036       6689   hal_sleep_driver.o
       652        198         39         12          0       4432   hal_sleep_manager.o
        84          4          0          0          0       1761   hal_trng.o
      1660         52         86          6         96      12110   hal_uart.o
       284         68         22          4        384       3377   idle.o
      5072        288        471          0          0      20859   ipc.o
        88          6          0         12          0       1912   irq.o
      2136        224        290         12        128      13314   kservice.o
      1612        414        307         32         32       5162   mem.o
        14          0          0          0          0        837   nvic.o
       656        112         94        164          0       6088   object.o
       624        142         78         24        256       5129   scheduler.o
       888        120          0          4          0       6886   sfc.o
      3116        342        639         24          0      15009   spi_flash.o
       804         74         92         16          0       6827   src_timer.o
       200         98          0          0          0       1295   startup.o
        68         22        448          0       3072        812   startup_mt7687.o
       172          6          8          0          0      17996   sys_init.o
        60          6          0          1          0       1833   syslog.o
       152         20          0          8          0       6916   system_mt7687.o
      1420        184        170         12          0       8661   thread.o
       220          8          0          0          0       3238   timer.o
       740         64          0          8          0       9783   top.o
       952         32         70          4          0       9006   uart.o

    ----------------------------------------------------------------------
     34848       4260       3582        580       6156     374980   Object Totals
       240          0         80          0          0          0   (incl. Generated)
         4          0         20          7          2          0   (incl. Padding)

    ----------------------------------------------------------------------

      Code (inc. data)   RO Data    RW Data    ZI Data      Debug   Library Member Name

        86          0          0          0          0          0   __dczerorl2.o
         0          0          0          0          0          0   entry.o
         0          0          0          0          0          0   entry10a.o
         0          0          0          0          0          0   entry11a.o
         8          4          0          0          0          0   entry2.o
         4          0          0          0          0          0   entry5.o
         0          0          0          0          0          0   entry7b.o
         0          0          0          0          0          0   entry8b.o
         8          4          0          0          0          0   entry9a.o
        30          0          0          0          0          0   handlers.o
        36          8          0          0          0         68   init.o
        30          0          0          0          0         68   llshl.o
        32          0          0          0          0         68   llushr.o
        36          0          0          0          0         68   memcpya.o
        36          0          0          0          0        108   memseta.o
      1154         54          0          0          0        352   printf8.o
        36         10          0          4          0        136   rand.o
         0          0          0          4          0          0   stdout.o
        14          0          0          0          0         68   strlen.o
        98          0          0          0          0         92   uldiv.o

    ----------------------------------------------------------------------
      1610         80          0          8          0       1028   Library Totals
         2          0          0          0          0          0   (incl. Padding)

    ----------------------------------------------------------------------

      Code (inc. data)   RO Data    RW Data    ZI Data      Debug   Library Name

      1608         80          0          8          0       1028   mc_w.l

    ----------------------------------------------------------------------
      1610         80          0          8          0       1028   Library Totals

    ----------------------------------------------------------------------

==============================================================================


      Code (inc. data)   RO Data    RW Data    ZI Data      Debug   

     36458       4340       3582        588       6156     364676   Grand Totals
     36458       4340       3582        124       6156     364676   ELF Image Totals (compressed)
     36458       4340       3582        124          0          0   ROM Totals

==============================================================================

    Total RO  Size (Code + RO Data)                40040 (  39.10kB)
    Total RW  Size (RW Data + ZI Data)              6744 (   6.59kB)
    Total ROM Size (Code + RO Data + RW Data)      40164 (  39.22kB)

==============================================================================

