<!doctype html public "-//w3c//dtd html 4.0 transitional//en">
<html><head>
<title>Static Call Graph - [.\build\rtthread-mt76xx.axf]</title></head>
<body><HR>
<H1>Static Call Graph for image .\build\rtthread-mt76xx.axf</H1><HR>
<BR><P>#&#060CALLGRAPH&#062# ARM Linker, 5060020: Last Updated: Tue Sep 19 16:19:50 2017
<BR><P>
<H3>Maximum Stack Usage =        392 bytes + Unknown(Cycles, Untraceable Function Pointers)</H3><H3>
Call chain for Maximum Stack Depth:</H3>
main &rArr; rtthread_startup &rArr; rt_application_init &rArr; rt_thread_create &rArr; rt_object_allocate &rArr; rt_malloc &rArr; rt_sem_take &rArr; rt_ipc_list_suspend &rArr; rt_thread_suspend &rArr; rt_timer_stop &rArr; rt_assert_handler &rArr; rt_kprintf &rArr; rt_vsnprintf &rArr; print_number
<P>
<H3>
Mutually Recursive functions
</H3> <LI><a href="#[16]">NMI_Handler</a>&nbsp;&nbsp;&nbsp;&rArr;&nbsp;&nbsp;&nbsp;<a href="#[16]">NMI_Handler</a><BR>
 <LI><a href="#[18]">MemManage_Handler</a>&nbsp;&nbsp;&nbsp;&rArr;&nbsp;&nbsp;&nbsp;<a href="#[18]">MemManage_Handler</a><BR>
 <LI><a href="#[19]">BusFault_Handler</a>&nbsp;&nbsp;&nbsp;&rArr;&nbsp;&nbsp;&nbsp;<a href="#[19]">BusFault_Handler</a><BR>
 <LI><a href="#[1a]">UsageFault_Handler</a>&nbsp;&nbsp;&nbsp;&rArr;&nbsp;&nbsp;&nbsp;<a href="#[1a]">UsageFault_Handler</a><BR>
 <LI><a href="#[1b]">SVC_Handler</a>&nbsp;&nbsp;&nbsp;&rArr;&nbsp;&nbsp;&nbsp;<a href="#[1b]">SVC_Handler</a><BR>
 <LI><a href="#[1c]">DebugMon_Handler</a>&nbsp;&nbsp;&nbsp;&rArr;&nbsp;&nbsp;&nbsp;<a href="#[1c]">DebugMon_Handler</a><BR>
 <LI><a href="#[174]">rt_device_write</a>&nbsp;&nbsp;&nbsp;&rArr;&nbsp;&nbsp;&nbsp;<a href="#[16d]">rt_assert_handler</a><BR>
 <LI><a href="#[1]">DMA_ERROR_LISR</a>&nbsp;&nbsp;&nbsp;&rArr;&nbsp;&nbsp;&nbsp;<a href="#[1]">DMA_ERROR_LISR</a><BR>
</UL>
<P>
<H3>
Function Pointers
</H3><UL>
 <LI><a href="#[19]">BusFault_Handler</a> from startup_mt7687.o(.reset_handler) referenced from startup_mt7687.o(.isr_vector)
 <LI><a href="#[2]">CachePreInit</a> from system_mt7687.o(.text) referenced from startup_mt7687.o(.reset_handler)
 <LI><a href="#[1]">DMA_ERROR_LISR</a> from dma.o(.text) referenced 6 times from dma.o(.data)
 <LI><a href="#[1]">DMA_ERROR_LISR</a> from dma.o(.text) referenced from dma.o(.text)
 <LI><a href="#[9e]">DMA_LISR</a> from dma.o(.text) referenced 2 times from dma.o(.text)
 <LI><a href="#[1c]">DebugMon_Handler</a> from startup_mt7687.o(.reset_handler) referenced from startup_mt7687.o(.isr_vector)
 <LI><a href="#[af]">GPT_INT_Handler</a> from gpt.o(.text) referenced from gpt.o(.text)
 <LI><a href="#[17]">HardFault_Handler</a> from context_rvds.o(.text) referenced from startup_mt7687.o(.isr_vector)
 <LI><a href="#[18]">MemManage_Handler</a> from startup_mt7687.o(.reset_handler) referenced from startup_mt7687.o(.isr_vector)
 <LI><a href="#[16]">NMI_Handler</a> from startup_mt7687.o(.reset_handler) referenced from startup_mt7687.o(.isr_vector)
 <LI><a href="#[1d]">PendSV_Handler</a> from context_rvds.o(.text) referenced from startup_mt7687.o(.isr_vector)
 <LI><a href="#[15]">Reset_Handler</a> from startup_mt7687.o(.reset_handler) referenced from startup_mt7687.o(.isr_vector)
 <LI><a href="#[1b]">SVC_Handler</a> from startup_mt7687.o(.reset_handler) referenced from startup_mt7687.o(.isr_vector)
 <LI><a href="#[1e]">SysTick_Handler</a> from board.o(.text) referenced from startup_mt7687.o(.isr_vector)
 <LI><a href="#[3]">SystemInit</a> from system_mt7687.o(.text) referenced from startup_mt7687.o(.reset_handler)
 <LI><a href="#[1a]">UsageFault_Handler</a> from startup_mt7687.o(.reset_handler) referenced from startup_mt7687.o(.isr_vector)
 <LI><a href="#[4]">__main</a> from entry.o(.ARM.Collect$$$$00000000) referenced from startup_mt7687.o(.reset_handler)
 <LI><a href="#[12]">fputc</a> from sys_init.o(.text) referenced from printf8.o(i.__0printf$8)
 <LI><a href="#[8]">hal_gpt_callback0</a> from hal_gpt.o(.text) referenced from hal_gpt.o(.text)
 <LI><a href="#[7]">hal_gpt_callback1</a> from hal_gpt.o(.text) referenced from hal_gpt.o(.text)
 <LI><a href="#[6]">hal_lp_wic_isr</a> from hal_lp.o(.text) referenced from hal_lp.o(.text)
 <LI><a href="#[13]">hal_uart_receive_callback0</a> from hal_uart.o(.text) referenced from hal_uart.o(.constdata)
 <LI><a href="#[14]">hal_uart_receive_callback1</a> from hal_uart.o(.text) referenced from hal_uart.o(.constdata)
 <LI><a href="#[f]">hal_uart_send_callback0</a> from hal_uart.o(.text) referenced from hal_uart.o(.text)
 <LI><a href="#[d]">hal_uart_send_callback1</a> from hal_uart.o(.text) referenced from hal_uart.o(.text)
 <LI><a href="#[c]">i2s_enter_resume</a> from hal_i2s.o(.text) referenced from hal_misc.o(.text)
 <LI><a href="#[b]">i2s_enter_suspend</a> from hal_i2s.o(.text) referenced from hal_misc.o(.text)
 <LI><a href="#[a]">i2x_rx_handler</a> from hal_i2s.o(.text) referenced from hal_i2s.o(.text)
 <LI><a href="#[9]">i2x_tx_handler</a> from hal_i2s.o(.text) referenced from hal_i2s.o(.text)
 <LI><a href="#[1f]">isrC_main</a> from hal_nvic.o(.ramTEXT) referenced 96 times from startup_mt7687.o(.isr_vector)
 <LI><a href="#[5]">main</a> from startup.o(.text) referenced from entry9a.o(.ARM.Collect$$$$0000000B)
 <LI><a href="#[65]">rt_init_thread_entry</a> from application.o(.text) referenced from application.o(.text)
 <LI><a href="#[1d0]">rt_thread_exit</a> from thread.o(.text) referenced from thread.o(.text)
 <LI><a href="#[11]">rt_thread_idle_entry</a> from idle.o(.text) referenced from idle.o(.text)
 <LI><a href="#[1d3]">rt_thread_timeout</a> from thread.o(.text) referenced from thread.o(.text)
 <LI><a href="#[10]">sleep_GPT_CB</a> from hal_sleep_manager.o(.text) referenced from hal_sleep_manager.o(.text)
 <LI><a href="#[e]">uart_interrupt_handler</a> from uart.o(.text) referenced from hal_uart.o(.text)
</UL>
<P>
<H3>
Global Symbols
</H3>
<P><STRONG><a name="[20]"></a>gpt_get_current_time</STRONG> (Thumb, 22 bytes, Stack size 8 bytes, flash_sfc.o(.ramTEXT))
<BR><BR>[Stack]<UL><LI>Max Depth = 80<LI>Call Chain = gpt_get_current_time &rArr; hal_gpt_get_free_run_count &rArr; CM4_GPT4Init &rArr; GPT_init &rArr; __2printf
</UL>
<BR>[Calls]<UL><LI><a href="#[21]">&gt;&gt;</a>&nbsp;&nbsp;&nbsp;hal_gpt_get_free_run_count (via Veneer)
</UL>
<BR>[Called By]<UL><LI><a href="#[22]">&gt;&gt;</a>&nbsp;&nbsp;&nbsp;flash_sfc_config
</UL>

<P><STRONG><a name="[5a]"></a>SF_DAL_FLAG_BUSY_SET</STRONG> (Thumb, 8 bytes, Stack size 0 bytes, flash_sfc.o(.ramTEXT), UNUSED)
<BR><BR>[Called By]<UL><LI><a href="#[5d]">&gt;&gt;</a>&nbsp;&nbsp;&nbsp;flash_write
<LI><a href="#[30]">&gt;&gt;</a>&nbsp;&nbsp;&nbsp;flash_erase_sector_32k
<LI><a href="#[32]">&gt;&gt;</a>&nbsp;&nbsp;&nbsp;flash_erase_sector
<LI><a href="#[2f]">&gt;&gt;</a>&nbsp;&nbsp;&nbsp;flash_erase_page
</UL>

<P><STRONG><a name="[1ef]"></a>SF_DAL_FLAG_BUSY_CLR</STRONG> (Thumb, 8 bytes, Stack size 0 bytes, flash_sfc.o(.ramTEXT), UNUSED)

<P><STRONG><a name="[1f0]"></a>SF_DAL_FLAG_SUS_SET</STRONG> (Thumb, 8 bytes, Stack size 0 bytes, flash_sfc.o(.ramTEXT), UNUSED)

<P><STRONG><a name="[1f1]"></a>SF_DAL_FLAG_SUS_CLR</STRONG> (Thumb, 8 bytes, Stack size 0 bytes, flash_sfc.o(.ramTEXT), UNUSED)

<P><STRONG><a name="[22]"></a>flash_sfc_config</STRONG> (Thumb, 28 bytes, Stack size 8 bytes, flash_sfc.o(.ramTEXT))
<BR><BR>[Stack]<UL><LI>Max Depth = 128<LI>Call Chain = flash_sfc_config &rArr; flash_check_device &rArr; flash_read_jedec_id &rArr; sfc_read &rArr; sfc_transfer
</UL>
<BR>[Calls]<UL><LI><a href="#[24]">&gt;&gt;</a>&nbsp;&nbsp;&nbsp;flash_check_device
<LI><a href="#[20]">&gt;&gt;</a>&nbsp;&nbsp;&nbsp;gpt_get_current_time
<LI><a href="#[23]">&gt;&gt;</a>&nbsp;&nbsp;&nbsp;customer_flash_register (via Veneer)
</UL>
<BR>[Called By]<UL><LI><a href="#[8e]">&gt;&gt;</a>&nbsp;&nbsp;&nbsp;hal_flash_init (via Veneer)
</UL>

<P><STRONG><a name="[25]"></a>flash_sfc_read</STRONG> (Thumb, 112 bytes, Stack size 24 bytes, flash_sfc.o(.ramTEXT), UNUSED)
<BR><BR>[Calls]<UL><LI><a href="#[27]">&gt;&gt;</a>&nbsp;&nbsp;&nbsp;flash_read
<LI><a href="#[28]">&gt;&gt;</a>&nbsp;&nbsp;&nbsp;flash_fast_read
<LI><a href="#[26]">&gt;&gt;</a>&nbsp;&nbsp;&nbsp;retrieve_sf_lock (via Veneer)
<LI><a href="#[29]">&gt;&gt;</a>&nbsp;&nbsp;&nbsp;free_sf_lock (via Veneer)
</UL>

<P><STRONG><a name="[2a]"></a>flash_sfc_erase</STRONG> (Thumb, 106 bytes, Stack size 24 bytes, flash_sfc.o(.ramTEXT), UNUSED)
<BR><BR>[Calls]<UL><LI><a href="#[2b]">&gt;&gt;</a>&nbsp;&nbsp;&nbsp;hal_cache_invalidate_all_cache_lines (via Veneer)
<LI><a href="#[2c]">&gt;&gt;</a>&nbsp;&nbsp;&nbsp;hal_cache_disable (via Veneer)
<LI><a href="#[2d]">&gt;&gt;</a>&nbsp;&nbsp;&nbsp;flash_write_enable
<LI><a href="#[2e]">&gt;&gt;</a>&nbsp;&nbsp;&nbsp;flash_unprotect
<LI><a href="#[30]">&gt;&gt;</a>&nbsp;&nbsp;&nbsp;flash_erase_sector_32k
<LI><a href="#[32]">&gt;&gt;</a>&nbsp;&nbsp;&nbsp;flash_erase_sector
<LI><a href="#[2f]">&gt;&gt;</a>&nbsp;&nbsp;&nbsp;flash_erase_page
<LI><a href="#[26]">&gt;&gt;</a>&nbsp;&nbsp;&nbsp;retrieve_sf_lock (via Veneer)
<LI><a href="#[29]">&gt;&gt;</a>&nbsp;&nbsp;&nbsp;free_sf_lock (via Veneer)
<LI><a href="#[31]">&gt;&gt;</a>&nbsp;&nbsp;&nbsp;hal_cache_enable (via Veneer)
</UL>
<BR>[Called By]<UL><LI><a href="#[ea]">&gt;&gt;</a>&nbsp;&nbsp;&nbsp;hal_flash_erase (via Veneer)
</UL>

<P><STRONG><a name="[33]"></a>Flash_ReturnReady</STRONG> (Thumb, 84 bytes, Stack size 24 bytes, flash_sfc.o(.ramTEXT))
<BR><BR>[Stack]<UL><LI>Max Depth = 136<LI>Call Chain = Flash_ReturnReady &rArr; flash_suspend_Winbond &rArr; sfc_Command_List &rArr; flash_wait_ready &rArr; flash_read_sr &rArr; sfc_read &rArr; sfc_transfer
</UL>
<BR>[Calls]<UL><LI><a href="#[34]">&gt;&gt;</a>&nbsp;&nbsp;&nbsp;save_and_set_interrupt_mask
<LI><a href="#[37]">&gt;&gt;</a>&nbsp;&nbsp;&nbsp;restore_interrupt_mask
<LI><a href="#[36]">&gt;&gt;</a>&nbsp;&nbsp;&nbsp;flash_suspend_Winbond
<LI><a href="#[35]">&gt;&gt;</a>&nbsp;&nbsp;&nbsp;flash_read_sr
</UL>
<BR>[Called By]<UL><LI><a href="#[1f]">&gt;&gt;</a>&nbsp;&nbsp;&nbsp;isrC_main
</UL>

<P><STRONG><a name="[38]"></a>SF_DAL_CheckDeviceReady</STRONG> (Thumb, 152 bytes, Stack size 32 bytes, flash_sfc.o(.ramTEXT), UNUSED)
<BR><BR>[Calls]<UL><LI><a href="#[34]">&gt;&gt;</a>&nbsp;&nbsp;&nbsp;save_and_set_interrupt_mask
<LI><a href="#[37]">&gt;&gt;</a>&nbsp;&nbsp;&nbsp;restore_interrupt_mask
<LI><a href="#[3b]">&gt;&gt;</a>&nbsp;&nbsp;&nbsp;flash_resume_Winbond
<LI><a href="#[39]">&gt;&gt;</a>&nbsp;&nbsp;&nbsp;flash_read_sr2
<LI><a href="#[35]">&gt;&gt;</a>&nbsp;&nbsp;&nbsp;flash_read_sr
<LI><a href="#[3a]">&gt;&gt;</a>&nbsp;&nbsp;&nbsp;customer_flash_suspend_bit (via Veneer)
</UL>
<BR>[Called By]<UL><LI><a href="#[5d]">&gt;&gt;</a>&nbsp;&nbsp;&nbsp;flash_write
<LI><a href="#[30]">&gt;&gt;</a>&nbsp;&nbsp;&nbsp;flash_erase_sector_32k
<LI><a href="#[32]">&gt;&gt;</a>&nbsp;&nbsp;&nbsp;flash_erase_sector
<LI><a href="#[2f]">&gt;&gt;</a>&nbsp;&nbsp;&nbsp;flash_erase_page
</UL>

<P><STRONG><a name="[3c]"></a>SF_DAL_CheckReadyAndResume</STRONG> (Thumb, 98 bytes, Stack size 40 bytes, flash_sfc.o(.ramTEXT), UNUSED)
<BR><BR>[Calls]<UL><LI><a href="#[34]">&gt;&gt;</a>&nbsp;&nbsp;&nbsp;save_and_set_interrupt_mask
<LI><a href="#[37]">&gt;&gt;</a>&nbsp;&nbsp;&nbsp;restore_interrupt_mask
<LI><a href="#[3b]">&gt;&gt;</a>&nbsp;&nbsp;&nbsp;flash_resume_Winbond
<LI><a href="#[35]">&gt;&gt;</a>&nbsp;&nbsp;&nbsp;flash_read_sr
</UL>
<BR>[Called By]<UL><LI><a href="#[5d]">&gt;&gt;</a>&nbsp;&nbsp;&nbsp;flash_write
</UL>

<P><STRONG><a name="[34]"></a>save_and_set_interrupt_mask</STRONG> (Thumb, 8 bytes, Stack size 0 bytes, nvic.o(.ramTEXT))
<BR><BR>[Called By]<UL><LI><a href="#[2b]">&gt;&gt;</a>&nbsp;&nbsp;&nbsp;hal_cache_invalidate_all_cache_lines (via Veneer)
<LI><a href="#[5d]">&gt;&gt;</a>&nbsp;&nbsp;&nbsp;flash_write
<LI><a href="#[30]">&gt;&gt;</a>&nbsp;&nbsp;&nbsp;flash_erase_sector_32k
<LI><a href="#[32]">&gt;&gt;</a>&nbsp;&nbsp;&nbsp;flash_erase_sector
<LI><a href="#[2f]">&gt;&gt;</a>&nbsp;&nbsp;&nbsp;flash_erase_page
<LI><a href="#[29]">&gt;&gt;</a>&nbsp;&nbsp;&nbsp;free_sf_lock (via Veneer)
<LI><a href="#[a9]">&gt;&gt;</a>&nbsp;&nbsp;&nbsp;get_sf_lock (via Veneer)
<LI><a href="#[3c]">&gt;&gt;</a>&nbsp;&nbsp;&nbsp;SF_DAL_CheckReadyAndResume
<LI><a href="#[38]">&gt;&gt;</a>&nbsp;&nbsp;&nbsp;SF_DAL_CheckDeviceReady
<LI><a href="#[33]">&gt;&gt;</a>&nbsp;&nbsp;&nbsp;Flash_ReturnReady
<LI><a href="#[a3]">&gt;&gt;</a>&nbsp;&nbsp;&nbsp;hal_nvic_register_isr_handler (via Veneer)
<LI><a href="#[87]">&gt;&gt;</a>&nbsp;&nbsp;&nbsp;hal_cache_init (via Veneer)
<LI><a href="#[e9]">&gt;&gt;</a>&nbsp;&nbsp;&nbsp;hal_cache_flush_all_cache_lines (via Veneer)
<LI><a href="#[e8]">&gt;&gt;</a>&nbsp;&nbsp;&nbsp;hal_cache_flush_multiple_cache_lines (via Veneer)
<LI><a href="#[e7]">&gt;&gt;</a>&nbsp;&nbsp;&nbsp;hal_cache_flush_one_cache_line (via Veneer)
<LI><a href="#[e6]">&gt;&gt;</a>&nbsp;&nbsp;&nbsp;hal_cache_invalidate_multiple_cache_lines (via Veneer)
<LI><a href="#[e5]">&gt;&gt;</a>&nbsp;&nbsp;&nbsp;hal_cache_invalidate_one_cache_line (via Veneer)
<LI><a href="#[40]">&gt;&gt;</a>&nbsp;&nbsp;&nbsp;sfc_transfer
<LI><a href="#[120]">&gt;&gt;</a>&nbsp;&nbsp;&nbsp;hal_nvic_save_and_set_interrupt_mask (via Veneer)
<LI><a href="#[151]">&gt;&gt;</a>&nbsp;&nbsp;&nbsp;sleepdrv_check_sleep_locks (via Veneer)
<LI><a href="#[150]">&gt;&gt;</a>&nbsp;&nbsp;&nbsp;sleepdrv_hold_sleep_lock (via Veneer)
<LI><a href="#[14f]">&gt;&gt;</a>&nbsp;&nbsp;&nbsp;sleepdrv_release_sleep_lock (via Veneer)
<LI><a href="#[14b]">&gt;&gt;</a>&nbsp;&nbsp;&nbsp;sleepdrv_release_mutex (via Veneer)
<LI><a href="#[14a]">&gt;&gt;</a>&nbsp;&nbsp;&nbsp;sleepdrv_get_mutex (via Veneer)
</UL>

<P><STRONG><a name="[37]"></a>restore_interrupt_mask</STRONG> (Thumb, 6 bytes, Stack size 0 bytes, nvic.o(.ramTEXT))
<BR><BR>[Called By]<UL><LI><a href="#[2b]">&gt;&gt;</a>&nbsp;&nbsp;&nbsp;hal_cache_invalidate_all_cache_lines (via Veneer)
<LI><a href="#[5d]">&gt;&gt;</a>&nbsp;&nbsp;&nbsp;flash_write
<LI><a href="#[30]">&gt;&gt;</a>&nbsp;&nbsp;&nbsp;flash_erase_sector_32k
<LI><a href="#[32]">&gt;&gt;</a>&nbsp;&nbsp;&nbsp;flash_erase_sector
<LI><a href="#[2f]">&gt;&gt;</a>&nbsp;&nbsp;&nbsp;flash_erase_page
<LI><a href="#[29]">&gt;&gt;</a>&nbsp;&nbsp;&nbsp;free_sf_lock (via Veneer)
<LI><a href="#[a9]">&gt;&gt;</a>&nbsp;&nbsp;&nbsp;get_sf_lock (via Veneer)
<LI><a href="#[3c]">&gt;&gt;</a>&nbsp;&nbsp;&nbsp;SF_DAL_CheckReadyAndResume
<LI><a href="#[38]">&gt;&gt;</a>&nbsp;&nbsp;&nbsp;SF_DAL_CheckDeviceReady
<LI><a href="#[33]">&gt;&gt;</a>&nbsp;&nbsp;&nbsp;Flash_ReturnReady
<LI><a href="#[a3]">&gt;&gt;</a>&nbsp;&nbsp;&nbsp;hal_nvic_register_isr_handler (via Veneer)
<LI><a href="#[87]">&gt;&gt;</a>&nbsp;&nbsp;&nbsp;hal_cache_init (via Veneer)
<LI><a href="#[e9]">&gt;&gt;</a>&nbsp;&nbsp;&nbsp;hal_cache_flush_all_cache_lines (via Veneer)
<LI><a href="#[e8]">&gt;&gt;</a>&nbsp;&nbsp;&nbsp;hal_cache_flush_multiple_cache_lines (via Veneer)
<LI><a href="#[e7]">&gt;&gt;</a>&nbsp;&nbsp;&nbsp;hal_cache_flush_one_cache_line (via Veneer)
<LI><a href="#[e6]">&gt;&gt;</a>&nbsp;&nbsp;&nbsp;hal_cache_invalidate_multiple_cache_lines (via Veneer)
<LI><a href="#[e5]">&gt;&gt;</a>&nbsp;&nbsp;&nbsp;hal_cache_invalidate_one_cache_line (via Veneer)
<LI><a href="#[40]">&gt;&gt;</a>&nbsp;&nbsp;&nbsp;sfc_transfer
<LI><a href="#[121]">&gt;&gt;</a>&nbsp;&nbsp;&nbsp;hal_nvic_restore_interrupt_mask (via Veneer)
<LI><a href="#[151]">&gt;&gt;</a>&nbsp;&nbsp;&nbsp;sleepdrv_check_sleep_locks (via Veneer)
<LI><a href="#[150]">&gt;&gt;</a>&nbsp;&nbsp;&nbsp;sleepdrv_hold_sleep_lock (via Veneer)
<LI><a href="#[14f]">&gt;&gt;</a>&nbsp;&nbsp;&nbsp;sleepdrv_release_sleep_lock (via Veneer)
<LI><a href="#[14b]">&gt;&gt;</a>&nbsp;&nbsp;&nbsp;sleepdrv_release_mutex (via Veneer)
<LI><a href="#[14a]">&gt;&gt;</a>&nbsp;&nbsp;&nbsp;sleepdrv_get_mutex (via Veneer)
</UL>

<P><STRONG><a name="[1f2]"></a>sfc_GPT_return_current_count</STRONG> (Thumb, 6 bytes, Stack size 0 bytes, sfc.o(.ramTEXT), UNUSED)

<P><STRONG><a name="[1f3]"></a>sfc_get_systime</STRONG> (Thumb, 6 bytes, Stack size 0 bytes, sfc.o(.ramTEXT), UNUSED)

<P><STRONG><a name="[3e]"></a>sfc_delay_time</STRONG> (Thumb, 20 bytes, Stack size 0 bytes, sfc.o(.ramTEXT))
<BR><BR>[Called By]<UL><LI><a href="#[3d]">&gt;&gt;</a>&nbsp;&nbsp;&nbsp;sfc_delay_ms
</UL>

<P><STRONG><a name="[3d]"></a>sfc_delay_ms</STRONG> (Thumb, 4 bytes, Stack size 0 bytes, sfc.o(.ramTEXT))
<BR><BR>[Calls]<UL><LI><a href="#[3e]">&gt;&gt;</a>&nbsp;&nbsp;&nbsp;sfc_delay_time
</UL>
<BR>[Called By]<UL><LI><a href="#[53]">&gt;&gt;</a>&nbsp;&nbsp;&nbsp;flash_init
<LI><a href="#[42]">&gt;&gt;</a>&nbsp;&nbsp;&nbsp;flash_wait_ready
<LI><a href="#[3f]">&gt;&gt;</a>&nbsp;&nbsp;&nbsp;sfc_Init
</UL>

<P><STRONG><a name="[52]"></a>sfc_getMaxGPRamSize</STRONG> (Thumb, 4 bytes, Stack size 0 bytes, sfc.o(.ramTEXT), UNUSED)
<BR><BR>[Called By]<UL><LI><a href="#[53]">&gt;&gt;</a>&nbsp;&nbsp;&nbsp;flash_init
<LI><a href="#[51]">&gt;&gt;</a>&nbsp;&nbsp;&nbsp;flash_config
</UL>

<P><STRONG><a name="[3f]"></a>sfc_Init</STRONG> (Thumb, 124 bytes, Stack size 16 bytes, sfc.o(.ramTEXT), UNUSED)
<BR><BR>[Calls]<UL><LI><a href="#[3d]">&gt;&gt;</a>&nbsp;&nbsp;&nbsp;sfc_delay_ms
</UL>
<BR>[Called By]<UL><LI><a href="#[53]">&gt;&gt;</a>&nbsp;&nbsp;&nbsp;flash_init
</UL>

<P><STRONG><a name="[4d]"></a>sfc_GetDirectMode</STRONG> (Thumb, 38 bytes, Stack size 0 bytes, sfc.o(.ramTEXT))
<BR><BR>[Called By]<UL><LI><a href="#[5d]">&gt;&gt;</a>&nbsp;&nbsp;&nbsp;flash_write
<LI><a href="#[24]">&gt;&gt;</a>&nbsp;&nbsp;&nbsp;flash_check_device
</UL>

<P><STRONG><a name="[50]"></a>sfc_direct_read_setup</STRONG> (Thumb, 34 bytes, Stack size 0 bytes, sfc.o(.ramTEXT), UNUSED)
<BR><BR>[Called By]<UL><LI><a href="#[4f]">&gt;&gt;</a>&nbsp;&nbsp;&nbsp;flash_switch_mode
</UL>

<P><STRONG><a name="[40]"></a>sfc_transfer</STRONG> (Thumb, 230 bytes, Stack size 40 bytes, sfc.o(.ramTEXT))
<BR><BR>[Stack]<UL><LI>Max Depth = 40<LI>Call Chain = sfc_transfer
</UL>
<BR>[Calls]<UL><LI><a href="#[34]">&gt;&gt;</a>&nbsp;&nbsp;&nbsp;save_and_set_interrupt_mask
<LI><a href="#[37]">&gt;&gt;</a>&nbsp;&nbsp;&nbsp;restore_interrupt_mask
</UL>
<BR>[Called By]<UL><LI><a href="#[43]">&gt;&gt;</a>&nbsp;&nbsp;&nbsp;sfc_read
<LI><a href="#[48]">&gt;&gt;</a>&nbsp;&nbsp;&nbsp;__sfc_write
<LI><a href="#[47]">&gt;&gt;</a>&nbsp;&nbsp;&nbsp;sfc_security_write_crc
<LI><a href="#[44]">&gt;&gt;</a>&nbsp;&nbsp;&nbsp;sfc_write
<LI><a href="#[41]">&gt;&gt;</a>&nbsp;&nbsp;&nbsp;sfc_Command_List
</UL>

<P><STRONG><a name="[41]"></a>sfc_Command_List</STRONG> (Thumb, 76 bytes, Stack size 32 bytes, sfc.o(.ramTEXT))
<BR><BR>[Stack]<UL><LI>Max Depth = 112<LI>Call Chain = sfc_Command_List &rArr; flash_wait_ready &rArr; flash_read_sr &rArr; sfc_read &rArr; sfc_transfer
</UL>
<BR>[Calls]<UL><LI><a href="#[42]">&gt;&gt;</a>&nbsp;&nbsp;&nbsp;flash_wait_ready
<LI><a href="#[40]">&gt;&gt;</a>&nbsp;&nbsp;&nbsp;sfc_transfer
</UL>
<BR>[Called By]<UL><LI><a href="#[36]">&gt;&gt;</a>&nbsp;&nbsp;&nbsp;flash_suspend_Winbond
<LI><a href="#[3b]">&gt;&gt;</a>&nbsp;&nbsp;&nbsp;flash_resume_Winbond
<LI><a href="#[53]">&gt;&gt;</a>&nbsp;&nbsp;&nbsp;flash_init
<LI><a href="#[49]">&gt;&gt;</a>&nbsp;&nbsp;&nbsp;flash_Switch_Device_Mode
</UL>

<P><STRONG><a name="[1f4]"></a>sfc_clear_gpram</STRONG> (Thumb, 16 bytes, Stack size 0 bytes, sfc.o(.ramTEXT), UNUSED)

<P><STRONG><a name="[43]"></a>sfc_read</STRONG> (Thumb, 12 bytes, Stack size 16 bytes, sfc.o(.ramTEXT))
<BR><BR>[Stack]<UL><LI>Max Depth = 56<LI>Call Chain = sfc_read &rArr; sfc_transfer
</UL>
<BR>[Calls]<UL><LI><a href="#[40]">&gt;&gt;</a>&nbsp;&nbsp;&nbsp;sfc_transfer
</UL>
<BR>[Called By]<UL><LI><a href="#[39]">&gt;&gt;</a>&nbsp;&nbsp;&nbsp;flash_read_sr2
<LI><a href="#[35]">&gt;&gt;</a>&nbsp;&nbsp;&nbsp;flash_read_sr
<LI><a href="#[27]">&gt;&gt;</a>&nbsp;&nbsp;&nbsp;flash_read
<LI><a href="#[28]">&gt;&gt;</a>&nbsp;&nbsp;&nbsp;flash_fast_read
<LI><a href="#[55]">&gt;&gt;</a>&nbsp;&nbsp;&nbsp;flash_read_manu_id_quad
<LI><a href="#[54]">&gt;&gt;</a>&nbsp;&nbsp;&nbsp;flash_read_manu_id
<LI><a href="#[4c]">&gt;&gt;</a>&nbsp;&nbsp;&nbsp;flash_read_jedec_id
</UL>

<P><STRONG><a name="[44]"></a>sfc_write</STRONG> (Thumb, 76 bytes, Stack size 184 bytes, sfc.o(.ramTEXT), UNUSED)
<BR><BR>[Calls]<UL><LI><a href="#[40]">&gt;&gt;</a>&nbsp;&nbsp;&nbsp;sfc_transfer
<LI><a href="#[45]">&gt;&gt;</a>&nbsp;&nbsp;&nbsp;__2printf (via Veneer)
<LI><a href="#[46]">&gt;&gt;</a>&nbsp;&nbsp;&nbsp;__aeabi_memcpy (via Veneer)
</UL>
<BR>[Called By]<UL><LI><a href="#[2d]">&gt;&gt;</a>&nbsp;&nbsp;&nbsp;flash_write_enable
<LI><a href="#[5d]">&gt;&gt;</a>&nbsp;&nbsp;&nbsp;flash_write
<LI><a href="#[30]">&gt;&gt;</a>&nbsp;&nbsp;&nbsp;flash_erase_sector_32k
<LI><a href="#[32]">&gt;&gt;</a>&nbsp;&nbsp;&nbsp;flash_erase_sector
<LI><a href="#[2f]">&gt;&gt;</a>&nbsp;&nbsp;&nbsp;flash_erase_page
<LI><a href="#[5b]">&gt;&gt;</a>&nbsp;&nbsp;&nbsp;flash_erase_chip
<LI><a href="#[59]">&gt;&gt;</a>&nbsp;&nbsp;&nbsp;flash_write_disable
<LI><a href="#[57]">&gt;&gt;</a>&nbsp;&nbsp;&nbsp;flash_write_sr
</UL>

<P><STRONG><a name="[47]"></a>sfc_security_write_crc</STRONG> (Thumb, 48 bytes, Stack size 184 bytes, sfc.o(.ramTEXT), UNUSED)
<BR><BR>[Calls]<UL><LI><a href="#[40]">&gt;&gt;</a>&nbsp;&nbsp;&nbsp;sfc_transfer
<LI><a href="#[46]">&gt;&gt;</a>&nbsp;&nbsp;&nbsp;__aeabi_memcpy (via Veneer)
</UL>
<BR>[Called By]<UL><LI><a href="#[5e]">&gt;&gt;</a>&nbsp;&nbsp;&nbsp;flash_erase_write_security_crc
</UL>

<P><STRONG><a name="[48]"></a>__sfc_write</STRONG> (Thumb, 74 bytes, Stack size 184 bytes, sfc.o(.ramTEXT), UNUSED)
<BR><BR>[Calls]<UL><LI><a href="#[40]">&gt;&gt;</a>&nbsp;&nbsp;&nbsp;sfc_transfer
<LI><a href="#[45]">&gt;&gt;</a>&nbsp;&nbsp;&nbsp;__2printf (via Veneer)
<LI><a href="#[46]">&gt;&gt;</a>&nbsp;&nbsp;&nbsp;__aeabi_memcpy (via Veneer)
</UL>

<P><STRONG><a name="[36]"></a>flash_suspend_Winbond</STRONG> (Thumb, 6 bytes, Stack size 0 bytes, spi_flash.o(.ramTEXT))
<BR><BR>[Stack]<UL><LI>Max Depth = 112<LI>Call Chain = flash_suspend_Winbond &rArr; sfc_Command_List &rArr; flash_wait_ready &rArr; flash_read_sr &rArr; sfc_read &rArr; sfc_transfer
</UL>
<BR>[Calls]<UL><LI><a href="#[41]">&gt;&gt;</a>&nbsp;&nbsp;&nbsp;sfc_Command_List
</UL>
<BR>[Called By]<UL><LI><a href="#[33]">&gt;&gt;</a>&nbsp;&nbsp;&nbsp;Flash_ReturnReady
</UL>

<P><STRONG><a name="[3b]"></a>flash_resume_Winbond</STRONG> (Thumb, 8 bytes, Stack size 0 bytes, spi_flash.o(.ramTEXT), UNUSED)
<BR><BR>[Calls]<UL><LI><a href="#[41]">&gt;&gt;</a>&nbsp;&nbsp;&nbsp;sfc_Command_List
</UL>
<BR>[Called By]<UL><LI><a href="#[3c]">&gt;&gt;</a>&nbsp;&nbsp;&nbsp;SF_DAL_CheckReadyAndResume
<LI><a href="#[38]">&gt;&gt;</a>&nbsp;&nbsp;&nbsp;SF_DAL_CheckDeviceReady
</UL>

<P><STRONG><a name="[4c]"></a>flash_read_jedec_id</STRONG> (Thumb, 22 bytes, Stack size 8 bytes, spi_flash.o(.ramTEXT))
<BR><BR>[Stack]<UL><LI>Max Depth = 64<LI>Call Chain = flash_read_jedec_id &rArr; sfc_read &rArr; sfc_transfer
</UL>
<BR>[Calls]<UL><LI><a href="#[43]">&gt;&gt;</a>&nbsp;&nbsp;&nbsp;sfc_read
</UL>
<BR>[Called By]<UL><LI><a href="#[24]">&gt;&gt;</a>&nbsp;&nbsp;&nbsp;flash_check_device
<LI><a href="#[53]">&gt;&gt;</a>&nbsp;&nbsp;&nbsp;flash_init
<LI><a href="#[51]">&gt;&gt;</a>&nbsp;&nbsp;&nbsp;flash_config
</UL>

<P><STRONG><a name="[24]"></a>flash_check_device</STRONG> (Thumb, 294 bytes, Stack size 56 bytes, spi_flash.o(.ramTEXT))
<BR><BR>[Stack]<UL><LI>Max Depth = 120<LI>Call Chain = flash_check_device &rArr; flash_read_jedec_id &rArr; sfc_read &rArr; sfc_transfer
</UL>
<BR>[Calls]<UL><LI><a href="#[4e]">&gt;&gt;</a>&nbsp;&nbsp;&nbsp;log_hal_info_internal (via Veneer)
<LI><a href="#[4c]">&gt;&gt;</a>&nbsp;&nbsp;&nbsp;flash_read_jedec_id
<LI><a href="#[4d]">&gt;&gt;</a>&nbsp;&nbsp;&nbsp;sfc_GetDirectMode
</UL>
<BR>[Called By]<UL><LI><a href="#[22]">&gt;&gt;</a>&nbsp;&nbsp;&nbsp;flash_sfc_config
<LI><a href="#[4f]">&gt;&gt;</a>&nbsp;&nbsp;&nbsp;flash_switch_mode
</UL>

<P><STRONG><a name="[4f]"></a>flash_switch_mode</STRONG> (Thumb, 90 bytes, Stack size 16 bytes, spi_flash.o(.ramTEXT), UNUSED)
<BR><BR>[Calls]<UL><LI><a href="#[24]">&gt;&gt;</a>&nbsp;&nbsp;&nbsp;flash_check_device
<LI><a href="#[23]">&gt;&gt;</a>&nbsp;&nbsp;&nbsp;customer_flash_register (via Veneer)
<LI><a href="#[49]">&gt;&gt;</a>&nbsp;&nbsp;&nbsp;flash_Switch_Device_Mode
<LI><a href="#[50]">&gt;&gt;</a>&nbsp;&nbsp;&nbsp;sfc_direct_read_setup
<LI><a href="#[45]">&gt;&gt;</a>&nbsp;&nbsp;&nbsp;__2printf (via Veneer)
</UL>
<BR>[Called By]<UL><LI><a href="#[15a]">&gt;&gt;</a>&nbsp;&nbsp;&nbsp;hal_sleep_manager_enter_sleep_mode (via Veneer)
</UL>

<P><STRONG><a name="[51]"></a>flash_config</STRONG> (Thumb, 332 bytes, Stack size 56 bytes, spi_flash.o(.ramTEXT), UNUSED)
<BR><BR>[Calls]<UL><LI><a href="#[4e]">&gt;&gt;</a>&nbsp;&nbsp;&nbsp;log_hal_info_internal (via Veneer)
<LI><a href="#[4c]">&gt;&gt;</a>&nbsp;&nbsp;&nbsp;flash_read_jedec_id
<LI><a href="#[52]">&gt;&gt;</a>&nbsp;&nbsp;&nbsp;sfc_getMaxGPRamSize
</UL>

<P><STRONG><a name="[53]"></a>flash_init</STRONG> (Thumb, 482 bytes, Stack size 48 bytes, spi_flash.o(.ramTEXT), UNUSED)
<BR><BR>[Calls]<UL><LI><a href="#[4e]">&gt;&gt;</a>&nbsp;&nbsp;&nbsp;log_hal_info_internal (via Veneer)
<LI><a href="#[4c]">&gt;&gt;</a>&nbsp;&nbsp;&nbsp;flash_read_jedec_id
<LI><a href="#[41]">&gt;&gt;</a>&nbsp;&nbsp;&nbsp;sfc_Command_List
<LI><a href="#[3f]">&gt;&gt;</a>&nbsp;&nbsp;&nbsp;sfc_Init
<LI><a href="#[52]">&gt;&gt;</a>&nbsp;&nbsp;&nbsp;sfc_getMaxGPRamSize
<LI><a href="#[3d]">&gt;&gt;</a>&nbsp;&nbsp;&nbsp;sfc_delay_ms
</UL>

<P><STRONG><a name="[35]"></a>flash_read_sr</STRONG> (Thumb, 34 bytes, Stack size 8 bytes, spi_flash.o(.ramTEXT))
<BR><BR>[Stack]<UL><LI>Max Depth = 64<LI>Call Chain = flash_read_sr &rArr; sfc_read &rArr; sfc_transfer
</UL>
<BR>[Calls]<UL><LI><a href="#[43]">&gt;&gt;</a>&nbsp;&nbsp;&nbsp;sfc_read
</UL>
<BR>[Called By]<UL><LI><a href="#[2e]">&gt;&gt;</a>&nbsp;&nbsp;&nbsp;flash_unprotect
<LI><a href="#[3c]">&gt;&gt;</a>&nbsp;&nbsp;&nbsp;SF_DAL_CheckReadyAndResume
<LI><a href="#[38]">&gt;&gt;</a>&nbsp;&nbsp;&nbsp;SF_DAL_CheckDeviceReady
<LI><a href="#[33]">&gt;&gt;</a>&nbsp;&nbsp;&nbsp;Flash_ReturnReady
<LI><a href="#[58]">&gt;&gt;</a>&nbsp;&nbsp;&nbsp;flash_protect
<LI><a href="#[42]">&gt;&gt;</a>&nbsp;&nbsp;&nbsp;flash_wait_ready
</UL>

<P><STRONG><a name="[42]"></a>flash_wait_ready</STRONG> (Thumb, 60 bytes, Stack size 16 bytes, spi_flash.o(.ramTEXT))
<BR><BR>[Stack]<UL><LI>Max Depth = 80<LI>Call Chain = flash_wait_ready &rArr; flash_read_sr &rArr; sfc_read &rArr; sfc_transfer
</UL>
<BR>[Calls]<UL><LI><a href="#[35]">&gt;&gt;</a>&nbsp;&nbsp;&nbsp;flash_read_sr
<LI><a href="#[3d]">&gt;&gt;</a>&nbsp;&nbsp;&nbsp;sfc_delay_ms
</UL>
<BR>[Called By]<UL><LI><a href="#[5d]">&gt;&gt;</a>&nbsp;&nbsp;&nbsp;flash_write
<LI><a href="#[27]">&gt;&gt;</a>&nbsp;&nbsp;&nbsp;flash_read
<LI><a href="#[28]">&gt;&gt;</a>&nbsp;&nbsp;&nbsp;flash_fast_read
<LI><a href="#[30]">&gt;&gt;</a>&nbsp;&nbsp;&nbsp;flash_erase_sector_32k
<LI><a href="#[32]">&gt;&gt;</a>&nbsp;&nbsp;&nbsp;flash_erase_sector
<LI><a href="#[2f]">&gt;&gt;</a>&nbsp;&nbsp;&nbsp;flash_erase_page
<LI><a href="#[5e]">&gt;&gt;</a>&nbsp;&nbsp;&nbsp;flash_erase_write_security_crc
<LI><a href="#[5b]">&gt;&gt;</a>&nbsp;&nbsp;&nbsp;flash_erase_chip
<LI><a href="#[41]">&gt;&gt;</a>&nbsp;&nbsp;&nbsp;sfc_Command_List
</UL>

<P><STRONG><a name="[54]"></a>flash_read_manu_id</STRONG> (Thumb, 26 bytes, Stack size 8 bytes, spi_flash.o(.ramTEXT), UNUSED)
<BR><BR>[Calls]<UL><LI><a href="#[43]">&gt;&gt;</a>&nbsp;&nbsp;&nbsp;sfc_read
</UL>

<P><STRONG><a name="[55]"></a>flash_read_manu_id_quad</STRONG> (Thumb, 26 bytes, Stack size 8 bytes, spi_flash.o(.ramTEXT), UNUSED)
<BR><BR>[Calls]<UL><LI><a href="#[43]">&gt;&gt;</a>&nbsp;&nbsp;&nbsp;sfc_read
</UL>

<P><STRONG><a name="[27]"></a>flash_read</STRONG> (Thumb, 70 bytes, Stack size 24 bytes, spi_flash.o(.ramTEXT), UNUSED)
<BR><BR>[Calls]<UL><LI><a href="#[43]">&gt;&gt;</a>&nbsp;&nbsp;&nbsp;sfc_read
<LI><a href="#[42]">&gt;&gt;</a>&nbsp;&nbsp;&nbsp;flash_wait_ready
</UL>
<BR>[Called By]<UL><LI><a href="#[25]">&gt;&gt;</a>&nbsp;&nbsp;&nbsp;flash_sfc_read
</UL>

<P><STRONG><a name="[28]"></a>flash_fast_read</STRONG> (Thumb, 96 bytes, Stack size 56 bytes, spi_flash.o(.ramTEXT), UNUSED)
<BR><BR>[Calls]<UL><LI><a href="#[43]">&gt;&gt;</a>&nbsp;&nbsp;&nbsp;sfc_read
<LI><a href="#[42]">&gt;&gt;</a>&nbsp;&nbsp;&nbsp;flash_wait_ready
</UL>
<BR>[Called By]<UL><LI><a href="#[25]">&gt;&gt;</a>&nbsp;&nbsp;&nbsp;flash_sfc_read
</UL>

<P><STRONG><a name="[39]"></a>flash_read_sr2</STRONG> (Thumb, 94 bytes, Stack size 16 bytes, spi_flash.o(.ramTEXT), UNUSED)
<BR><BR>[Calls]<UL><LI><a href="#[56]">&gt;&gt;</a>&nbsp;&nbsp;&nbsp;customer_flash_read_SR2_comand (via Veneer)
<LI><a href="#[43]">&gt;&gt;</a>&nbsp;&nbsp;&nbsp;sfc_read
<LI><a href="#[4e]">&gt;&gt;</a>&nbsp;&nbsp;&nbsp;log_hal_info_internal (via Veneer)
</UL>
<BR>[Called By]<UL><LI><a href="#[38]">&gt;&gt;</a>&nbsp;&nbsp;&nbsp;SF_DAL_CheckDeviceReady
</UL>

<P><STRONG><a name="[2e]"></a>flash_unprotect</STRONG> (Thumb, 46 bytes, Stack size 16 bytes, spi_flash.o(.ramTEXT), UNUSED)
<BR><BR>[Calls]<UL><LI><a href="#[35]">&gt;&gt;</a>&nbsp;&nbsp;&nbsp;flash_read_sr
<LI><a href="#[57]">&gt;&gt;</a>&nbsp;&nbsp;&nbsp;flash_write_sr
</UL>
<BR>[Called By]<UL><LI><a href="#[2a]">&gt;&gt;</a>&nbsp;&nbsp;&nbsp;flash_sfc_erase
<LI><a href="#[5e]">&gt;&gt;</a>&nbsp;&nbsp;&nbsp;flash_erase_write_security_crc
<LI><a href="#[5b]">&gt;&gt;</a>&nbsp;&nbsp;&nbsp;flash_erase_chip
</UL>

<P><STRONG><a name="[58]"></a>flash_protect</STRONG> (Thumb, 46 bytes, Stack size 8 bytes, spi_flash.o(.ramTEXT), UNUSED)
<BR><BR>[Calls]<UL><LI><a href="#[35]">&gt;&gt;</a>&nbsp;&nbsp;&nbsp;flash_read_sr
<LI><a href="#[57]">&gt;&gt;</a>&nbsp;&nbsp;&nbsp;flash_write_sr
</UL>

<P><STRONG><a name="[2d]"></a>flash_write_enable</STRONG> (Thumb, 22 bytes, Stack size 8 bytes, spi_flash.o(.ramTEXT), UNUSED)
<BR><BR>[Calls]<UL><LI><a href="#[44]">&gt;&gt;</a>&nbsp;&nbsp;&nbsp;sfc_write
</UL>
<BR>[Called By]<UL><LI><a href="#[5d]">&gt;&gt;</a>&nbsp;&nbsp;&nbsp;flash_write
<LI><a href="#[2a]">&gt;&gt;</a>&nbsp;&nbsp;&nbsp;flash_sfc_erase
<LI><a href="#[5e]">&gt;&gt;</a>&nbsp;&nbsp;&nbsp;flash_erase_write_security_crc
<LI><a href="#[5b]">&gt;&gt;</a>&nbsp;&nbsp;&nbsp;flash_erase_chip
</UL>

<P><STRONG><a name="[59]"></a>flash_write_disable</STRONG> (Thumb, 22 bytes, Stack size 8 bytes, spi_flash.o(.ramTEXT), UNUSED)
<BR><BR>[Calls]<UL><LI><a href="#[44]">&gt;&gt;</a>&nbsp;&nbsp;&nbsp;sfc_write
</UL>
<BR>[Called By]<UL><LI><a href="#[5d]">&gt;&gt;</a>&nbsp;&nbsp;&nbsp;flash_write
<LI><a href="#[30]">&gt;&gt;</a>&nbsp;&nbsp;&nbsp;flash_erase_sector_32k
<LI><a href="#[32]">&gt;&gt;</a>&nbsp;&nbsp;&nbsp;flash_erase_sector
<LI><a href="#[2f]">&gt;&gt;</a>&nbsp;&nbsp;&nbsp;flash_erase_page
<LI><a href="#[5b]">&gt;&gt;</a>&nbsp;&nbsp;&nbsp;flash_erase_chip
</UL>

<P><STRONG><a name="[32]"></a>flash_erase_sector</STRONG> (Thumb, 106 bytes, Stack size 24 bytes, spi_flash.o(.ramTEXT), UNUSED)
<BR><BR>[Calls]<UL><LI><a href="#[34]">&gt;&gt;</a>&nbsp;&nbsp;&nbsp;save_and_set_interrupt_mask
<LI><a href="#[37]">&gt;&gt;</a>&nbsp;&nbsp;&nbsp;restore_interrupt_mask
<LI><a href="#[38]">&gt;&gt;</a>&nbsp;&nbsp;&nbsp;SF_DAL_CheckDeviceReady
<LI><a href="#[5a]">&gt;&gt;</a>&nbsp;&nbsp;&nbsp;SF_DAL_FLAG_BUSY_SET
<LI><a href="#[59]">&gt;&gt;</a>&nbsp;&nbsp;&nbsp;flash_write_disable
<LI><a href="#[42]">&gt;&gt;</a>&nbsp;&nbsp;&nbsp;flash_wait_ready
<LI><a href="#[44]">&gt;&gt;</a>&nbsp;&nbsp;&nbsp;sfc_write
</UL>
<BR>[Called By]<UL><LI><a href="#[2a]">&gt;&gt;</a>&nbsp;&nbsp;&nbsp;flash_sfc_erase
</UL>

<P><STRONG><a name="[30]"></a>flash_erase_sector_32k</STRONG> (Thumb, 106 bytes, Stack size 24 bytes, spi_flash.o(.ramTEXT), UNUSED)
<BR><BR>[Calls]<UL><LI><a href="#[34]">&gt;&gt;</a>&nbsp;&nbsp;&nbsp;save_and_set_interrupt_mask
<LI><a href="#[37]">&gt;&gt;</a>&nbsp;&nbsp;&nbsp;restore_interrupt_mask
<LI><a href="#[38]">&gt;&gt;</a>&nbsp;&nbsp;&nbsp;SF_DAL_CheckDeviceReady
<LI><a href="#[5a]">&gt;&gt;</a>&nbsp;&nbsp;&nbsp;SF_DAL_FLAG_BUSY_SET
<LI><a href="#[59]">&gt;&gt;</a>&nbsp;&nbsp;&nbsp;flash_write_disable
<LI><a href="#[42]">&gt;&gt;</a>&nbsp;&nbsp;&nbsp;flash_wait_ready
<LI><a href="#[44]">&gt;&gt;</a>&nbsp;&nbsp;&nbsp;sfc_write
</UL>
<BR>[Called By]<UL><LI><a href="#[2a]">&gt;&gt;</a>&nbsp;&nbsp;&nbsp;flash_sfc_erase
</UL>

<P><STRONG><a name="[2f]"></a>flash_erase_page</STRONG> (Thumb, 106 bytes, Stack size 24 bytes, spi_flash.o(.ramTEXT), UNUSED)
<BR><BR>[Calls]<UL><LI><a href="#[34]">&gt;&gt;</a>&nbsp;&nbsp;&nbsp;save_and_set_interrupt_mask
<LI><a href="#[37]">&gt;&gt;</a>&nbsp;&nbsp;&nbsp;restore_interrupt_mask
<LI><a href="#[38]">&gt;&gt;</a>&nbsp;&nbsp;&nbsp;SF_DAL_CheckDeviceReady
<LI><a href="#[5a]">&gt;&gt;</a>&nbsp;&nbsp;&nbsp;SF_DAL_FLAG_BUSY_SET
<LI><a href="#[59]">&gt;&gt;</a>&nbsp;&nbsp;&nbsp;flash_write_disable
<LI><a href="#[42]">&gt;&gt;</a>&nbsp;&nbsp;&nbsp;flash_wait_ready
<LI><a href="#[44]">&gt;&gt;</a>&nbsp;&nbsp;&nbsp;sfc_write
</UL>
<BR>[Called By]<UL><LI><a href="#[2a]">&gt;&gt;</a>&nbsp;&nbsp;&nbsp;flash_sfc_erase
<LI><a href="#[5e]">&gt;&gt;</a>&nbsp;&nbsp;&nbsp;flash_erase_write_security_crc
<LI><a href="#[5c]">&gt;&gt;</a>&nbsp;&nbsp;&nbsp;flash_erase
</UL>

<P><STRONG><a name="[5b]"></a>flash_erase_chip</STRONG> (Thumb, 126 bytes, Stack size 24 bytes, spi_flash.o(.ramTEXT), UNUSED)
<BR><BR>[Calls]<UL><LI><a href="#[2d]">&gt;&gt;</a>&nbsp;&nbsp;&nbsp;flash_write_enable
<LI><a href="#[2e]">&gt;&gt;</a>&nbsp;&nbsp;&nbsp;flash_unprotect
<LI><a href="#[59]">&gt;&gt;</a>&nbsp;&nbsp;&nbsp;flash_write_disable
<LI><a href="#[42]">&gt;&gt;</a>&nbsp;&nbsp;&nbsp;flash_wait_ready
<LI><a href="#[44]">&gt;&gt;</a>&nbsp;&nbsp;&nbsp;sfc_write
</UL>

<P><STRONG><a name="[5c]"></a>flash_erase</STRONG> (Thumb, 42 bytes, Stack size 16 bytes, spi_flash.o(.ramTEXT), UNUSED)
<BR><BR>[Calls]<UL><LI><a href="#[2f]">&gt;&gt;</a>&nbsp;&nbsp;&nbsp;flash_erase_page
</UL>
<BR>[Called By]<UL><LI><a href="#[5f]">&gt;&gt;</a>&nbsp;&nbsp;&nbsp;flash_erase_write
</UL>

<P><STRONG><a name="[5d]"></a>flash_write</STRONG> (Thumb, 278 bytes, Stack size 64 bytes, spi_flash.o(.ramTEXT), UNUSED)
<BR><BR>[Calls]<UL><LI><a href="#[34]">&gt;&gt;</a>&nbsp;&nbsp;&nbsp;save_and_set_interrupt_mask
<LI><a href="#[37]">&gt;&gt;</a>&nbsp;&nbsp;&nbsp;restore_interrupt_mask
<LI><a href="#[2d]">&gt;&gt;</a>&nbsp;&nbsp;&nbsp;flash_write_enable
<LI><a href="#[3c]">&gt;&gt;</a>&nbsp;&nbsp;&nbsp;SF_DAL_CheckReadyAndResume
<LI><a href="#[38]">&gt;&gt;</a>&nbsp;&nbsp;&nbsp;SF_DAL_CheckDeviceReady
<LI><a href="#[5a]">&gt;&gt;</a>&nbsp;&nbsp;&nbsp;SF_DAL_FLAG_BUSY_SET
<LI><a href="#[59]">&gt;&gt;</a>&nbsp;&nbsp;&nbsp;flash_write_disable
<LI><a href="#[42]">&gt;&gt;</a>&nbsp;&nbsp;&nbsp;flash_wait_ready
<LI><a href="#[44]">&gt;&gt;</a>&nbsp;&nbsp;&nbsp;sfc_write
<LI><a href="#[4d]">&gt;&gt;</a>&nbsp;&nbsp;&nbsp;sfc_GetDirectMode
</UL>
<BR>[Called By]<UL><LI><a href="#[ac]">&gt;&gt;</a>&nbsp;&nbsp;&nbsp;flash_sfc_write (via Veneer)
<LI><a href="#[5f]">&gt;&gt;</a>&nbsp;&nbsp;&nbsp;flash_erase_write
</UL>

<P><STRONG><a name="[5e]"></a>flash_erase_write_security_crc</STRONG> (Thumb, 96 bytes, Stack size 24 bytes, spi_flash.o(.ramTEXT), UNUSED)
<BR><BR>[Calls]<UL><LI><a href="#[2d]">&gt;&gt;</a>&nbsp;&nbsp;&nbsp;flash_write_enable
<LI><a href="#[2e]">&gt;&gt;</a>&nbsp;&nbsp;&nbsp;flash_unprotect
<LI><a href="#[2f]">&gt;&gt;</a>&nbsp;&nbsp;&nbsp;flash_erase_page
<LI><a href="#[42]">&gt;&gt;</a>&nbsp;&nbsp;&nbsp;flash_wait_ready
<LI><a href="#[47]">&gt;&gt;</a>&nbsp;&nbsp;&nbsp;sfc_security_write_crc
</UL>

<P><STRONG><a name="[5f]"></a>flash_erase_write</STRONG> (Thumb, 228 bytes, Stack size 4144 bytes, spi_flash.o(.ramTEXT), UNUSED)
<BR><BR>[Calls]<UL><LI><a href="#[5d]">&gt;&gt;</a>&nbsp;&nbsp;&nbsp;flash_write
<LI><a href="#[5c]">&gt;&gt;</a>&nbsp;&nbsp;&nbsp;flash_erase
<LI><a href="#[46]">&gt;&gt;</a>&nbsp;&nbsp;&nbsp;__aeabi_memcpy (via Veneer)
</UL>

<P><STRONG><a name="[1f5]"></a>query_spi_flash_status</STRONG> (Thumb, 40 bytes, Stack size 0 bytes, spi_flash.o(.ramTEXT), UNUSED)

<P><STRONG><a name="[15b]"></a>cmnSerialFlashClkConfToXtal</STRONG> (Thumb, 16 bytes, Stack size 8 bytes, top.o(.ramTEXT), UNUSED)
<BR><BR>[Called By]<UL><LI><a href="#[15a]">&gt;&gt;</a>&nbsp;&nbsp;&nbsp;hal_sleep_manager_enter_sleep_mode (via Veneer)
</UL>

<P><STRONG><a name="[60]"></a>cmnSerialFlashClkConfTo64M</STRONG> (Thumb, 62 bytes, Stack size 8 bytes, top.o(.ramTEXT))
<BR><BR>[Stack]<UL><LI>Max Depth = 16<LI>Call Chain = cmnSerialFlashClkConfTo64M &rArr; cmnPLL1ON
</UL>
<BR>[Calls]<UL><LI><a href="#[61]">&gt;&gt;</a>&nbsp;&nbsp;&nbsp;cmnPLL1ON (via Veneer)
</UL>
<BR>[Called By]<UL><LI><a href="#[7c]">&gt;&gt;</a>&nbsp;&nbsp;&nbsp;system_init (via Veneer)
<LI><a href="#[15a]">&gt;&gt;</a>&nbsp;&nbsp;&nbsp;hal_sleep_manager_enter_sleep_mode (via Veneer)
</UL>

<P><STRONG><a name="[1f]"></a>isrC_main</STRONG> (Thumb, 72 bytes, Stack size 8 bytes, hal_nvic.o(.ramTEXT))
<BR><BR>[Stack]<UL><LI>Max Depth = 144<LI>Call Chain = isrC_main &rArr; Flash_ReturnReady &rArr; flash_suspend_Winbond &rArr; sfc_Command_List &rArr; flash_wait_ready &rArr; flash_read_sr &rArr; sfc_read &rArr; sfc_transfer
</UL>
<BR>[Calls]<UL><LI><a href="#[33]">&gt;&gt;</a>&nbsp;&nbsp;&nbsp;Flash_ReturnReady
<LI><a href="#[62]">&gt;&gt;</a>&nbsp;&nbsp;&nbsp;log_hal_error_internal (via Veneer)
</UL>
<BR>[Address Reference Count : 1]<UL><LI> startup_mt7687.o(.isr_vector)
</UL>
<P><STRONG><a name="[15]"></a>Reset_Handler</STRONG> (Thumb, 28 bytes, Stack size 0 bytes, startup_mt7687.o(.reset_handler))
<BR>[Address Reference Count : 1]<UL><LI> startup_mt7687.o(.isr_vector)
</UL>
<P><STRONG><a name="[16]"></a>NMI_Handler</STRONG> (Thumb, 2 bytes, Stack size 0 bytes, startup_mt7687.o(.reset_handler))
<BR><BR>[Calls]<UL><LI><a href="#[16]">&gt;&gt;</a>&nbsp;&nbsp;&nbsp;NMI_Handler
</UL>
<BR>[Called By]<UL><LI><a href="#[16]">&gt;&gt;</a>&nbsp;&nbsp;&nbsp;NMI_Handler
</UL>
<BR>[Address Reference Count : 1]<UL><LI> startup_mt7687.o(.isr_vector)
</UL>
<P><STRONG><a name="[18]"></a>MemManage_Handler</STRONG> (Thumb, 2 bytes, Stack size 0 bytes, startup_mt7687.o(.reset_handler))
<BR><BR>[Calls]<UL><LI><a href="#[18]">&gt;&gt;</a>&nbsp;&nbsp;&nbsp;MemManage_Handler
</UL>
<BR>[Called By]<UL><LI><a href="#[18]">&gt;&gt;</a>&nbsp;&nbsp;&nbsp;MemManage_Handler
</UL>
<BR>[Address Reference Count : 1]<UL><LI> startup_mt7687.o(.isr_vector)
</UL>
<P><STRONG><a name="[19]"></a>BusFault_Handler</STRONG> (Thumb, 2 bytes, Stack size 0 bytes, startup_mt7687.o(.reset_handler))
<BR><BR>[Calls]<UL><LI><a href="#[19]">&gt;&gt;</a>&nbsp;&nbsp;&nbsp;BusFault_Handler
</UL>
<BR>[Called By]<UL><LI><a href="#[19]">&gt;&gt;</a>&nbsp;&nbsp;&nbsp;BusFault_Handler
</UL>
<BR>[Address Reference Count : 1]<UL><LI> startup_mt7687.o(.isr_vector)
</UL>
<P><STRONG><a name="[1a]"></a>UsageFault_Handler</STRONG> (Thumb, 2 bytes, Stack size 0 bytes, startup_mt7687.o(.reset_handler))
<BR><BR>[Calls]<UL><LI><a href="#[1a]">&gt;&gt;</a>&nbsp;&nbsp;&nbsp;UsageFault_Handler
</UL>
<BR>[Called By]<UL><LI><a href="#[1a]">&gt;&gt;</a>&nbsp;&nbsp;&nbsp;UsageFault_Handler
</UL>
<BR>[Address Reference Count : 1]<UL><LI> startup_mt7687.o(.isr_vector)
</UL>
<P><STRONG><a name="[1b]"></a>SVC_Handler</STRONG> (Thumb, 2 bytes, Stack size 0 bytes, startup_mt7687.o(.reset_handler))
<BR><BR>[Calls]<UL><LI><a href="#[1b]">&gt;&gt;</a>&nbsp;&nbsp;&nbsp;SVC_Handler
</UL>
<BR>[Called By]<UL><LI><a href="#[1b]">&gt;&gt;</a>&nbsp;&nbsp;&nbsp;SVC_Handler
</UL>
<BR>[Address Reference Count : 1]<UL><LI> startup_mt7687.o(.isr_vector)
</UL>
<P><STRONG><a name="[1c]"></a>DebugMon_Handler</STRONG> (Thumb, 2 bytes, Stack size 0 bytes, startup_mt7687.o(.reset_handler))
<BR><BR>[Calls]<UL><LI><a href="#[1c]">&gt;&gt;</a>&nbsp;&nbsp;&nbsp;DebugMon_Handler
</UL>
<BR>[Called By]<UL><LI><a href="#[1c]">&gt;&gt;</a>&nbsp;&nbsp;&nbsp;DebugMon_Handler
</UL>
<BR>[Address Reference Count : 1]<UL><LI> startup_mt7687.o(.isr_vector)
</UL>
<P><STRONG><a name="[4]"></a>__main</STRONG> (Thumb, 0 bytes, Stack size unknown bytes, entry.o(.ARM.Collect$$$$00000000))
<BR>[Address Reference Count : 1]<UL><LI> startup_mt7687.o(.reset_handler)
</UL>
<P><STRONG><a name="[1f6]"></a>_main_stk</STRONG> (Thumb, 0 bytes, Stack size unknown bytes, entry2.o(.ARM.Collect$$$$00000001))

<P><STRONG><a name="[63]"></a>_main_scatterload</STRONG> (Thumb, 0 bytes, Stack size unknown bytes, entry5.o(.ARM.Collect$$$$00000004))
<BR><BR>[Calls]<UL><LI><a href="#[64]">&gt;&gt;</a>&nbsp;&nbsp;&nbsp;__scatterload
</UL>

<P><STRONG><a name="[1ea]"></a>__main_after_scatterload</STRONG> (Thumb, 0 bytes, Stack size unknown bytes, entry5.o(.ARM.Collect$$$$00000004))
<BR><BR>[Called By]<UL><LI><a href="#[64]">&gt;&gt;</a>&nbsp;&nbsp;&nbsp;__scatterload
</UL>

<P><STRONG><a name="[1f7]"></a>_main_clock</STRONG> (Thumb, 0 bytes, Stack size unknown bytes, entry7b.o(.ARM.Collect$$$$00000008))

<P><STRONG><a name="[1f8]"></a>_main_cpp_init</STRONG> (Thumb, 0 bytes, Stack size unknown bytes, entry8b.o(.ARM.Collect$$$$0000000A))

<P><STRONG><a name="[1f9]"></a>_main_init</STRONG> (Thumb, 0 bytes, Stack size unknown bytes, entry9a.o(.ARM.Collect$$$$0000000B))

<P><STRONG><a name="[1fa]"></a>__rt_final_cpp</STRONG> (Thumb, 0 bytes, Stack size unknown bytes, entry10a.o(.ARM.Collect$$$$0000000D))

<P><STRONG><a name="[1fb]"></a>__rt_final_exit</STRONG> (Thumb, 0 bytes, Stack size unknown bytes, entry11a.o(.ARM.Collect$$$$0000000F))

<P><STRONG><a name="[65]"></a>rt_init_thread_entry</STRONG> (Thumb, 32 bytes, Stack size 0 bytes, application.o(.text))
<BR><BR>[Stack]<UL><LI>Max Depth = 224<LI>Call Chain = rt_init_thread_entry &rArr; rt_thread_delay &rArr; rt_thread_sleep &rArr; rt_thread_suspend &rArr; rt_timer_stop &rArr; rt_assert_handler &rArr; rt_kprintf &rArr; rt_vsnprintf &rArr; print_number
</UL>
<BR>[Calls]<UL><LI><a href="#[67]">&gt;&gt;</a>&nbsp;&nbsp;&nbsp;rt_thread_delay
<LI><a href="#[66]">&gt;&gt;</a>&nbsp;&nbsp;&nbsp;rt_kprintf
</UL>
<BR>[Address Reference Count : 1]<UL><LI> application.o(.text)
</UL>
<P><STRONG><a name="[68]"></a>rt_hw_console_output</STRONG> (Thumb, 8 bytes, Stack size 0 bytes, application.o(.text))
<BR><BR>[Stack]<UL><LI>Max Depth = 24<LI>Call Chain = rt_hw_console_output &rArr; __2printf
</UL>
<BR>[Calls]<UL><LI><a href="#[45]">&gt;&gt;</a>&nbsp;&nbsp;&nbsp;__2printf
</UL>
<BR>[Called By]<UL><LI><a href="#[66]">&gt;&gt;</a>&nbsp;&nbsp;&nbsp;rt_kprintf
<LI><a href="#[1be]">&gt;&gt;</a>&nbsp;&nbsp;&nbsp;rt_kputs
</UL>

<P><STRONG><a name="[69]"></a>rt_application_init</STRONG> (Thumb, 36 bytes, Stack size 16 bytes, application.o(.text))
<BR><BR>[Stack]<UL><LI>Max Depth = 376<LI>Call Chain = rt_application_init &rArr; rt_thread_create &rArr; rt_object_allocate &rArr; rt_malloc &rArr; rt_sem_take &rArr; rt_ipc_list_suspend &rArr; rt_thread_suspend &rArr; rt_timer_stop &rArr; rt_assert_handler &rArr; rt_kprintf &rArr; rt_vsnprintf &rArr; print_number
</UL>
<BR>[Calls]<UL><LI><a href="#[6b]">&gt;&gt;</a>&nbsp;&nbsp;&nbsp;rt_thread_startup
<LI><a href="#[6a]">&gt;&gt;</a>&nbsp;&nbsp;&nbsp;rt_thread_create
</UL>
<BR>[Called By]<UL><LI><a href="#[6d]">&gt;&gt;</a>&nbsp;&nbsp;&nbsp;rtthread_startup
</UL>

<P><STRONG><a name="[6c]"></a>assert_failed</STRONG> (Thumb, 28 bytes, Stack size 0 bytes, startup.o(.text), UNUSED)
<BR><BR>[Calls]<UL><LI><a href="#[66]">&gt;&gt;</a>&nbsp;&nbsp;&nbsp;rt_kprintf
</UL>

<P><STRONG><a name="[6d]"></a>rtthread_startup</STRONG> (Thumb, 54 bytes, Stack size 8 bytes, startup.o(.text))
<BR><BR>[Stack]<UL><LI>Max Depth = 384<LI>Call Chain = rtthread_startup &rArr; rt_application_init &rArr; rt_thread_create &rArr; rt_object_allocate &rArr; rt_malloc &rArr; rt_sem_take &rArr; rt_ipc_list_suspend &rArr; rt_thread_suspend &rArr; rt_timer_stop &rArr; rt_assert_handler &rArr; rt_kprintf &rArr; rt_vsnprintf &rArr; print_number
</UL>
<BR>[Calls]<UL><LI><a href="#[76]">&gt;&gt;</a>&nbsp;&nbsp;&nbsp;rt_thread_idle_init
<LI><a href="#[75]">&gt;&gt;</a>&nbsp;&nbsp;&nbsp;rt_system_timer_thread_init
<LI><a href="#[72]">&gt;&gt;</a>&nbsp;&nbsp;&nbsp;rt_system_timer_init
<LI><a href="#[70]">&gt;&gt;</a>&nbsp;&nbsp;&nbsp;rt_system_tick_init
<LI><a href="#[77]">&gt;&gt;</a>&nbsp;&nbsp;&nbsp;rt_system_scheduler_start
<LI><a href="#[74]">&gt;&gt;</a>&nbsp;&nbsp;&nbsp;rt_system_scheduler_init
<LI><a href="#[71]">&gt;&gt;</a>&nbsp;&nbsp;&nbsp;rt_system_object_init
<LI><a href="#[73]">&gt;&gt;</a>&nbsp;&nbsp;&nbsp;rt_system_heap_init
<LI><a href="#[6f]">&gt;&gt;</a>&nbsp;&nbsp;&nbsp;rt_show_version
<LI><a href="#[6e]">&gt;&gt;</a>&nbsp;&nbsp;&nbsp;rt_hw_board_init
<LI><a href="#[69]">&gt;&gt;</a>&nbsp;&nbsp;&nbsp;rt_application_init
</UL>
<BR>[Called By]<UL><LI><a href="#[5]">&gt;&gt;</a>&nbsp;&nbsp;&nbsp;main
</UL>

<P><STRONG><a name="[5]"></a>main</STRONG> (Thumb, 20 bytes, Stack size 8 bytes, startup.o(.text))
<BR><BR>[Stack]<UL><LI>Max Depth = 392<LI>Call Chain = main &rArr; rtthread_startup &rArr; rt_application_init &rArr; rt_thread_create &rArr; rt_object_allocate &rArr; rt_malloc &rArr; rt_sem_take &rArr; rt_ipc_list_suspend &rArr; rt_thread_suspend &rArr; rt_timer_stop &rArr; rt_assert_handler &rArr; rt_kprintf &rArr; rt_vsnprintf &rArr; print_number
</UL>
<BR>[Calls]<UL><LI><a href="#[78]">&gt;&gt;</a>&nbsp;&nbsp;&nbsp;rt_hw_interrupt_disable
<LI><a href="#[6d]">&gt;&gt;</a>&nbsp;&nbsp;&nbsp;rtthread_startup
<LI><a href="#[45]">&gt;&gt;</a>&nbsp;&nbsp;&nbsp;__2printf
</UL>
<BR>[Address Reference Count : 1]<UL><LI> entry9a.o(.ARM.Collect$$$$0000000B)
</UL>
<P><STRONG><a name="[1e]"></a>SysTick_Handler</STRONG> (Thumb, 18 bytes, Stack size 8 bytes, board.o(.text))
<BR><BR>[Stack]<UL><LI>Max Depth = 232<LI>Call Chain = SysTick_Handler &rArr; rt_tick_increase &rArr; rt_timer_check &rArr; rt_timer_start &rArr; rt_assert_handler &rArr; rt_kprintf &rArr; rt_vsnprintf &rArr; print_number
</UL>
<BR>[Calls]<UL><LI><a href="#[7a]">&gt;&gt;</a>&nbsp;&nbsp;&nbsp;rt_tick_increase
<LI><a href="#[7b]">&gt;&gt;</a>&nbsp;&nbsp;&nbsp;rt_interrupt_leave
<LI><a href="#[79]">&gt;&gt;</a>&nbsp;&nbsp;&nbsp;rt_interrupt_enter
</UL>
<BR>[Address Reference Count : 1]<UL><LI> startup_mt7687.o(.isr_vector)
</UL>
<P><STRONG><a name="[6e]"></a>rt_hw_board_init</STRONG> (Thumb, 56 bytes, Stack size 8 bytes, board.o(.text))
<BR><BR>[Stack]<UL><LI>Max Depth = 256<LI>Call Chain = rt_hw_board_init &rArr; rt_console_set_device &rArr; rt_device_find &rArr; rt_exit_critical &rArr; rt_schedule &rArr; _rt_scheduler_stack_check &rArr; rt_assert_handler &rArr; rt_kprintf &rArr; rt_vsnprintf &rArr; print_number
</UL>
<BR>[Calls]<UL><LI><a href="#[7c]">&gt;&gt;</a>&nbsp;&nbsp;&nbsp;system_init
<LI><a href="#[7d]">&gt;&gt;</a>&nbsp;&nbsp;&nbsp;rt_console_set_device
</UL>
<BR>[Called By]<UL><LI><a href="#[6d]">&gt;&gt;</a>&nbsp;&nbsp;&nbsp;rtthread_startup
</UL>

<P><STRONG><a name="[d4]"></a>SysTick_Set</STRONG> (Thumb, 36 bytes, Stack size 0 bytes, system_mt7687.o(.text))
<BR><BR>[Called By]<UL><LI><a href="#[81]">&gt;&gt;</a>&nbsp;&nbsp;&nbsp;top_xtal_init
<LI><a href="#[82]">&gt;&gt;</a>&nbsp;&nbsp;&nbsp;cmnCpuClkConfigureTo192M
<LI><a href="#[d8]">&gt;&gt;</a>&nbsp;&nbsp;&nbsp;cmnCpuClkConfigureTo64M
<LI><a href="#[d7]">&gt;&gt;</a>&nbsp;&nbsp;&nbsp;cmnCpuClkConfigureTo160M
<LI><a href="#[d5]">&gt;&gt;</a>&nbsp;&nbsp;&nbsp;cmnCpuClkConfigureToXtal
</UL>

<P><STRONG><a name="[1fc]"></a>SysInitStatus_Set</STRONG> (Thumb, 8 bytes, Stack size 0 bytes, system_mt7687.o(.text), UNUSED)

<P><STRONG><a name="[1fd]"></a>SysInitStatus_Query</STRONG> (Thumb, 6 bytes, Stack size 0 bytes, system_mt7687.o(.text), UNUSED)

<P><STRONG><a name="[7e]"></a>SystemCoreClockUpdate</STRONG> (Thumb, 12 bytes, Stack size 8 bytes, system_mt7687.o(.text))
<BR><BR>[Stack]<UL><LI>Max Depth = 8<LI>Call Chain = SystemCoreClockUpdate
</UL>
<BR>[Calls]<UL><LI><a href="#[7f]">&gt;&gt;</a>&nbsp;&nbsp;&nbsp;top_mcu_freq_get
</UL>
<BR>[Called By]<UL><LI><a href="#[81]">&gt;&gt;</a>&nbsp;&nbsp;&nbsp;top_xtal_init
<LI><a href="#[82]">&gt;&gt;</a>&nbsp;&nbsp;&nbsp;cmnCpuClkConfigureTo192M
<LI><a href="#[d8]">&gt;&gt;</a>&nbsp;&nbsp;&nbsp;cmnCpuClkConfigureTo64M
<LI><a href="#[d7]">&gt;&gt;</a>&nbsp;&nbsp;&nbsp;cmnCpuClkConfigureTo160M
<LI><a href="#[d5]">&gt;&gt;</a>&nbsp;&nbsp;&nbsp;cmnCpuClkConfigureToXtal
</UL>

<P><STRONG><a name="[3]"></a>SystemInit</STRONG> (Thumb, 32 bytes, Stack size 0 bytes, system_mt7687.o(.text))
<BR>[Address Reference Count : 1]<UL><LI> startup_mt7687.o(.reset_handler)
</UL>
<P><STRONG><a name="[2]"></a>CachePreInit</STRONG> (Thumb, 38 bytes, Stack size 0 bytes, system_mt7687.o(.text))
<BR>[Address Reference Count : 1]<UL><LI> startup_mt7687.o(.reset_handler)
</UL>
<P><STRONG><a name="[12]"></a>fputc</STRONG> (Thumb, 28 bytes, Stack size 8 bytes, sys_init.o(.text))
<BR><BR>[Stack]<UL><LI>Max Depth = 8<LI>Call Chain = fputc
</UL>
<BR>[Calls]<UL><LI><a href="#[80]">&gt;&gt;</a>&nbsp;&nbsp;&nbsp;hal_uart_put_char
</UL>
<BR>[Address Reference Count : 1]<UL><LI> printf8.o(i.__0printf$8)
</UL>
<P><STRONG><a name="[7c]"></a>system_init</STRONG> (Thumb, 44 bytes, Stack size 8 bytes, sys_init.o(.text))
<BR><BR>[Stack]<UL><LI>Max Depth = 232<LI>Call Chain = system_init &rArr; prvSetupHardware &rArr; log_uart_init &rArr; hal_uart_init &rArr; hal_uart_set_format &rArr; halUART_SetFormat
</UL>
<BR>[Calls]<UL><LI><a href="#[81]">&gt;&gt;</a>&nbsp;&nbsp;&nbsp;top_xtal_init
<LI><a href="#[84]">&gt;&gt;</a>&nbsp;&nbsp;&nbsp;hal_trng_init
<LI><a href="#[85]">&gt;&gt;</a>&nbsp;&nbsp;&nbsp;hal_trng_get_generated_random_number
<LI><a href="#[60]">&gt;&gt;</a>&nbsp;&nbsp;&nbsp;cmnSerialFlashClkConfTo64M (via Veneer)
<LI><a href="#[82]">&gt;&gt;</a>&nbsp;&nbsp;&nbsp;cmnCpuClkConfigureTo192M
<LI><a href="#[83]">&gt;&gt;</a>&nbsp;&nbsp;&nbsp;prvSetupHardware
<LI><a href="#[86]">&gt;&gt;</a>&nbsp;&nbsp;&nbsp;srand
</UL>
<BR>[Called By]<UL><LI><a href="#[6e]">&gt;&gt;</a>&nbsp;&nbsp;&nbsp;rt_hw_board_init
</UL>

<P><STRONG><a name="[8f]"></a>gpio_mode_init</STRONG> (Thumb, 40 bytes, Stack size 48 bytes, bsp_gpio_ept_config.o(.text))
<BR><BR>[Stack]<UL><LI>Max Depth = 48<LI>Call Chain = gpio_mode_init
</UL>
<BR>[Calls]<UL><LI><a href="#[90]">&gt;&gt;</a>&nbsp;&nbsp;&nbsp;__aeabi_memcpy4
</UL>
<BR>[Called By]<UL><LI><a href="#[8c]">&gt;&gt;</a>&nbsp;&nbsp;&nbsp;bsp_ept_gpio_setting_init
</UL>

<P><STRONG><a name="[91]"></a>gpio_oe_init</STRONG> (Thumb, 40 bytes, Stack size 20 bytes, bsp_gpio_ept_config.o(.text))
<BR><BR>[Stack]<UL><LI>Max Depth = 20<LI>Call Chain = gpio_oe_init
</UL>
<BR>[Called By]<UL><LI><a href="#[8c]">&gt;&gt;</a>&nbsp;&nbsp;&nbsp;bsp_ept_gpio_setting_init
</UL>

<P><STRONG><a name="[92]"></a>gpio_ies_init</STRONG> (Thumb, 170 bytes, Stack size 20 bytes, bsp_gpio_ept_config.o(.text))
<BR><BR>[Stack]<UL><LI>Max Depth = 20<LI>Call Chain = gpio_ies_init
</UL>
<BR>[Called By]<UL><LI><a href="#[8c]">&gt;&gt;</a>&nbsp;&nbsp;&nbsp;bsp_ept_gpio_setting_init
</UL>

<P><STRONG><a name="[93]"></a>gpio_pull_up_init</STRONG> (Thumb, 86 bytes, Stack size 20 bytes, bsp_gpio_ept_config.o(.text))
<BR><BR>[Stack]<UL><LI>Max Depth = 20<LI>Call Chain = gpio_pull_up_init
</UL>
<BR>[Called By]<UL><LI><a href="#[8c]">&gt;&gt;</a>&nbsp;&nbsp;&nbsp;bsp_ept_gpio_setting_init
</UL>

<P><STRONG><a name="[94]"></a>gpio_pull_down_init</STRONG> (Thumb, 38 bytes, Stack size 20 bytes, bsp_gpio_ept_config.o(.text))
<BR><BR>[Stack]<UL><LI>Max Depth = 20<LI>Call Chain = gpio_pull_down_init
</UL>
<BR>[Called By]<UL><LI><a href="#[8c]">&gt;&gt;</a>&nbsp;&nbsp;&nbsp;bsp_ept_gpio_setting_init
</UL>

<P><STRONG><a name="[95]"></a>gpio_output_init</STRONG> (Thumb, 36 bytes, Stack size 20 bytes, bsp_gpio_ept_config.o(.text))
<BR><BR>[Stack]<UL><LI>Max Depth = 20<LI>Call Chain = gpio_output_init
</UL>
<BR>[Called By]<UL><LI><a href="#[8c]">&gt;&gt;</a>&nbsp;&nbsp;&nbsp;bsp_ept_gpio_setting_init
</UL>

<P><STRONG><a name="[1fe]"></a>bsp_ept_gpio_set_control_by_cm4</STRONG> (Thumb, 18 bytes, Stack size 0 bytes, bsp_gpio_ept_config.o(.text), UNUSED)

<P><STRONG><a name="[8c]"></a>bsp_ept_gpio_setting_init</STRONG> (Thumb, 28 bytes, Stack size 8 bytes, bsp_gpio_ept_config.o(.text))
<BR><BR>[Stack]<UL><LI>Max Depth = 56<LI>Call Chain = bsp_ept_gpio_setting_init &rArr; gpio_mode_init
</UL>
<BR>[Calls]<UL><LI><a href="#[95]">&gt;&gt;</a>&nbsp;&nbsp;&nbsp;gpio_output_init
<LI><a href="#[94]">&gt;&gt;</a>&nbsp;&nbsp;&nbsp;gpio_pull_down_init
<LI><a href="#[93]">&gt;&gt;</a>&nbsp;&nbsp;&nbsp;gpio_pull_up_init
<LI><a href="#[92]">&gt;&gt;</a>&nbsp;&nbsp;&nbsp;gpio_ies_init
<LI><a href="#[91]">&gt;&gt;</a>&nbsp;&nbsp;&nbsp;gpio_oe_init
<LI><a href="#[8f]">&gt;&gt;</a>&nbsp;&nbsp;&nbsp;gpio_mode_init
</UL>
<BR>[Called By]<UL><LI><a href="#[83]">&gt;&gt;</a>&nbsp;&nbsp;&nbsp;prvSetupHardware
</UL>

<P><STRONG><a name="[3a]"></a>customer_flash_suspend_bit</STRONG> (Thumb, 4 bytes, Stack size 0 bytes, bsp_flash_config.o(.text), UNUSED)
<BR><BR>[Called By]<UL><LI><a href="#[38]">&gt;&gt;</a>&nbsp;&nbsp;&nbsp;SF_DAL_CheckDeviceReady (via Veneer)
</UL>

<P><STRONG><a name="[4a]"></a>customer_switch_spi_mode_command</STRONG> (Thumb, 4 bytes, Stack size 0 bytes, bsp_flash_config.o(.text), UNUSED)
<BR><BR>[Called By]<UL><LI><a href="#[49]">&gt;&gt;</a>&nbsp;&nbsp;&nbsp;flash_Switch_Device_Mode (via Veneer)
</UL>

<P><STRONG><a name="[4b]"></a>customer_switch_spiq_mode_command</STRONG> (Thumb, 6 bytes, Stack size 0 bytes, bsp_flash_config.o(.text), UNUSED)
<BR><BR>[Called By]<UL><LI><a href="#[49]">&gt;&gt;</a>&nbsp;&nbsp;&nbsp;flash_Switch_Device_Mode (via Veneer)
</UL>

<P><STRONG><a name="[56]"></a>customer_flash_read_SR2_comand</STRONG> (Thumb, 4 bytes, Stack size 0 bytes, bsp_flash_config.o(.text), UNUSED)
<BR><BR>[Called By]<UL><LI><a href="#[39]">&gt;&gt;</a>&nbsp;&nbsp;&nbsp;flash_read_sr2 (via Veneer)
</UL>

<P><STRONG><a name="[23]"></a>customer_flash_register</STRONG> (Thumb, 4 bytes, Stack size 0 bytes, bsp_flash_config.o(.text))
<BR><BR>[Called By]<UL><LI><a href="#[22]">&gt;&gt;</a>&nbsp;&nbsp;&nbsp;flash_sfc_config (via Veneer)
<LI><a href="#[4f]">&gt;&gt;</a>&nbsp;&nbsp;&nbsp;flash_switch_mode (via Veneer)
</UL>

<P><STRONG><a name="[97]"></a>DMA_Stop</STRONG> (Thumb, 18 bytes, Stack size 0 bytes, dma.o(.text))
<BR><BR>[Called By]<UL><LI><a href="#[a8]">&gt;&gt;</a>&nbsp;&nbsp;&nbsp;DMA_Vfifo_Flush
<LI><a href="#[a6]">&gt;&gt;</a>&nbsp;&nbsp;&nbsp;dma_set_channel_idle
<LI><a href="#[9e]">&gt;&gt;</a>&nbsp;&nbsp;&nbsp;DMA_LISR
<LI><a href="#[9a]">&gt;&gt;</a>&nbsp;&nbsp;&nbsp;DMA_Config_Internal
<LI><a href="#[99]">&gt;&gt;</a>&nbsp;&nbsp;&nbsp;DMA_FullSize_FreeChannel
<LI><a href="#[98]">&gt;&gt;</a>&nbsp;&nbsp;&nbsp;DMA_FreeChannel
<LI><a href="#[96]">&gt;&gt;</a>&nbsp;&nbsp;&nbsp;DMA_Run
<LI><a href="#[ba]">&gt;&gt;</a>&nbsp;&nbsp;&nbsp;I2sVdmaRxStop
<LI><a href="#[b9]">&gt;&gt;</a>&nbsp;&nbsp;&nbsp;I2sVdmaTxStop
<LI><a href="#[10d]">&gt;&gt;</a>&nbsp;&nbsp;&nbsp;hal_i2s_stop_rx_vfifo
<LI><a href="#[10c]">&gt;&gt;</a>&nbsp;&nbsp;&nbsp;hal_i2s_stop_tx_vfifo
</UL>

<P><STRONG><a name="[96]"></a>DMA_Run</STRONG> (Thumb, 22 bytes, Stack size 4 bytes, dma.o(.text), UNUSED)
<BR><BR>[Calls]<UL><LI><a href="#[97]">&gt;&gt;</a>&nbsp;&nbsp;&nbsp;DMA_Stop
</UL>

<P><STRONG><a name="[1ff]"></a>DMA_GetChannel</STRONG> (Thumb, 60 bytes, Stack size 20 bytes, dma.o(.text), UNUSED)

<P><STRONG><a name="[98]"></a>DMA_FreeChannel</STRONG> (Thumb, 44 bytes, Stack size 8 bytes, dma.o(.text), UNUSED)
<BR><BR>[Calls]<UL><LI><a href="#[97]">&gt;&gt;</a>&nbsp;&nbsp;&nbsp;DMA_Stop
</UL>

<P><STRONG><a name="[200]"></a>DMA_FullSize_CheckIdleChannel</STRONG> (Thumb, 52 bytes, Stack size 20 bytes, dma.o(.text), UNUSED)

<P><STRONG><a name="[99]"></a>DMA_FullSize_FreeChannel</STRONG> (Thumb, 44 bytes, Stack size 8 bytes, dma.o(.text), UNUSED)
<BR><BR>[Calls]<UL><LI><a href="#[97]">&gt;&gt;</a>&nbsp;&nbsp;&nbsp;DMA_Stop
</UL>

<P><STRONG><a name="[9b]"></a>DMA_Clock_Enable</STRONG> (Thumb, 14 bytes, Stack size 0 bytes, dma.o(.text))
<BR><BR>[Called By]<UL><LI><a href="#[a7]">&gt;&gt;</a>&nbsp;&nbsp;&nbsp;DMA_Vfifo_init
<LI><a href="#[a5]">&gt;&gt;</a>&nbsp;&nbsp;&nbsp;dma_set_channel_busy
<LI><a href="#[a2]">&gt;&gt;</a>&nbsp;&nbsp;&nbsp;DMA_Init
<LI><a href="#[9a]">&gt;&gt;</a>&nbsp;&nbsp;&nbsp;DMA_Config_Internal
</UL>

<P><STRONG><a name="[9a]"></a>DMA_Config_Internal</STRONG> (Thumb, 550 bytes, Stack size 32 bytes, dma.o(.text), UNUSED)
<BR><BR>[Calls]<UL><LI><a href="#[9b]">&gt;&gt;</a>&nbsp;&nbsp;&nbsp;DMA_Clock_Enable
<LI><a href="#[97]">&gt;&gt;</a>&nbsp;&nbsp;&nbsp;DMA_Stop
<LI><a href="#[45]">&gt;&gt;</a>&nbsp;&nbsp;&nbsp;__2printf
</UL>

<P><STRONG><a name="[1]"></a>DMA_ERROR_LISR</STRONG> (Thumb, 2 bytes, Stack size 0 bytes, dma.o(.text))
<BR><BR>[Calls]<UL><LI><a href="#[1]">&gt;&gt;</a>&nbsp;&nbsp;&nbsp;DMA_ERROR_LISR
</UL>
<BR>[Called By]<UL><LI><a href="#[1]">&gt;&gt;</a>&nbsp;&nbsp;&nbsp;DMA_ERROR_LISR
</UL>
<BR>[Address Reference Count : 2]<UL><LI> dma.o(.text)
<LI> dma.o(.data)
</UL>
<P><STRONG><a name="[9c]"></a>DMA_Register</STRONG> (Thumb, 40 bytes, Stack size 8 bytes, dma.o(.text), UNUSED)
<BR><BR>[Calls]<UL><LI><a href="#[45]">&gt;&gt;</a>&nbsp;&nbsp;&nbsp;__2printf
</UL>

<P><STRONG><a name="[9d]"></a>DMA_UnRegister</STRONG> (Thumb, 46 bytes, Stack size 8 bytes, dma.o(.text), UNUSED)
<BR><BR>[Calls]<UL><LI><a href="#[45]">&gt;&gt;</a>&nbsp;&nbsp;&nbsp;__2printf
</UL>

<P><STRONG><a name="[a0]"></a>DMA_Clock_Disable</STRONG> (Thumb, 14 bytes, Stack size 0 bytes, dma.o(.text))
<BR><BR>[Called By]<UL><LI><a href="#[9e]">&gt;&gt;</a>&nbsp;&nbsp;&nbsp;DMA_LISR
</UL>

<P><STRONG><a name="[9e]"></a>DMA_LISR</STRONG> (Thumb, 572 bytes, Stack size 24 bytes, dma.o(.text))
<BR><BR>[Stack]<UL><LI>Max Depth = 24<LI>Call Chain = DMA_LISR
</UL>
<BR>[Calls]<UL><LI><a href="#[a1]">&gt;&gt;</a>&nbsp;&nbsp;&nbsp;hal_nvic_enable_irq
<LI><a href="#[9f]">&gt;&gt;</a>&nbsp;&nbsp;&nbsp;hal_nvic_disable_irq
<LI><a href="#[a0]">&gt;&gt;</a>&nbsp;&nbsp;&nbsp;DMA_Clock_Disable
<LI><a href="#[97]">&gt;&gt;</a>&nbsp;&nbsp;&nbsp;DMA_Stop
</UL>
<BR>[Address Reference Count : 1]<UL><LI> dma.o(.text)
</UL>
<P><STRONG><a name="[a2]"></a>DMA_Init</STRONG> (Thumb, 80 bytes, Stack size 16 bytes, dma.o(.text))
<BR><BR>[Stack]<UL><LI>Max Depth = 32<LI>Call Chain = DMA_Init &rArr; hal_nvic_register_isr_handler
</UL>
<BR>[Calls]<UL><LI><a href="#[a4]">&gt;&gt;</a>&nbsp;&nbsp;&nbsp;hal_nvic_set_priority
<LI><a href="#[a3]">&gt;&gt;</a>&nbsp;&nbsp;&nbsp;hal_nvic_register_isr_handler
<LI><a href="#[a1]">&gt;&gt;</a>&nbsp;&nbsp;&nbsp;hal_nvic_enable_irq
<LI><a href="#[9b]">&gt;&gt;</a>&nbsp;&nbsp;&nbsp;DMA_Clock_Enable
</UL>
<BR>[Called By]<UL><LI><a href="#[13f]">&gt;&gt;</a>&nbsp;&nbsp;&nbsp;hal_uart_set_dma
<LI><a href="#[fa]">&gt;&gt;</a>&nbsp;&nbsp;&nbsp;hal_i2s_set_config
</UL>

<P><STRONG><a name="[a5]"></a>dma_set_channel_busy</STRONG> (Thumb, 68 bytes, Stack size 16 bytes, dma.o(.text), UNUSED)
<BR><BR>[Calls]<UL><LI><a href="#[a4]">&gt;&gt;</a>&nbsp;&nbsp;&nbsp;hal_nvic_set_priority
<LI><a href="#[a3]">&gt;&gt;</a>&nbsp;&nbsp;&nbsp;hal_nvic_register_isr_handler
<LI><a href="#[a1]">&gt;&gt;</a>&nbsp;&nbsp;&nbsp;hal_nvic_enable_irq
<LI><a href="#[9b]">&gt;&gt;</a>&nbsp;&nbsp;&nbsp;DMA_Clock_Enable
</UL>

<P><STRONG><a name="[a6]"></a>dma_set_channel_idle</STRONG> (Thumb, 60 bytes, Stack size 12 bytes, dma.o(.text), UNUSED)
<BR><BR>[Calls]<UL><LI><a href="#[97]">&gt;&gt;</a>&nbsp;&nbsp;&nbsp;DMA_Stop
</UL>

<P><STRONG><a name="[a7]"></a>DMA_Vfifo_init</STRONG> (Thumb, 174 bytes, Stack size 4 bytes, dma.o(.text))
<BR><BR>[Stack]<UL><LI>Max Depth = 4<LI>Call Chain = DMA_Vfifo_init
</UL>
<BR>[Calls]<UL><LI><a href="#[9b]">&gt;&gt;</a>&nbsp;&nbsp;&nbsp;DMA_Clock_Enable
</UL>
<BR>[Called By]<UL><LI><a href="#[13f]">&gt;&gt;</a>&nbsp;&nbsp;&nbsp;hal_uart_set_dma
<LI><a href="#[fa]">&gt;&gt;</a>&nbsp;&nbsp;&nbsp;hal_i2s_set_config
</UL>

<P><STRONG><a name="[de]"></a>DMA_Vfifo_SetAdrs</STRONG> (Thumb, 24 bytes, Stack size 16 bytes, dma.o(.text), UNUSED)
<BR><BR>[Called By]<UL><LI><a href="#[df]">&gt;&gt;</a>&nbsp;&nbsp;&nbsp;halUART_Rx_VFIFO_Initialize
<LI><a href="#[dd]">&gt;&gt;</a>&nbsp;&nbsp;&nbsp;halUART_Tx_VFIFO_Initialize
</UL>

<P><STRONG><a name="[148]"></a>DMA_Vfifo_Set_timeout</STRONG> (Thumb, 10 bytes, Stack size 0 bytes, dma.o(.text), UNUSED)
<BR><BR>[Called By]<UL><LI><a href="#[147]">&gt;&gt;</a>&nbsp;&nbsp;&nbsp;hal_uart_set_dma_timeout
</UL>

<P><STRONG><a name="[132]"></a>DMA_Vfifo_enable_interrupt</STRONG> (Thumb, 16 bytes, Stack size 0 bytes, dma.o(.text), UNUSED)
<BR><BR>[Called By]<UL><LI><a href="#[13c]">&gt;&gt;</a>&nbsp;&nbsp;&nbsp;hal_uart_register_callback
<LI><a href="#[136]">&gt;&gt;</a>&nbsp;&nbsp;&nbsp;hal_uart_receive_dma
<LI><a href="#[12f]">&gt;&gt;</a>&nbsp;&nbsp;&nbsp;hal_uart_send_dma
</UL>

<P><STRONG><a name="[13b]"></a>DMA_Vfifo_disable_interrupt</STRONG> (Thumb, 16 bytes, Stack size 0 bytes, dma.o(.text))
<BR><BR>[Called By]<UL><LI><a href="#[13a]">&gt;&gt;</a>&nbsp;&nbsp;&nbsp;hal_uart_check_irq_disable
</UL>

<P><STRONG><a name="[a8]"></a>DMA_Vfifo_Flush</STRONG> (Thumb, 22 bytes, Stack size 4 bytes, dma.o(.text))
<BR><BR>[Stack]<UL><LI>Max Depth = 4<LI>Call Chain = DMA_Vfifo_Flush
</UL>
<BR>[Calls]<UL><LI><a href="#[97]">&gt;&gt;</a>&nbsp;&nbsp;&nbsp;DMA_Stop
</UL>
<BR>[Called By]<UL><LI><a href="#[b6]">&gt;&gt;</a>&nbsp;&nbsp;&nbsp;I2sVdmaRxStart
<LI><a href="#[b5]">&gt;&gt;</a>&nbsp;&nbsp;&nbsp;I2sVdmaTxStart
<LI><a href="#[df]">&gt;&gt;</a>&nbsp;&nbsp;&nbsp;halUART_Rx_VFIFO_Initialize
<LI><a href="#[dd]">&gt;&gt;</a>&nbsp;&nbsp;&nbsp;halUART_Tx_VFIFO_Initialize
</UL>

<P><STRONG><a name="[e1]"></a>DMA_Vfifo_Register_Callback</STRONG> (Thumb, 14 bytes, Stack size 0 bytes, dma.o(.text), UNUSED)
<BR><BR>[Called By]<UL><LI><a href="#[e0]">&gt;&gt;</a>&nbsp;&nbsp;&nbsp;halUART_VDMA_Rx_Register_Callback
<LI><a href="#[13c]">&gt;&gt;</a>&nbsp;&nbsp;&nbsp;hal_uart_register_callback
<LI><a href="#[110]">&gt;&gt;</a>&nbsp;&nbsp;&nbsp;hal_i2s_register_rx_vfifo_callback
<LI><a href="#[10f]">&gt;&gt;</a>&nbsp;&nbsp;&nbsp;hal_i2s_register_tx_vfifo_callback
</UL>

<P><STRONG><a name="[e3]"></a>DMA_Vfifo_Register_TO_Callback</STRONG> (Thumb, 12 bytes, Stack size 0 bytes, dma.o(.text), UNUSED)
<BR><BR>[Called By]<UL><LI><a href="#[e2]">&gt;&gt;</a>&nbsp;&nbsp;&nbsp;halUART_VDMA_Rx_Register_TO_Callback
</UL>

<P><STRONG><a name="[a9]"></a>get_sf_lock</STRONG> (Thumb, 46 bytes, Stack size 8 bytes, flash_sfc.o(.text), UNUSED)
<BR><BR>[Calls]<UL><LI><a href="#[34]">&gt;&gt;</a>&nbsp;&nbsp;&nbsp;save_and_set_interrupt_mask (via Veneer)
<LI><a href="#[37]">&gt;&gt;</a>&nbsp;&nbsp;&nbsp;restore_interrupt_mask (via Veneer)
</UL>
<BR>[Called By]<UL><LI><a href="#[26]">&gt;&gt;</a>&nbsp;&nbsp;&nbsp;retrieve_sf_lock
</UL>

<P><STRONG><a name="[29]"></a>free_sf_lock</STRONG> (Thumb, 32 bytes, Stack size 8 bytes, flash_sfc.o(.text), UNUSED)
<BR><BR>[Calls]<UL><LI><a href="#[34]">&gt;&gt;</a>&nbsp;&nbsp;&nbsp;save_and_set_interrupt_mask (via Veneer)
<LI><a href="#[37]">&gt;&gt;</a>&nbsp;&nbsp;&nbsp;restore_interrupt_mask (via Veneer)
</UL>
<BR>[Called By]<UL><LI><a href="#[ac]">&gt;&gt;</a>&nbsp;&nbsp;&nbsp;flash_sfc_write
<LI><a href="#[ab]">&gt;&gt;</a>&nbsp;&nbsp;&nbsp;hal_flash_direct_read
<LI><a href="#[aa]">&gt;&gt;</a>&nbsp;&nbsp;&nbsp;release_sf_lock
<LI><a href="#[2a]">&gt;&gt;</a>&nbsp;&nbsp;&nbsp;flash_sfc_erase (via Veneer)
<LI><a href="#[25]">&gt;&gt;</a>&nbsp;&nbsp;&nbsp;flash_sfc_read (via Veneer)
</UL>

<P><STRONG><a name="[26]"></a>retrieve_sf_lock</STRONG> (Thumb, 12 bytes, Stack size 8 bytes, flash_sfc.o(.text), UNUSED)
<BR><BR>[Calls]<UL><LI><a href="#[a9]">&gt;&gt;</a>&nbsp;&nbsp;&nbsp;get_sf_lock
</UL>
<BR>[Called By]<UL><LI><a href="#[ac]">&gt;&gt;</a>&nbsp;&nbsp;&nbsp;flash_sfc_write
<LI><a href="#[ab]">&gt;&gt;</a>&nbsp;&nbsp;&nbsp;hal_flash_direct_read
<LI><a href="#[2a]">&gt;&gt;</a>&nbsp;&nbsp;&nbsp;flash_sfc_erase (via Veneer)
<LI><a href="#[25]">&gt;&gt;</a>&nbsp;&nbsp;&nbsp;flash_sfc_read (via Veneer)
</UL>

<P><STRONG><a name="[aa]"></a>release_sf_lock</STRONG> (Thumb, 2 bytes, Stack size 0 bytes, flash_sfc.o(.text), UNUSED)
<BR><BR>[Calls]<UL><LI><a href="#[29]">&gt;&gt;</a>&nbsp;&nbsp;&nbsp;free_sf_lock
</UL>

<P><STRONG><a name="[ab]"></a>hal_flash_direct_read</STRONG> (Thumb, 28 bytes, Stack size 16 bytes, flash_sfc.o(.text), UNUSED)
<BR><BR>[Calls]<UL><LI><a href="#[26]">&gt;&gt;</a>&nbsp;&nbsp;&nbsp;retrieve_sf_lock
<LI><a href="#[29]">&gt;&gt;</a>&nbsp;&nbsp;&nbsp;free_sf_lock
<LI><a href="#[46]">&gt;&gt;</a>&nbsp;&nbsp;&nbsp;__aeabi_memcpy
</UL>
<BR>[Called By]<UL><LI><a href="#[eb]">&gt;&gt;</a>&nbsp;&nbsp;&nbsp;hal_flash_read
</UL>

<P><STRONG><a name="[ac]"></a>flash_sfc_write</STRONG> (Thumb, 50 bytes, Stack size 16 bytes, flash_sfc.o(.text), UNUSED)
<BR><BR>[Calls]<UL><LI><a href="#[2b]">&gt;&gt;</a>&nbsp;&nbsp;&nbsp;hal_cache_invalidate_all_cache_lines
<LI><a href="#[2c]">&gt;&gt;</a>&nbsp;&nbsp;&nbsp;hal_cache_disable
<LI><a href="#[5d]">&gt;&gt;</a>&nbsp;&nbsp;&nbsp;flash_write (via Veneer)
<LI><a href="#[26]">&gt;&gt;</a>&nbsp;&nbsp;&nbsp;retrieve_sf_lock
<LI><a href="#[29]">&gt;&gt;</a>&nbsp;&nbsp;&nbsp;free_sf_lock
<LI><a href="#[31]">&gt;&gt;</a>&nbsp;&nbsp;&nbsp;hal_cache_enable
</UL>
<BR>[Called By]<UL><LI><a href="#[ec]">&gt;&gt;</a>&nbsp;&nbsp;&nbsp;hal_flash_write
</UL>

<P><STRONG><a name="[ad]"></a>GPT_ResetTimer</STRONG> (Thumb, 62 bytes, Stack size 8 bytes, gpt.o(.text), UNUSED)
<BR><BR>[Calls]<UL><LI><a href="#[45]">&gt;&gt;</a>&nbsp;&nbsp;&nbsp;__2printf
</UL>
<BR>[Called By]<UL><LI><a href="#[ce]">&gt;&gt;</a>&nbsp;&nbsp;&nbsp;drvTMR_init
</UL>

<P><STRONG><a name="[ae]"></a>GPT_Start</STRONG> (Thumb, 64 bytes, Stack size 8 bytes, gpt.o(.text), UNUSED)
<BR><BR>[Calls]<UL><LI><a href="#[a1]">&gt;&gt;</a>&nbsp;&nbsp;&nbsp;hal_nvic_enable_irq
<LI><a href="#[45]">&gt;&gt;</a>&nbsp;&nbsp;&nbsp;__2printf
</UL>
<BR>[Called By]<UL><LI><a href="#[d0]">&gt;&gt;</a>&nbsp;&nbsp;&nbsp;TMR_Start
</UL>

<P><STRONG><a name="[cf]"></a>GPT_Stop</STRONG> (Thumb, 78 bytes, Stack size 0 bytes, gpt.o(.text), UNUSED)
<BR><BR>[Called By]<UL><LI><a href="#[d1]">&gt;&gt;</a>&nbsp;&nbsp;&nbsp;TMR_Stop
<LI><a href="#[ce]">&gt;&gt;</a>&nbsp;&nbsp;&nbsp;drvTMR_init
</UL>

<P><STRONG><a name="[af]"></a>GPT_INT_Handler</STRONG> (Thumb, 46 bytes, Stack size 8 bytes, gpt.o(.text))
<BR><BR>[Stack]<UL><LI>Max Depth = 8<LI>Call Chain = GPT_INT_Handler
</UL>
<BR>[Calls]<UL><LI><a href="#[b0]">&gt;&gt;</a>&nbsp;&nbsp;&nbsp;clear_TMR_INT_status_bit
</UL>
<BR>[Address Reference Count : 1]<UL><LI> gpt.o(.text)
</UL>
<P><STRONG><a name="[b1]"></a>GPT_init</STRONG> (Thumb, 152 bytes, Stack size 24 bytes, gpt.o(.text))
<BR><BR>[Stack]<UL><LI>Max Depth = 48<LI>Call Chain = GPT_init &rArr; __2printf
</UL>
<BR>[Calls]<UL><LI><a href="#[a4]">&gt;&gt;</a>&nbsp;&nbsp;&nbsp;hal_nvic_set_priority
<LI><a href="#[a3]">&gt;&gt;</a>&nbsp;&nbsp;&nbsp;hal_nvic_register_isr_handler
<LI><a href="#[a1]">&gt;&gt;</a>&nbsp;&nbsp;&nbsp;hal_nvic_enable_irq
<LI><a href="#[45]">&gt;&gt;</a>&nbsp;&nbsp;&nbsp;__2printf
</UL>
<BR>[Called By]<UL><LI><a href="#[b4]">&gt;&gt;</a>&nbsp;&nbsp;&nbsp;CM4_GPT4Init
<LI><a href="#[b3]">&gt;&gt;</a>&nbsp;&nbsp;&nbsp;CM4_GPT2Init
<LI><a href="#[ce]">&gt;&gt;</a>&nbsp;&nbsp;&nbsp;drvTMR_init
</UL>

<P><STRONG><a name="[b2]"></a>GPT_return_current_count</STRONG> (Thumb, 46 bytes, Stack size 8 bytes, gpt.o(.text))
<BR><BR>[Stack]<UL><LI>Max Depth = 32<LI>Call Chain = GPT_return_current_count &rArr; __2printf
</UL>
<BR>[Calls]<UL><LI><a href="#[45]">&gt;&gt;</a>&nbsp;&nbsp;&nbsp;__2printf
</UL>
<BR>[Called By]<UL><LI><a href="#[ca]">&gt;&gt;</a>&nbsp;&nbsp;&nbsp;get_current_gpt4_count
<LI><a href="#[c9]">&gt;&gt;</a>&nbsp;&nbsp;&nbsp;get_current_count
</UL>

<P><STRONG><a name="[b3]"></a>CM4_GPT2Init</STRONG> (Thumb, 8 bytes, Stack size 0 bytes, gpt.o(.text))
<BR><BR>[Stack]<UL><LI>Max Depth = 48<LI>Call Chain = CM4_GPT2Init &rArr; GPT_init &rArr; __2printf
</UL>
<BR>[Calls]<UL><LI><a href="#[b1]">&gt;&gt;</a>&nbsp;&nbsp;&nbsp;GPT_init
</UL>
<BR>[Called By]<UL><LI><a href="#[21]">&gt;&gt;</a>&nbsp;&nbsp;&nbsp;hal_gpt_get_free_run_count
<LI><a href="#[f4]">&gt;&gt;</a>&nbsp;&nbsp;&nbsp;hal_gpt_delay_ms
<LI><a href="#[d2]">&gt;&gt;</a>&nbsp;&nbsp;&nbsp;drvGPT2Init
</UL>

<P><STRONG><a name="[b4]"></a>CM4_GPT4Init</STRONG> (Thumb, 8 bytes, Stack size 0 bytes, gpt.o(.text))
<BR><BR>[Stack]<UL><LI>Max Depth = 48<LI>Call Chain = CM4_GPT4Init &rArr; GPT_init &rArr; __2printf
</UL>
<BR>[Calls]<UL><LI><a href="#[b1]">&gt;&gt;</a>&nbsp;&nbsp;&nbsp;GPT_init
</UL>
<BR>[Called By]<UL><LI><a href="#[21]">&gt;&gt;</a>&nbsp;&nbsp;&nbsp;hal_gpt_get_free_run_count
<LI><a href="#[f5]">&gt;&gt;</a>&nbsp;&nbsp;&nbsp;hal_gpt_delay_us
<LI><a href="#[d3]">&gt;&gt;</a>&nbsp;&nbsp;&nbsp;drvGPT4Init
</UL>

<P><STRONG><a name="[b5]"></a>I2sVdmaTxStart</STRONG> (Thumb, 60 bytes, Stack size 8 bytes, hal_i2s_internal.o(.text))
<BR><BR>[Stack]<UL><LI>Max Depth = 12<LI>Call Chain = I2sVdmaTxStart &rArr; DMA_Vfifo_Flush
</UL>
<BR>[Calls]<UL><LI><a href="#[a8]">&gt;&gt;</a>&nbsp;&nbsp;&nbsp;DMA_Vfifo_Flush
</UL>
<BR>[Called By]<UL><LI><a href="#[108]">&gt;&gt;</a>&nbsp;&nbsp;&nbsp;hal_i2s_setup_tx_vfifo
</UL>

<P><STRONG><a name="[b6]"></a>I2sVdmaRxStart</STRONG> (Thumb, 60 bytes, Stack size 8 bytes, hal_i2s_internal.o(.text))
<BR><BR>[Stack]<UL><LI>Max Depth = 12<LI>Call Chain = I2sVdmaRxStart &rArr; DMA_Vfifo_Flush
</UL>
<BR>[Calls]<UL><LI><a href="#[a8]">&gt;&gt;</a>&nbsp;&nbsp;&nbsp;DMA_Vfifo_Flush
</UL>
<BR>[Called By]<UL><LI><a href="#[10a]">&gt;&gt;</a>&nbsp;&nbsp;&nbsp;hal_i2s_setup_rx_vfifo
</UL>

<P><STRONG><a name="[b7]"></a>I2sSetVdmaTxIntrEn</STRONG> (Thumb, 38 bytes, Stack size 16 bytes, hal_i2s_internal.o(.text), UNUSED)
<BR><BR>[Calls]<UL><LI><a href="#[45]">&gt;&gt;</a>&nbsp;&nbsp;&nbsp;__2printf
</UL>
<BR>[Called By]<UL><LI><a href="#[101]">&gt;&gt;</a>&nbsp;&nbsp;&nbsp;hal_i2s_disable_tx_dma_interrupt
<LI><a href="#[100]">&gt;&gt;</a>&nbsp;&nbsp;&nbsp;hal_i2s_enable_tx_dma_interrupt
</UL>

<P><STRONG><a name="[b8]"></a>I2sSetVdmaRxIntrEn</STRONG> (Thumb, 38 bytes, Stack size 16 bytes, hal_i2s_internal.o(.text), UNUSED)
<BR><BR>[Calls]<UL><LI><a href="#[45]">&gt;&gt;</a>&nbsp;&nbsp;&nbsp;__2printf
</UL>
<BR>[Called By]<UL><LI><a href="#[103]">&gt;&gt;</a>&nbsp;&nbsp;&nbsp;hal_i2s_disable_rx_dma_interrupt
<LI><a href="#[102]">&gt;&gt;</a>&nbsp;&nbsp;&nbsp;hal_i2s_enable_rx_dma_interrupt
</UL>

<P><STRONG><a name="[b9]"></a>I2sVdmaTxStop</STRONG> (Thumb, 12 bytes, Stack size 8 bytes, hal_i2s_internal.o(.text), UNUSED)
<BR><BR>[Calls]<UL><LI><a href="#[97]">&gt;&gt;</a>&nbsp;&nbsp;&nbsp;DMA_Stop
</UL>

<P><STRONG><a name="[ba]"></a>I2sVdmaRxStop</STRONG> (Thumb, 12 bytes, Stack size 8 bytes, hal_i2s_internal.o(.text), UNUSED)
<BR><BR>[Calls]<UL><LI><a href="#[97]">&gt;&gt;</a>&nbsp;&nbsp;&nbsp;DMA_Stop
</UL>

<P><STRONG><a name="[109]"></a>I2sSetVdmaTxThreshold</STRONG> (Thumb, 10 bytes, Stack size 0 bytes, hal_i2s_internal.o(.text))
<BR><BR>[Called By]<UL><LI><a href="#[108]">&gt;&gt;</a>&nbsp;&nbsp;&nbsp;hal_i2s_setup_tx_vfifo
</UL>

<P><STRONG><a name="[10b]"></a>I2sSetVdmaRxThreshold</STRONG> (Thumb, 10 bytes, Stack size 0 bytes, hal_i2s_internal.o(.text))
<BR><BR>[Called By]<UL><LI><a href="#[10a]">&gt;&gt;</a>&nbsp;&nbsp;&nbsp;hal_i2s_setup_rx_vfifo
</UL>

<P><STRONG><a name="[201]"></a>I2sWriteVdmaTxFifo</STRONG> (Thumb, 10 bytes, Stack size 0 bytes, hal_i2s_internal.o(.text), UNUSED)

<P><STRONG><a name="[202]"></a>I2sReadVdmaRxFifo</STRONG> (Thumb, 14 bytes, Stack size 0 bytes, hal_i2s_internal.o(.text), UNUSED)

<P><STRONG><a name="[105]"></a>I2sGetVdmaTxFifoCnt</STRONG> (Thumb, 8 bytes, Stack size 0 bytes, hal_i2s_internal.o(.text), UNUSED)
<BR><BR>[Called By]<UL><LI><a href="#[117]">&gt;&gt;</a>&nbsp;&nbsp;&nbsp;hal_i2s_disable_tx
<LI><a href="#[104]">&gt;&gt;</a>&nbsp;&nbsp;&nbsp;hal_i2s_get_tx_sample_count
</UL>

<P><STRONG><a name="[107]"></a>I2sGetVdmaRxFifoCnt</STRONG> (Thumb, 8 bytes, Stack size 0 bytes, hal_i2s_internal.o(.text), UNUSED)
<BR><BR>[Called By]<UL><LI><a href="#[106]">&gt;&gt;</a>&nbsp;&nbsp;&nbsp;hal_i2s_get_rx_sample_count
</UL>

<P><STRONG><a name="[bb]"></a>I2sSetGblCfg</STRONG> (Thumb, 204 bytes, Stack size 8 bytes, hal_i2s_internal.o(.text))
<BR><BR>[Stack]<UL><LI>Max Depth = 32<LI>Call Chain = I2sSetGblCfg &rArr; __2printf
</UL>
<BR>[Calls]<UL><LI><a href="#[45]">&gt;&gt;</a>&nbsp;&nbsp;&nbsp;__2printf
</UL>
<BR>[Called By]<UL><LI><a href="#[fa]">&gt;&gt;</a>&nbsp;&nbsp;&nbsp;hal_i2s_set_config
</UL>

<P><STRONG><a name="[bc]"></a>I2sSetDlCfg</STRONG> (Thumb, 168 bytes, Stack size 8 bytes, hal_i2s_internal.o(.text))
<BR><BR>[Stack]<UL><LI>Max Depth = 32<LI>Call Chain = I2sSetDlCfg &rArr; __2printf
</UL>
<BR>[Calls]<UL><LI><a href="#[45]">&gt;&gt;</a>&nbsp;&nbsp;&nbsp;__2printf
</UL>
<BR>[Called By]<UL><LI><a href="#[fa]">&gt;&gt;</a>&nbsp;&nbsp;&nbsp;hal_i2s_set_config
</UL>

<P><STRONG><a name="[bd]"></a>I2sSetUlCfg</STRONG> (Thumb, 204 bytes, Stack size 8 bytes, hal_i2s_internal.o(.text))
<BR><BR>[Stack]<UL><LI>Max Depth = 32<LI>Call Chain = I2sSetUlCfg &rArr; __2printf
</UL>
<BR>[Calls]<UL><LI><a href="#[45]">&gt;&gt;</a>&nbsp;&nbsp;&nbsp;__2printf
</UL>
<BR>[Called By]<UL><LI><a href="#[fa]">&gt;&gt;</a>&nbsp;&nbsp;&nbsp;hal_i2s_set_config
</UL>

<P><STRONG><a name="[fd]"></a>I2sClkFifoEn</STRONG> (Thumb, 48 bytes, Stack size 0 bytes, hal_i2s_internal.o(.text), UNUSED)
<BR><BR>[Called By]<UL><LI><a href="#[fe]">&gt;&gt;</a>&nbsp;&nbsp;&nbsp;hal_i2s_disable_audio_top
<LI><a href="#[fc]">&gt;&gt;</a>&nbsp;&nbsp;&nbsp;hal_i2s_enable_audio_top
</UL>

<P><STRONG><a name="[112]"></a>I2sDlEn</STRONG> (Thumb, 24 bytes, Stack size 0 bytes, hal_i2s_internal.o(.text), UNUSED)
<BR><BR>[Called By]<UL><LI><a href="#[117]">&gt;&gt;</a>&nbsp;&nbsp;&nbsp;hal_i2s_disable_tx
<LI><a href="#[111]">&gt;&gt;</a>&nbsp;&nbsp;&nbsp;hal_i2s_enable_tx
</UL>

<P><STRONG><a name="[116]"></a>I2sUlEn</STRONG> (Thumb, 24 bytes, Stack size 0 bytes, hal_i2s_internal.o(.text), UNUSED)
<BR><BR>[Called By]<UL><LI><a href="#[11a]">&gt;&gt;</a>&nbsp;&nbsp;&nbsp;hal_i2s_disable_rx
<LI><a href="#[115]">&gt;&gt;</a>&nbsp;&nbsp;&nbsp;hal_i2s_enable_rx
</UL>

<P><STRONG><a name="[f8]"></a>I2sReset</STRONG> (Thumb, 22 bytes, Stack size 0 bytes, hal_i2s_internal.o(.text), UNUSED)
<BR><BR>[Called By]<UL><LI><a href="#[f7]">&gt;&gt;</a>&nbsp;&nbsp;&nbsp;hal_i2s_deinit
</UL>

<P><STRONG><a name="[be]"></a>I2sCfgInitialSetting</STRONG> (Thumb, 348 bytes, Stack size 16 bytes, hal_i2s_internal.o(.text), UNUSED)
<BR><BR>[Calls]<UL><LI><a href="#[45]">&gt;&gt;</a>&nbsp;&nbsp;&nbsp;__2printf
</UL>
<BR>[Called By]<UL><LI><a href="#[f6]">&gt;&gt;</a>&nbsp;&nbsp;&nbsp;hal_i2s_init
</UL>

<P><STRONG><a name="[c1]"></a>xpllMicroDelay</STRONG> (Thumb, 20 bytes, Stack size 8 bytes, hal_i2s_internal.o(.text), UNUSED)
<BR><BR>[Called By]<UL><LI><a href="#[bf]">&gt;&gt;</a>&nbsp;&nbsp;&nbsp;xpllOpen
</UL>

<P><STRONG><a name="[bf]"></a>xpllOpen</STRONG> (Thumb, 382 bytes, Stack size 8 bytes, hal_i2s_internal.o(.text), UNUSED)
<BR><BR>[Calls]<UL><LI><a href="#[c1]">&gt;&gt;</a>&nbsp;&nbsp;&nbsp;xpllMicroDelay
<LI><a href="#[c0]">&gt;&gt;</a>&nbsp;&nbsp;&nbsp;top_xtal_freq_get
</UL>
<BR>[Called By]<UL><LI><a href="#[fc]">&gt;&gt;</a>&nbsp;&nbsp;&nbsp;hal_i2s_enable_audio_top
</UL>

<P><STRONG><a name="[ff]"></a>xpllClose</STRONG> (Thumb, 60 bytes, Stack size 0 bytes, hal_i2s_internal.o(.text), UNUSED)
<BR><BR>[Called By]<UL><LI><a href="#[fe]">&gt;&gt;</a>&nbsp;&nbsp;&nbsp;hal_i2s_disable_audio_top
</UL>

<P><STRONG><a name="[203]"></a>hal_lp_connsys_get_own_enable_int</STRONG> (Thumb, 12 bytes, Stack size 0 bytes, hal_lp.o(.text), UNUSED)

<P><STRONG><a name="[204]"></a>hal_lp_connsys_give_n9_own</STRONG> (Thumb, 12 bytes, Stack size 0 bytes, hal_lp.o(.text), UNUSED)

<P><STRONG><a name="[205]"></a>hal_lp_connsys_get_ownership</STRONG> (Thumb, 18 bytes, Stack size 8 bytes, hal_lp.o(.text), UNUSED)

<P><STRONG><a name="[c4]"></a>hal_lp_deep_sleep_set_rgu</STRONG> (Thumb, 26 bytes, Stack size 0 bytes, hal_lp.o(.text), UNUSED)
<BR><BR>[Called By]<UL><LI><a href="#[c2]">&gt;&gt;</a>&nbsp;&nbsp;&nbsp;hal_lp_deep_sleep
</UL>

<P><STRONG><a name="[c6]"></a>hal_lp_legacy_sleep_set_rgu</STRONG> (Thumb, 22 bytes, Stack size 0 bytes, hal_lp.o(.text), UNUSED)
<BR><BR>[Called By]<UL><LI><a href="#[c5]">&gt;&gt;</a>&nbsp;&nbsp;&nbsp;hal_lp_legacy_sleep
</UL>

<P><STRONG><a name="[c2]"></a>hal_lp_deep_sleep</STRONG> (Thumb, 206 bytes, Stack size 8 bytes, hal_lp.o(.text), UNUSED)
<BR><BR>[Calls]<UL><LI><a href="#[c4]">&gt;&gt;</a>&nbsp;&nbsp;&nbsp;hal_lp_deep_sleep_set_rgu
<LI><a href="#[c3]">&gt;&gt;</a>&nbsp;&nbsp;&nbsp;hal_lp_cm4_hclk_switch
</UL>

<P><STRONG><a name="[c5]"></a>hal_lp_legacy_sleep</STRONG> (Thumb, 206 bytes, Stack size 8 bytes, hal_lp.o(.text), UNUSED)
<BR><BR>[Calls]<UL><LI><a href="#[c6]">&gt;&gt;</a>&nbsp;&nbsp;&nbsp;hal_lp_legacy_sleep_set_rgu
<LI><a href="#[c3]">&gt;&gt;</a>&nbsp;&nbsp;&nbsp;hal_lp_cm4_hclk_switch
</UL>
<BR>[Called By]<UL><LI><a href="#[15a]">&gt;&gt;</a>&nbsp;&nbsp;&nbsp;hal_sleep_manager_enter_sleep_mode
</UL>

<P><STRONG><a name="[c7]"></a>hal_lp_handle_intr</STRONG> (Thumb, 28 bytes, Stack size 8 bytes, hal_lp.o(.text), UNUSED)
<BR><BR>[Calls]<UL><LI><a href="#[a4]">&gt;&gt;</a>&nbsp;&nbsp;&nbsp;hal_nvic_set_priority
<LI><a href="#[a3]">&gt;&gt;</a>&nbsp;&nbsp;&nbsp;hal_nvic_register_isr_handler
<LI><a href="#[a1]">&gt;&gt;</a>&nbsp;&nbsp;&nbsp;hal_nvic_enable_irq
</UL>
<BR>[Called By]<UL><LI><a href="#[159]">&gt;&gt;</a>&nbsp;&nbsp;&nbsp;hal_sleep_manager_init
</UL>

<P><STRONG><a name="[206]"></a>hal_lp_get_wic_wakeup</STRONG> (Thumb, 6 bytes, Stack size 0 bytes, hal_lp.o(.text), UNUSED)

<P><STRONG><a name="[207]"></a>hal_lp_get_wic_status</STRONG> (Thumb, 12 bytes, Stack size 0 bytes, hal_lp.o(.text), UNUSED)

<P><STRONG><a name="[84]"></a>hal_trng_init</STRONG> (Thumb, 4 bytes, Stack size 0 bytes, hal_trng.o(.text))
<BR><BR>[Called By]<UL><LI><a href="#[7c]">&gt;&gt;</a>&nbsp;&nbsp;&nbsp;system_init
</UL>

<P><STRONG><a name="[208]"></a>hal_trng_deinit</STRONG> (Thumb, 4 bytes, Stack size 0 bytes, hal_trng.o(.text), UNUSED)

<P><STRONG><a name="[85]"></a>hal_trng_get_generated_random_number</STRONG> (Thumb, 72 bytes, Stack size 16 bytes, hal_trng.o(.text))
<BR><BR>[Stack]<UL><LI>Max Depth = 56<LI>Call Chain = hal_trng_get_generated_random_number &rArr; delay_time &rArr; get_current_count &rArr; GPT_return_current_count &rArr; __2printf
</UL>
<BR>[Calls]<UL><LI><a href="#[c8]">&gt;&gt;</a>&nbsp;&nbsp;&nbsp;delay_time
</UL>
<BR>[Called By]<UL><LI><a href="#[7c]">&gt;&gt;</a>&nbsp;&nbsp;&nbsp;system_init
</UL>

<P><STRONG><a name="[c9]"></a>get_current_count</STRONG> (Thumb, 6 bytes, Stack size 0 bytes, timer.o(.text))
<BR><BR>[Stack]<UL><LI>Max Depth = 32<LI>Call Chain = get_current_count &rArr; GPT_return_current_count &rArr; __2printf
</UL>
<BR>[Calls]<UL><LI><a href="#[b2]">&gt;&gt;</a>&nbsp;&nbsp;&nbsp;GPT_return_current_count
</UL>
<BR>[Called By]<UL><LI><a href="#[21]">&gt;&gt;</a>&nbsp;&nbsp;&nbsp;hal_gpt_get_free_run_count
<LI><a href="#[c8]">&gt;&gt;</a>&nbsp;&nbsp;&nbsp;delay_time
</UL>

<P><STRONG><a name="[c8]"></a>delay_time</STRONG> (Thumb, 24 bytes, Stack size 8 bytes, timer.o(.text))
[...]
</UL>
<BR>[Calls]<UL><LI><a href="#[8d]">&gt;&gt;</a>&nbsp;&nbsp;&nbsp;log_uart_init
<LI><a href="#[8e]">&gt;&gt;</a>&nbsp;&nbsp;&nbsp;hal_flash_init
<LI><a href="#[88]">&gt;&gt;</a>&nbsp;&nbsp;&nbsp;hal_cache_set_size
<LI><a href="#[8a]">&gt;&gt;</a>&nbsp;&nbsp;&nbsp;hal_cache_region_enable
<LI><a href="#[8b]">&gt;&gt;</a>&nbsp;&nbsp;&nbsp;hal_cache_region_disable
<LI><a href="#[89]">&gt;&gt;</a>&nbsp;&nbsp;&nbsp;hal_cache_region_config
<LI><a href="#[87]">&gt;&gt;</a>&nbsp;&nbsp;&nbsp;hal_cache_init
<LI><a href="#[31]">&gt;&gt;</a>&nbsp;&nbsp;&nbsp;hal_cache_enable
<LI><a href="#[8c]">&gt;&gt;</a>&nbsp;&nbsp;&nbsp;bsp_ept_gpio_setting_init
</UL>
<BR>[Called By]<UL><LI><a href="#[7c]">&gt;&gt;</a>&nbsp;&nbsp;&nbsp;system_init
</UL>

<P><STRONG><a name="[c3]"></a>hal_lp_cm4_hclk_switch</STRONG> (Thumb, 46 bytes, Stack size 0 bytes, hal_lp.o(.text), UNUSED)
<BR><BR>[Called By]<UL><LI><a href="#[c5]">&gt;&gt;</a>&nbsp;&nbsp;&nbsp;hal_lp_legacy_sleep
<LI><a href="#[c2]">&gt;&gt;</a>&nbsp;&nbsp;&nbsp;hal_lp_deep_sleep
</UL>

<P><STRONG><a name="[6]"></a>hal_lp_wic_isr</STRONG> (Thumb, 14 bytes, Stack size 0 bytes, hal_lp.o(.text))
<BR>[Address Reference Count : 1]<UL><LI> hal_lp.o(.text)
</UL>
<P><STRONG><a name="[49]"></a>flash_Switch_Device_Mode</STRONG> (Thumb, 172 bytes, Stack size 8 bytes, spi_flash.o(.ramTEXT), UNUSED)
<BR><BR>[Calls]<UL><LI><a href="#[4b]">&gt;&gt;</a>&nbsp;&nbsp;&nbsp;customer_switch_spiq_mode_command (via Veneer)
<LI><a href="#[4a]">&gt;&gt;</a>&nbsp;&nbsp;&nbsp;customer_switch_spi_mode_command (via Veneer)
<LI><a href="#[41]">&gt;&gt;</a>&nbsp;&nbsp;&nbsp;sfc_Command_List
<LI><a href="#[45]">&gt;&gt;</a>&nbsp;&nbsp;&nbsp;__2printf (via Veneer)
</UL>
<BR>[Called By]<UL><LI><a href="#[4f]">&gt;&gt;</a>&nbsp;&nbsp;&nbsp;flash_switch_mode
</UL>

<P><STRONG><a name="[57]"></a>flash_write_sr</STRONG> (Thumb, 32 bytes, Stack size 8 bytes, spi_flash.o(.ramTEXT), UNUSED)
<BR><BR>[Calls]<UL><LI><a href="#[44]">&gt;&gt;</a>&nbsp;&nbsp;&nbsp;sfc_write
</UL>
<BR>[Called By]<UL><LI><a href="#[2e]">&gt;&gt;</a>&nbsp;&nbsp;&nbsp;flash_unprotect
<LI><a href="#[58]">&gt;&gt;</a>&nbsp;&nbsp;&nbsp;flash_protect
</UL>

<P><STRONG><a name="[8]"></a>hal_gpt_callback0</STRONG> (Thumb, 20 bytes, Stack size 16 bytes, hal_gpt.o(.text))
<BR><BR>[Stack]<UL><LI>Max Depth = 16<LI>Call Chain = hal_gpt_callback0
</UL>
<BR>[Address Reference Count : 1]<UL><LI> hal_gpt.o(.text)
</UL>
<P><STRONG><a name="[7]"></a>hal_gpt_callback1</STRONG> (Thumb, 22 bytes, Stack size 8 bytes, hal_gpt.o(.text))
<BR><BR>[Stack]<UL><LI>Max Depth = 8<LI>Call Chain = hal_gpt_callback1
</UL>
<BR>[Address Reference Count : 1]<UL><LI> hal_gpt.o(.text)
</UL>
<P><STRONG><a name="[ee]"></a>hal_gpt_is_port_valid</STRONG> (Thumb, 16 bytes, Stack size 0 bytes, hal_gpt.o(.text), UNUSED)
<BR><BR>[Called By]<UL><LI><a href="#[f3]">&gt;&gt;</a>&nbsp;&nbsp;&nbsp;hal_gpt_stop_timer
<LI><a href="#[f2]">&gt;&gt;</a>&nbsp;&nbsp;&nbsp;hal_gpt_start_timer_ms
<LI><a href="#[f1]">&gt;&gt;</a>&nbsp;&nbsp;&nbsp;hal_gpt_register_callback
<LI><a href="#[ef]">&gt;&gt;</a>&nbsp;&nbsp;&nbsp;hal_gpt_deinit
<LI><a href="#[ed]">&gt;&gt;</a>&nbsp;&nbsp;&nbsp;hal_gpt_init
</UL>

<P><STRONG><a name="[fb]"></a>i2s_is_sample_rate</STRONG> (Thumb, 58 bytes, Stack size 0 bytes, hal_i2s.o(.text))
<BR><BR>[Called By]<UL><LI><a href="#[fa]">&gt;&gt;</a>&nbsp;&nbsp;&nbsp;hal_i2s_set_config
</UL>

<P><STRONG><a name="[10e]"></a>i2s_dma_callback</STRONG> (Thumb, 26 bytes, Stack size 0 bytes, hal_i2s.o(.text))
<BR><BR>[Called By]<UL><LI><a href="#[a]">&gt;&gt;</a>&nbsp;&nbsp;&nbsp;i2x_rx_handler
<LI><a href="#[9]">&gt;&gt;</a>&nbsp;&nbsp;&nbsp;i2x_tx_handler
</UL>

<P><STRONG><a name="[9]"></a>i2x_tx_handler</STRONG> (Thumb, 4 bytes, Stack size 0 bytes, hal_i2s.o(.text))
<BR><BR>[Calls]<UL><LI><a href="#[10e]">&gt;&gt;</a>&nbsp;&nbsp;&nbsp;i2s_dma_callback
</UL>
<BR>[Address Reference Count : 1]<UL><LI> hal_i2s.o(.text)
</UL>
<P><STRONG><a name="[a]"></a>i2x_rx_handler</STRONG> (Thumb, 4 bytes, Stack size 0 bytes, hal_i2s.o(.text))
<BR><BR>[Calls]<UL><LI><a href="#[10e]">&gt;&gt;</a>&nbsp;&nbsp;&nbsp;i2s_dma_callback
</UL>
<BR>[Address Reference Count : 1]<UL><LI> hal_i2s.o(.text)
</UL>
<P><STRONG><a name="[11f]"></a>NVIC_ClearPendingIRQ</STRONG> (Thumb, 22 bytes, Stack size 0 bytes, hal_nvic.o(.text))
<BR><BR>[Called By]<UL><LI><a href="#[a3]">&gt;&gt;</a>&nbsp;&nbsp;&nbsp;hal_nvic_register_isr_handler
<LI><a href="#[11e]">&gt;&gt;</a>&nbsp;&nbsp;&nbsp;hal_nvic_clear_pending_irq
</UL>

<P><STRONG><a name="[13a]"></a>hal_uart_check_irq_disable</STRONG> (Thumb, 76 bytes, Stack size 24 bytes, hal_uart.o(.text))
<BR><BR>[Stack]<UL><LI>Max Depth = 24<LI>Call Chain = hal_uart_check_irq_disable
</UL>
<BR>[Calls]<UL><LI><a href="#[13b]">&gt;&gt;</a>&nbsp;&nbsp;&nbsp;DMA_Vfifo_disable_interrupt
<LI><a href="#[122]">&gt;&gt;</a>&nbsp;&nbsp;&nbsp;halUART_Get_VFIFO_Length
<LI><a href="#[131]">&gt;&gt;</a>&nbsp;&nbsp;&nbsp;uart_channel_to_dma_channel
</UL>
<BR>[Called By]<UL><LI><a href="#[d]">&gt;&gt;</a>&nbsp;&nbsp;&nbsp;hal_uart_send_callback1
<LI><a href="#[f]">&gt;&gt;</a>&nbsp;&nbsp;&nbsp;hal_uart_send_callback0
<LI><a href="#[14]">&gt;&gt;</a>&nbsp;&nbsp;&nbsp;hal_uart_receive_callback1
<LI><a href="#[13]">&gt;&gt;</a>&nbsp;&nbsp;&nbsp;hal_uart_receive_callback0
</UL>

<P><STRONG><a name="[13]"></a>hal_uart_receive_callback0</STRONG> (Thumb, 44 bytes, Stack size 8 bytes, hal_uart.o(.text))
<BR><BR>[Stack]<UL><LI>Max Depth = 32<LI>Call Chain = hal_uart_receive_callback0 &rArr; hal_uart_check_irq_disable
</UL>
<BR>[Calls]<UL><LI><a href="#[139]">&gt;&gt;</a>&nbsp;&nbsp;&nbsp;hal_uart_get_available_receive_bytes
<LI><a href="#[125]">&gt;&gt;</a>&nbsp;&nbsp;&nbsp;hal_uart_translate_port
<LI><a href="#[13a]">&gt;&gt;</a>&nbsp;&nbsp;&nbsp;hal_uart_check_irq_disable
</UL>
<BR>[Address Reference Count : 1]<UL><LI> hal_uart.o(.constdata)
</UL>
<P><STRONG><a name="[14]"></a>hal_uart_receive_callback1</STRONG> (Thumb, 66 bytes, Stack size 8 bytes, hal_uart.o(.text))
<BR><BR>[Stack]<UL><LI>Max Depth = 32<LI>Call Chain = hal_uart_receive_callback1 &rArr; hal_uart_check_irq_disable
</UL>
<BR>[Calls]<UL><LI><a href="#[139]">&gt;&gt;</a>&nbsp;&nbsp;&nbsp;hal_uart_get_available_receive_bytes
<LI><a href="#[125]">&gt;&gt;</a>&nbsp;&nbsp;&nbsp;hal_uart_translate_port
<LI><a href="#[13a]">&gt;&gt;</a>&nbsp;&nbsp;&nbsp;hal_uart_check_irq_disable
</UL>
<BR>[Address Reference Count : 1]<UL><LI> hal_uart.o(.constdata)
</UL>
<P><STRONG><a name="[f]"></a>hal_uart_send_callback0</STRONG> (Thumb, 36 bytes, Stack size 8 bytes, hal_uart.o(.text))
<BR><BR>[Stack]<UL><LI>Max Depth = 32<LI>Call Chain = hal_uart_send_callback0 &rArr; hal_uart_check_irq_disable
</UL>
<BR>[Calls]<UL><LI><a href="#[125]">&gt;&gt;</a>&nbsp;&nbsp;&nbsp;hal_uart_translate_port
<LI><a href="#[13a]">&gt;&gt;</a>&nbsp;&nbsp;&nbsp;hal_uart_check_irq_disable
</UL>
<BR>[Address Reference Count : 1]<UL><LI> hal_uart.o(.text)
</UL>
<P><STRONG><a name="[d]"></a>hal_uart_send_callback1</STRONG> (Thumb, 38 bytes, Stack size 8 bytes, hal_uart.o(.text))
<BR><BR>[Stack]<UL><LI>Max Depth = 32<LI>Call Chain = hal_uart_send_callback1 &rArr; hal_uart_check_irq_disable
</UL>
<BR>[Calls]<UL><LI><a href="#[125]">&gt;&gt;</a>&nbsp;&nbsp;&nbsp;hal_uart_translate_port
<LI><a href="#[13a]">&gt;&gt;</a>&nbsp;&nbsp;&nbsp;hal_uart_check_irq_disable
</UL>
<BR>[Address Reference Count : 1]<UL><LI> hal_uart.o(.text)
</UL>
<P><STRONG><a name="[124]"></a>hal_uart_is_config_valid</STRONG> (Thumb, 38 bytes, Stack size 0 bytes, hal_uart.o(.text))
<BR><BR>[Called By]<UL><LI><a href="#[126]">&gt;&gt;</a>&nbsp;&nbsp;&nbsp;hal_uart_init
<LI><a href="#[123]">&gt;&gt;</a>&nbsp;&nbsp;&nbsp;hal_uart_set_format
</UL>

<P><STRONG><a name="[125]"></a>hal_uart_translate_port</STRONG> (Thumb, 8 bytes, Stack size 0 bytes, hal_uart.o(.text))
<BR><BR>[Called By]<UL><LI><a href="#[13f]">&gt;&gt;</a>&nbsp;&nbsp;&nbsp;hal_uart_set_dma
<LI><a href="#[13c]">&gt;&gt;</a>&nbsp;&nbsp;&nbsp;hal_uart_register_callback
<LI><a href="#[139]">&gt;&gt;</a>&nbsp;&nbsp;&nbsp;hal_uart_get_available_receive_bytes
<LI><a href="#[138]">&gt;&gt;</a>&nbsp;&nbsp;&nbsp;hal_uart_get_available_send_space
<LI><a href="#[136]">&gt;&gt;</a>&nbsp;&nbsp;&nbsp;hal_uart_receive_dma
<LI><a href="#[12f]">&gt;&gt;</a>&nbsp;&nbsp;&nbsp;hal_uart_send_dma
<LI><a href="#[12a]">&gt;&gt;</a>&nbsp;&nbsp;&nbsp;hal_uart_deinit
<LI><a href="#[126]">&gt;&gt;</a>&nbsp;&nbsp;&nbsp;hal_uart_init
<LI><a href="#[123]">&gt;&gt;</a>&nbsp;&nbsp;&nbsp;hal_uart_set_format
<LI><a href="#[d]">&gt;&gt;</a>&nbsp;&nbsp;&nbsp;hal_uart_send_callback1
<LI><a href="#[f]">&gt;&gt;</a>&nbsp;&nbsp;&nbsp;hal_uart_send_callback0
<LI><a href="#[14]">&gt;&gt;</a>&nbsp;&nbsp;&nbsp;hal_uart_receive_callback1
<LI><a href="#[13]">&gt;&gt;</a>&nbsp;&nbsp;&nbsp;hal_uart_receive_callback0
</UL>

<P><STRONG><a name="[140]"></a>hal_uart_translate_timeout</STRONG> (Thumb, 18 bytes, Stack size 8 bytes, hal_uart.o(.text), UNUSED)
<BR><BR>[Calls]<UL><LI><a href="#[7f]">&gt;&gt;</a>&nbsp;&nbsp;&nbsp;top_mcu_freq_get
</UL>
<BR>[Called By]<UL><LI><a href="#[147]">&gt;&gt;</a>&nbsp;&nbsp;&nbsp;hal_uart_set_dma_timeout
<LI><a href="#[13f]">&gt;&gt;</a>&nbsp;&nbsp;&nbsp;hal_uart_set_dma
</UL>

<P><STRONG><a name="[131]"></a>uart_channel_to_dma_channel</STRONG> (Thumb, 22 bytes, Stack size 0 bytes, hal_uart.o(.text))
<BR><BR>[Called By]<UL><LI><a href="#[13c]">&gt;&gt;</a>&nbsp;&nbsp;&nbsp;hal_uart_register_callback
<LI><a href="#[136]">&gt;&gt;</a>&nbsp;&nbsp;&nbsp;hal_uart_receive_dma
<LI><a href="#[12f]">&gt;&gt;</a>&nbsp;&nbsp;&nbsp;hal_uart_send_dma
<LI><a href="#[13a]">&gt;&gt;</a>&nbsp;&nbsp;&nbsp;hal_uart_check_irq_disable
</UL>

<P><STRONG><a name="[10]"></a>sleep_GPT_CB</STRONG> (Thumb, 12 bytes, Stack size 0 bytes, hal_sleep_manager.o(.text))
<BR>[Address Reference Count : 1]<UL><LI> hal_sleep_manager.o(.text)
</UL>
<P><STRONG><a name="[11]"></a>rt_thread_idle_entry</STRONG> (Thumb, 14 bytes, Stack size 0 bytes, idle.o(.text))
<BR><BR>[Stack]<UL><LI>Max Depth = 304<LI>Call Chain = rt_thread_idle_entry &rArr; rt_thread_idle_excute &rArr; rt_object_delete &rArr; rt_free &rArr; rt_sem_take &rArr; rt_ipc_list_suspend &rArr; rt_thread_suspend &rArr; rt_timer_stop &rArr; rt_assert_handler &rArr; rt_kprintf &rArr; rt_vsnprintf &rArr; print_number
</UL>
<BR>[Calls]<UL><LI><a href="#[178]">&gt;&gt;</a>&nbsp;&nbsp;&nbsp;rt_thread_idle_excute
</UL>
<BR>[Address Reference Count : 1]<UL><LI> idle.o(.text)
</UL>
<P><STRONG><a name="[17a]"></a>_has_defunct_thread</STRONG> (Thumb, 16 bytes, Stack size 0 bytes, idle.o(.text))
<BR><BR>[Called By]<UL><LI><a href="#[178]">&gt;&gt;</a>&nbsp;&nbsp;&nbsp;rt_thread_idle_excute
</UL>

<P><STRONG><a name="[17f]"></a>rt_ipc_list_suspend</STRONG> (Thumb, 82 bytes, Stack size 24 bytes, ipc.o(.text))
<BR><BR>[Stack]<UL><LI>Max Depth = 224<LI>Call Chain = rt_ipc_list_suspend &rArr; rt_thread_suspend &rArr; rt_timer_stop &rArr; rt_assert_handler &rArr; rt_kprintf &rArr; rt_vsnprintf &rArr; print_number
</UL>
<BR>[Calls]<UL><LI><a href="#[180]">&gt;&gt;</a>&nbsp;&nbsp;&nbsp;rt_thread_suspend
<LI><a href="#[181]">&gt;&gt;</a>&nbsp;&nbsp;&nbsp;rt_list_insert_before
</UL>
<BR>[Called By]<UL><LI><a href="#[1b0]">&gt;&gt;</a>&nbsp;&nbsp;&nbsp;rt_mq_recv
<LI><a href="#[1a7]">&gt;&gt;</a>&nbsp;&nbsp;&nbsp;rt_mb_recv
<LI><a href="#[1a4]">&gt;&gt;</a>&nbsp;&nbsp;&nbsp;rt_mb_send_wait
<LI><a href="#[19d]">&gt;&gt;</a>&nbsp;&nbsp;&nbsp;rt_event_recv
<LI><a href="#[194]">&gt;&gt;</a>&nbsp;&nbsp;&nbsp;rt_mutex_take
<LI><a href="#[188]">&gt;&gt;</a>&nbsp;&nbsp;&nbsp;rt_sem_take
</UL>

<P><STRONG><a name="[181]"></a>rt_list_insert_before</STRONG> (Thumb, 14 bytes, Stack size 0 bytes, ipc.o(.text))
<BR><BR>[Called By]<UL><LI><a href="#[17f]">&gt;&gt;</a>&nbsp;&nbsp;&nbsp;rt_ipc_list_suspend
</UL>

<P><STRONG><a name="[18e]"></a>rt_ipc_list_resume</STRONG> (Thumb, 14 bytes, Stack size 8 bytes, ipc.o(.text))
<BR><BR>[Stack]<UL><LI>Max Depth = 208<LI>Call Chain = rt_ipc_list_resume &rArr; rt_thread_resume &rArr; rt_timer_stop &rArr; rt_assert_handler &rArr; rt_kprintf &rArr; rt_vsnprintf &rArr; print_number
</UL>
<BR>[Calls]<UL><LI><a href="#[19c]">&gt;&gt;</a>&nbsp;&nbsp;&nbsp;rt_thread_resume
</UL>
<BR>[Called By]<UL><LI><a href="#[1af]">&gt;&gt;</a>&nbsp;&nbsp;&nbsp;rt_mq_urgent
<LI><a href="#[1ad]">&gt;&gt;</a>&nbsp;&nbsp;&nbsp;rt_mq_send
<LI><a href="#[1a7]">&gt;&gt;</a>&nbsp;&nbsp;&nbsp;rt_mb_recv
<LI><a href="#[1a4]">&gt;&gt;</a>&nbsp;&nbsp;&nbsp;rt_mb_send_wait
<LI><a href="#[196]">&gt;&gt;</a>&nbsp;&nbsp;&nbsp;rt_mutex_release
<LI><a href="#[18d]">&gt;&gt;</a>&nbsp;&nbsp;&nbsp;rt_sem_release
</UL>

<P><STRONG><a name="[184]"></a>rt_ipc_list_resume_all</STRONG> (Thumb, 42 bytes, Stack size 16 bytes, ipc.o(.text), UNUSED)
<BR><BR>[Calls]<UL><LI><a href="#[78]">&gt;&gt;</a>&nbsp;&nbsp;&nbsp;rt_hw_interrupt_disable
<LI><a href="#[19c]">&gt;&gt;</a>&nbsp;&nbsp;&nbsp;rt_thread_resume
<LI><a href="#[162]">&gt;&gt;</a>&nbsp;&nbsp;&nbsp;rt_hw_interrupt_enable
</UL>
<BR>[Called By]<UL><LI><a href="#[1b1]">&gt;&gt;</a>&nbsp;&nbsp;&nbsp;rt_mq_control
<LI><a href="#[1ab]">&gt;&gt;</a>&nbsp;&nbsp;&nbsp;rt_mq_delete
<LI><a href="#[1aa]">&gt;&gt;</a>&nbsp;&nbsp;&nbsp;rt_mq_detach
<LI><a href="#[1a8]">&gt;&gt;</a>&nbsp;&nbsp;&nbsp;rt_mb_control
<LI><a href="#[1a3]">&gt;&gt;</a>&nbsp;&nbsp;&nbsp;rt_mb_delete
<LI><a href="#[1a0]">&gt;&gt;</a>&nbsp;&nbsp;&nbsp;rt_mb_detach
<LI><a href="#[19e]">&gt;&gt;</a>&nbsp;&nbsp;&nbsp;rt_event_control
<LI><a href="#[19a]">&gt;&gt;</a>&nbsp;&nbsp;&nbsp;rt_event_delete
<LI><a href="#[198]">&gt;&gt;</a>&nbsp;&nbsp;&nbsp;rt_event_detach
<LI><a href="#[193]">&gt;&gt;</a>&nbsp;&nbsp;&nbsp;rt_mutex_delete
<LI><a href="#[191]">&gt;&gt;</a>&nbsp;&nbsp;&nbsp;rt_mutex_detach
<LI><a href="#[18f]">&gt;&gt;</a>&nbsp;&nbsp;&nbsp;rt_sem_control
<LI><a href="#[187]">&gt;&gt;</a>&nbsp;&nbsp;&nbsp;rt_sem_delete
<LI><a href="#[183]">&gt;&gt;</a>&nbsp;&nbsp;&nbsp;rt_sem_detach
</UL>

<P><STRONG><a name="[1ba]"></a>print_number</STRONG> (Thumb, 294 bytes, Stack size 56 bytes, kservice.o(.text))
<BR><BR>[Stack]<UL><LI>Max Depth = 56<LI>Call Chain = print_number
</UL>
<BR>[Called By]<UL><LI><a href="#[1b8]">&gt;&gt;</a>&nbsp;&nbsp;&nbsp;rt_vsnprintf
</UL>

<P><STRONG><a name="[1b9]"></a>skip_atoi</STRONG> (Thumb, 40 bytes, Stack size 8 bytes, kservice.o(.text))
<BR><BR>[Stack]<UL><LI>Max Depth = 8<LI>Call Chain = skip_atoi
</UL>
<BR>[Called By]<UL><LI><a href="#[1b8]">&gt;&gt;</a>&nbsp;&nbsp;&nbsp;rt_vsnprintf
</UL>

<P><STRONG><a name="[1c1]"></a>plug_holes</STRONG> (Thumb, 130 bytes, Stack size 16 bytes, mem.o(.text))
<BR><BR>[Stack]<UL><LI>Max Depth = 184<LI>Call Chain = plug_holes &rArr; rt_assert_handler &rArr; rt_kprintf &rArr; rt_vsnprintf &rArr; print_number
</UL>
<BR>[Calls]<UL><LI><a href="#[16d]">&gt;&gt;</a>&nbsp;&nbsp;&nbsp;rt_assert_handler
</UL>
<BR>[Called By]<UL><LI><a href="#[1c2]">&gt;&gt;</a>&nbsp;&nbsp;&nbsp;rt_realloc
<LI><a href="#[17c]">&gt;&gt;</a>&nbsp;&nbsp;&nbsp;rt_free
</UL>

<P><STRONG><a name="[1c6]"></a>rt_list_insert_after</STRONG> (Thumb, 14 bytes, Stack size 0 bytes, object.o(.text))
<BR><BR>[Called By]<UL><LI><a href="#[186]">&gt;&gt;</a>&nbsp;&nbsp;&nbsp;rt_object_allocate
<LI><a href="#[16b]">&gt;&gt;</a>&nbsp;&nbsp;&nbsp;rt_object_init
</UL>

<P><STRONG><a name="[1c7]"></a>rt_list_remove</STRONG> (Thumb, 18 bytes, Stack size 0 bytes, object.o(.text))
<BR><BR>[Called By]<UL><LI><a href="#[17d]">&gt;&gt;</a>&nbsp;&nbsp;&nbsp;rt_object_delete
<LI><a href="#[16e]">&gt;&gt;</a>&nbsp;&nbsp;&nbsp;rt_object_detach
</UL>

<P><STRONG><a name="[1cb]"></a>_rt_scheduler_stack_check</STRONG> (Thumb, 76 bytes, Stack size 8 bytes, scheduler.o(.text))
<BR><BR>[Stack]<UL><LI>Max Depth = 176<LI>Call Chain = _rt_scheduler_stack_check &rArr; rt_assert_handler &rArr; rt_kprintf &rArr; rt_vsnprintf &rArr; print_number
</UL>
<BR>[Calls]<UL><LI><a href="#[78]">&gt;&gt;</a>&nbsp;&nbsp;&nbsp;rt_hw_interrupt_disable
<LI><a href="#[66]">&gt;&gt;</a>&nbsp;&nbsp;&nbsp;rt_kprintf
<LI><a href="#[16d]">&gt;&gt;</a>&nbsp;&nbsp;&nbsp;rt_assert_handler
</UL>
<BR>[Called By]<UL><LI><a href="#[18b]">&gt;&gt;</a>&nbsp;&nbsp;&nbsp;rt_schedule
</UL>

<P><STRONG><a name="[1d5]"></a>_rt_thread_init</STRONG> (Thumb, 140 bytes, Stack size 32 bytes, thread.o(.text))
<BR><BR>[Stack]<UL><LI>Max Depth = 232<LI>Call Chain = _rt_thread_init &rArr; rt_timer_init &rArr; rt_assert_handler &rArr; rt_kprintf &rArr; rt_vsnprintf &rArr; print_number
</UL>
<BR>[Calls]<UL><LI><a href="#[1d7]">&gt;&gt;</a>&nbsp;&nbsp;&nbsp;rt_timer_init
<LI><a href="#[1d6]">&gt;&gt;</a>&nbsp;&nbsp;&nbsp;rt_hw_stack_init
<LI><a href="#[1c4]">&gt;&gt;</a>&nbsp;&nbsp;&nbsp;rt_memset
<LI><a href="#[16d]">&gt;&gt;</a>&nbsp;&nbsp;&nbsp;rt_assert_handler
</UL>
<BR>[Called By]<UL><LI><a href="#[6a]">&gt;&gt;</a>&nbsp;&nbsp;&nbsp;rt_thread_create
<LI><a href="#[17e]">&gt;&gt;</a>&nbsp;&nbsp;&nbsp;rt_thread_init
</UL>

<P><STRONG><a name="[1d2]"></a>rt_list_insert_after</STRONG> (Thumb, 14 bytes, Stack size 0 bytes, thread.o(.text))
<BR><BR>[Called By]<UL><LI><a href="#[1da]">&gt;&gt;</a>&nbsp;&nbsp;&nbsp;rt_thread_delete
<LI><a href="#[1d9]">&gt;&gt;</a>&nbsp;&nbsp;&nbsp;rt_thread_detach
<LI><a href="#[1d0]">&gt;&gt;</a>&nbsp;&nbsp;&nbsp;rt_thread_exit
</UL>

<P><STRONG><a name="[1d4]"></a>rt_list_remove</STRONG> (Thumb, 18 bytes, Stack size 0 bytes, thread.o(.text))
<BR><BR>[Called By]<UL><LI><a href="#[1d3]">&gt;&gt;</a>&nbsp;&nbsp;&nbsp;rt_thread_timeout
<LI><a href="#[19c]">&gt;&gt;</a>&nbsp;&nbsp;&nbsp;rt_thread_resume
<LI><a href="#[164]">&gt;&gt;</a>&nbsp;&nbsp;&nbsp;rt_thread_yield
</UL>

<P><STRONG><a name="[1e1]"></a>rt_list_insert_after</STRONG> (Thumb, 14 bytes, Stack size 0 bytes, src_timer.o(.text))
<BR><BR>[Called By]<UL><LI><a href="#[18a]">&gt;&gt;</a>&nbsp;&nbsp;&nbsp;rt_timer_start
</UL>

<P><STRONG><a name="[1dd]"></a>_rt_timer_init</STRONG> (Thumb, 28 bytes, Stack size 8 bytes, src_timer.o(.text))
<BR><BR>[Stack]<UL><LI>Max Depth = 8<LI>Call Chain = _rt_timer_init
</UL>
<BR>[Called By]<UL><LI><a href="#[1df]">&gt;&gt;</a>&nbsp;&nbsp;&nbsp;rt_timer_create
<LI><a href="#[1d7]">&gt;&gt;</a>&nbsp;&nbsp;&nbsp;rt_timer_init
</UL>

<P><STRONG><a name="[1de]"></a>_rt_timer_remove</STRONG> (Thumb, 18 bytes, Stack size 0 bytes, src_timer.o(.text))
<BR><BR>[Called By]<UL><LI><a href="#[1e0]">&gt;&gt;</a>&nbsp;&nbsp;&nbsp;rt_timer_delete
<LI><a href="#[1d8]">&gt;&gt;</a>&nbsp;&nbsp;&nbsp;rt_timer_stop
<LI><a href="#[1d1]">&gt;&gt;</a>&nbsp;&nbsp;&nbsp;rt_timer_detach
<LI><a href="#[18a]">&gt;&gt;</a>&nbsp;&nbsp;&nbsp;rt_timer_start
<LI><a href="#[165]">&gt;&gt;</a>&nbsp;&nbsp;&nbsp;rt_timer_check
</UL>

<P><STRONG><a name="[1ec]"></a>_printf_core</STRONG> (Thumb, 996 bytes, Stack size 104 bytes, printf8.o(i._printf_core), UNUSED)
<BR><BR>[Calls]<UL><LI><a href="#[1ed]">&gt;&gt;</a>&nbsp;&nbsp;&nbsp;_printf_pre_padding
<LI><a href="#[1ee]">&gt;&gt;</a>&nbsp;&nbsp;&nbsp;_printf_post_padding
<LI><a href="#[1e7]">&gt;&gt;</a>&nbsp;&nbsp;&nbsp;__aeabi_uldivmod
</UL>
<BR>[Called By]<UL><LI><a href="#[1eb]">&gt;&gt;</a>&nbsp;&nbsp;&nbsp;__0printf$8
</UL>

<P><STRONG><a name="[1ee]"></a>_printf_post_padding</STRONG> (Thumb, 36 bytes, Stack size 24 bytes, printf8.o(i._printf_post_padding), UNUSED)
<BR><BR>[Called By]<UL><LI><a href="#[1ec]">&gt;&gt;</a>&nbsp;&nbsp;&nbsp;_printf_core
</UL>

<P><STRONG><a name="[1ed]"></a>_printf_pre_padding</STRONG> (Thumb, 46 bytes, Stack size 24 bytes, printf8.o(i._printf_pre_padding), UNUSED)
<BR><BR>[Called By]<UL><LI><a href="#[1ec]">&gt;&gt;</a>&nbsp;&nbsp;&nbsp;_printf_core
</UL>
<P>
<H3>
Undefined Global Symbols
</H3><HR></body></html>
