<html>
<body>
<pre>
<h1>µVision Build Log</h1>
<h2>Tool Versions:</h2>
IDE-Version: ¦ÌVision V5.16.0.0
Copyright (C) 2015 ARM Ltd and ARM Germany GmbH. All rights reserved.
License Information: cys cys, cs, LIC=GMZII-TK8G1-CX8U6-D1U6K-JRC7M-6WX9Y
 
Tool Versions:
Toolchain:       MDK-ARM Standard  Version: 5.16.0.0
Toolchain Path:  C:\Keil_v5\ARM\ARMCC\Bin
C Compiler:      Armcc.exe V5.06 (build 20)
Assembler:       Armasm.exe V5.06 (build 20)
Linker/Locator:  ArmLink.exe V5.06 (build 20)
Library Manager: ArmAr.exe V5.06 (build 20)
Hex Converter:   FromElf.exe V5.06 (build 20)
CPU DLL:         SARMCM3.DLL V5.16.0.0
Dialog DLL:      DCM.DLL V1.13.2.0
Target DLL:      Segger\JL2CM3.dll V2.99.15.2
Dialog DLL:      TCM.DLL V1.14.5.0
 
<h2>Project:</h2>
C:\workspace\rtthread-mtk_iot\bsp\mtk_iot\project.uvprojx
Project File Date:  10/11/2017

<h2>Output:</h2>
*** Using Compiler 'V5.06 (build 20)', folder: 'C:\Keil_v5\ARM\ARMCC\Bin'
Build target 'RT-Thread MTK-IOT'
compiling ethernetif.c...
linking...
Program Size: Code=258236 RO-data=24000 RW-data=40308 ZI-data=16204  
After Build - User command #1: fromelf --bin .\build\rtthread-mt76xx.axf --output rtthread.bin
".\build\rtthread-mt76xx.axf" - 0 Error(s), 0 Warning(s).

<h2>Collection of Component include folders:</h2>
  C:\workspace\rtthread-mtk_iot\bsp\mtk_iot\RTE
  C:\Keil_v5\ARM\PACK\MediaTek\MTx\4.6.0\driver\CMSIS\Device\MTK\mt7687\Include

<h2>Collection of Component Files used:</h2>
Build Time Elapsed:  00:00:03
</pre>
</body>
</html>
