Component: ARM Compiler 5.06 (build 20) Tool: armlink [4d35a3]

==============================================================================

Section Cross References

    netio.o(.text) refers to tcp.o(.text) for tcp_recved
    netio.o(.text) refers to clock.o(.text) for rt_tick_get
    netio.o(.text) refers to tcp_out.o(.text) for tcp_write
    netio.o(.text) refers to pbuf.o(.text) for pbuf_free
    netio.o(.text) refers to sys_arch.o(.text) for mem_free
    netio.o(.text) refers to ip4_addr.o(.constdata) for ip_addr_any
    netio.o(FSymTab) refers to netio.o(.rodata.name) for __fsym_netio_init_name
    netio.o(FSymTab) refers to netio.o(.text) for netio_init
    application.o(.text) refers to ethernetif.o(.text) for eth_system_device_init
    application.o(.text) refers to stm32f2_eth.o(.text) for rt_hw_stm32_eth_init
    application.o(.text) refers to sys_arch.o(.text) for lwip_sys_init
    application.o(.text) refers to kservice.o(.text) for rt_kprintf
    application.o(.text) refers to netio.o(.text) for netio_init
    application.o(.text) refers to thread.o(.text) for rt_thread_create
    startup.o(.text) refers to board.o(.text) for rt_hw_board_init
    startup.o(.text) refers to kservice.o(.text) for rt_show_version
    startup.o(.text) refers to clock.o(.text) for rt_system_tick_init
    startup.o(.text) refers to object.o(.text) for rt_system_object_init
    startup.o(.text) refers to timer.o(.text) for rt_system_timer_init
    startup.o(.text) refers to mem.o(.text) for rt_system_heap_init
    startup.o(.text) refers to scheduler.o(.text) for rt_system_scheduler_init
    startup.o(.text) refers to rtc.o(.text) for rt_hw_rtc_init
    startup.o(.text) refers to application.o(.text) for rt_application_init
    startup.o(.text) refers to shell.o(.text) for finsh_system_init
    startup.o(.text) refers to idle.o(.text) for rt_thread_idle_init
    startup.o(.text) refers to context_rvds.o(.text) for rt_hw_interrupt_disable
    24lcxx.o(.text) refers to i2c.o(.text) for I2C_IORW
    24lcxx.o(.text) refers to thread.o(.text) for rt_thread_delay
    24lcxx.o(.text) refers to device.o(.text) for rt_device_register
    24lcxx.o(.text) refers to kservice.o(.text) for rt_kprintf
    24lcxx.o(.text) refers to 24lcxx.o(.bss) for ee_dev
    24lcxx.o(FSymTab) refers to 24lcxx.o(.rodata.name) for __fsym_ee_reset_name
    24lcxx.o(FSymTab) refers to 24lcxx.o(.text) for ee_reset
    fm25lx.o(.text) refers to stm32f2xx_rcc.o(.text) for RCC_AHB1PeriphClockCmd
    fm25lx.o(.text) refers to stm32f2xx_gpio.o(.text) for GPIO_PinAFConfig
    fm25lx.o(.text) refers to stm32f2xx_spi.o(.text) for SPI_Cmd
    fm25lx.o(.text) refers to ipc.o(.text) for rt_sem_create
    fm25lx.o(.text) refers to kservice.o(.text) for rt_kprintf
    fm25lx.o(.text) refers to device.o(.text) for rt_device_register
    fm25lx.o(.text) refers to fm25lx.o(.data) for fram_lock
    fm25lx.o(.text) refers to fm25lx.o(.constdata) for __FUNCTION__
    fm25lx.o(.text) refers to fm25lx.o(.bss) for spi_flash_device
    fm25lx.o(FSymTab) refers to fm25lx.o(.rodata.name) for __fsym_fram_test_name
    fm25lx.o(FSymTab) refers to fm25lx.o(.text) for fram_test
    board.o(.text) refers to stm32f2xx_sdio.o(.text) for SDIO_ClockCmd
    board.o(.text) refers to stm32f2xx_rcc.o(.text) for RCC_APB2PeriphClockCmd
    board.o(.text) refers to stm32f2xx_gpio.o(.text) for GPIO_PinAFConfig
    board.o(.text) refers to stm32f2xx_dma.o(.text) for DMA_ClearFlag
    board.o(.text) refers to misc.o(.text) for NVIC_SetVectorTable
    board.o(.text) refers to irq.o(.text) for rt_interrupt_enter
    board.o(.text) refers to clock.o(.text) for rt_tick_increase
    board.o(.text) refers to usart.o(.text) for rt_hw_usart_init
    board.o(.text) refers to kservice.o(.text) for rt_console_set_device
    i2c.o(.text) refers to ipc.o(.text) for rt_mutex_take
    i2c.o(.text) refers to stm32f2xx_i2c.o(.text) for I2C_ClearFlag
    i2c.o(.text) refers to kservice.o(.text) for rt_kprintf
    i2c.o(.text) refers to stm32f2xx_dma.o(.text) for DMA_Init
    i2c.o(.text) refers to irq.o(.text) for rt_interrupt_enter
    i2c.o(.text) refers to i2c.o(.data) for i2c_mux
    i2c.o(.text) refers to i2c.o(.bss) for I2CDMA_InitStructure
    i2c.o(.text) refers to stm32f2xx_rcc.o(.text) for RCC_APB1PeriphClockCmd
    i2c.o(.text) refers to stm32f2xx_gpio.o(.text) for GPIO_Init
    i2c.o(.text) refers to misc.o(.text) for NVIC_Init
    rtc.o(.text) refers to kservice.o(.text) for rt_assert_handler
    rtc.o(.text) refers to stm32f2xx_rtc.o(.text) for RTC_GetTime
    rtc.o(.text) refers to stm32f2xx_rcc.o(.text) for RCC_APB1PeriphClockCmd
    rtc.o(.text) refers to stm32f2xx_pwr.o(.text) for PWR_BackupAccessCmd
    rtc.o(.text) refers to localtime.o(.text) for localtime
    rtc.o(.text) refers to device.o(.text) for rt_device_register
    rtc.o(.text) refers to mktime.o(.text) for mktime
[...]
    inet_chksum_pseudo_partial               0x0801190f   Thumb Code    80  inet_chksum.o(.text)
    ip_chksum_pseudo_partial                 0x0801195f   Thumb Code    36  inet_chksum.o(.text)
    inet_chksum                              0x08011983   Thumb Code    20  inet_chksum.o(.text)
    inet_chksum_pbuf                         0x08011997   Thumb Code    82  inet_chksum.o(.text)
    lwip_init                                0x08011a2d   Thumb Code    70  init.o(.text)
    memp_init_pool                           0x08011b6f   Thumb Code     2  memp.o(.text)
    memp_init                                0x08011b71   Thumb Code    26  memp.o(.text)
    memp_malloc_pool_fn                      0x08011bed   Thumb Code    52  memp.o(.text)
    memp_malloc_fn                           0x08011c21   Thumb Code    64  memp.o(.text)
    memp_free_pool                           0x08011ca9   Thumb Code    50  memp.o(.text)
    memp_free                                0x08011cdb   Thumb Code    56  memp.o(.text)
    netif_init                               0x08011de1   Thumb Code     2  netif.o(.text)
    netif_input                              0x08011de3   Thumb Code    36  netif.o(.text)
    netif_set_ipaddr                         0x08011e2b   Thumb Code    72  netif.o(.text)
    netif_set_gw                             0x08011e73   Thumb Code    12  netif.o(.text)
    netif_set_netmask                        0x08011e7f   Thumb Code    12  netif.o(.text)
    netif_set_addr                           0x08011e8b   Thumb Code    72  netif.o(.text)
    netif_add                                0x08011ed3   Thumb Code   128  netif.o(.text)
    netif_set_default                        0x08011f53   Thumb Code     6  netif.o(.text)
    netif_set_down                           0x08011f59   Thumb Code    42  netif.o(.text)
    netif_remove                             0x08011f83   Thumb Code   110  netif.o(.text)
    netif_find                               0x08011ff1   Thumb Code    64  netif.o(.text)
    netif_set_up                             0x08012031   Thumb Code    44  netif.o(.text)
    netif_set_link_up                        0x0801205d   Thumb Code    52  netif.o(.text)
    netif_set_link_down                      0x08012091   Thumb Code    24  netif.o(.text)
    pbuf_free                                0x08012179   Thumb Code   208  pbuf.o(.text)
    pbuf_alloc                               0x08012249   Thumb Code  1146  pbuf.o(.text)
    pbuf_realloc                             0x080126c3   Thumb Code   266  pbuf.o(.text)
    pbuf_header                              0x080128af   Thumb Code    18  pbuf.o(.text)
    pbuf_header_force                        0x080128c1   Thumb Code    18  pbuf.o(.text)
    pbuf_clen                                0x080128d3   Thumb Code    18  pbuf.o(.text)
    pbuf_ref                                 0x080128e5   Thumb Code    60  pbuf.o(.text)
    pbuf_cat                                 0x08012921   Thumb Code   138  pbuf.o(.text)
    pbuf_chain                               0x080129ab   Thumb Code    22  pbuf.o(.text)
    pbuf_dechain                             0x080129c1   Thumb Code   122  pbuf.o(.text)
    pbuf_copy                                0x08012a3b   Thumb Code   762  pbuf.o(.text)
    pbuf_copy_partial                        0x08012d35   Thumb Code   190  pbuf.o(.text)
    pbuf_skip                                0x08012e15   Thumb Code    28  pbuf.o(.text)
    pbuf_take                                0x08012e31   Thumb Code   260  pbuf.o(.text)
    pbuf_take_at                             0x08012f35   Thumb Code   118  pbuf.o(.text)
    pbuf_coalesce                            0x08012fab   Thumb Code    84  pbuf.o(.text)
    pbuf_try_get_at                          0x08012fff   Thumb Code    46  pbuf.o(.text)
    pbuf_get_at                              0x0801302d   Thumb Code   364  pbuf.o(.text)
    pbuf_put_at                              0x08013199   Thumb Code    42  pbuf.o(.text)
    pbuf_memcmp                              0x080131c3   Thumb Code    98  pbuf.o(.text)
    pbuf_memfind                             0x08013225   Thumb Code    72  pbuf.o(.text)
    pbuf_strstr                              0x0801326d   Thumb Code    60  pbuf.o(.text)
    tcp_init                                 0x080132a9   Thumb Code     2  tcp.o(.text)
    tcp_seg_free                             0x080132ab   Thumb Code    26  tcp.o(.text)
    tcp_segs_free                            0x080132c5   Thumb Code    24  tcp.o(.text)
    tcp_pcb_purge                            0x080132dd   Thumb Code    72  tcp.o(.text)
    tcp_slowtmr                              0x08013325   Thumb Code  1400  tcp.o(.text)
    tcp_pcb_remove                           0x0801391d   Thumb Code   202  tcp.o(.text)
    tcp_close                                0x08013ced   Thumb Code    28  tcp.o(.text)
    tcp_update_rcv_ann_wnd                   0x08013d09   Thumb Code   106  tcp.o(.text)
    tcp_recved                               0x08013d73   Thumb Code   146  tcp.o(.text)
    tcp_recv_null                            0x08013e05   Thumb Code    46  tcp.o(.text)
    tcp_process_refused_data                 0x08013e33   Thumb Code   150  tcp.o(.text)
    tcp_fasttmr                              0x08013ec9   Thumb Code   130  tcp.o(.text)
    tcp_tmr                                  0x08013f4b   Thumb Code    30  tcp.o(.text)
    tcp_shutdown                             0x08013f69   Thumb Code    98  tcp.o(.text)
    tcp_abandon                              0x08013fcb   Thumb Code   258  tcp.o(.text)
    tcp_abort                                0x080140cd   Thumb Code    14  tcp.o(.text)
    tcp_bind                                 0x080141f9   Thumb Code   184  tcp.o(.text)
    tcp_listen_with_backlog_and_err          0x080142c5   Thumb Code   222  tcp.o(.text)
    tcp_listen_with_backlog                  0x080143a3   Thumb Code    18  tcp.o(.text)
    tcp_eff_send_mss_impl                    0x080143b5   Thumb Code    58  tcp.o(.text)
    tcp_next_iss                             0x080143ef   Thumb Code    22  tcp.o(.text)
    tcp_connect                              0x08014405   Thumb Code   338  tcp.o(.text)
    tcp_txnow                                0x08014557   Thumb Code    30  tcp.o(.text)
    tcp_setprio                              0x08014575   Thumb Code     4  tcp.o(.text)
    tcp_seg_copy                             0x08014579   Thumb Code    44  tcp.o(.text)
    tcp_alloc                                0x08014729   Thumb Code   204  tcp.o(.text)
    tcp_new                                  0x080147f5   Thumb Code    10  tcp.o(.text)
    tcp_new_ip_type                          0x080147ff   Thumb Code    16  tcp.o(.text)
    tcp_arg                                  0x0801480f   Thumb Code     6  tcp.o(.text)
    tcp_recv                                 0x08014815   Thumb Code    44  tcp.o(.text)
    tcp_sent                                 0x08014841   Thumb Code    42  tcp.o(.text)
    tcp_err                                  0x0801486b   Thumb Code    44  tcp.o(.text)
    tcp_accept                               0x08014897   Thumb Code    16  tcp.o(.text)
    tcp_poll                                 0x080148a7   Thumb Code    46  tcp.o(.text)
    tcp_netif_ip_addr_changed                0x080148ff   Thumb Code    70  tcp.o(.text)
    tcp_debug_state_str                      0x08014945   Thumb Code    10  tcp.o(.text)
    tcp_input                                0x08016109   Thumb Code  1854  tcp_in.o(.text)
    tcp_trigger_input_pcb_close              0x08016847   Thumb Code    14  tcp_in.o(.text)
    tcp_enqueue_flags                        0x08016a1f   Thumb Code   404  tcp_out.o(.text)
    tcp_send_fin                             0x08016bb3   Thumb Code    74  tcp_out.o(.text)
    tcp_write                                0x08016e79   Thumb Code  1898  tcp_out.o(.text)
    tcp_send_empty_ack                       0x080175e3   Thumb Code   142  tcp_out.o(.text)
    tcp_output                               0x08017747   Thumb Code   862  tcp_out.o(.text)
    tcp_rst                                  0x08017aa5   Thumb Code   182  tcp_out.o(.text)
    tcp_rexmit_rto                           0x08017b5b   Thumb Code    66  tcp_out.o(.text)
    tcp_rexmit                               0x08017b9d   Thumb Code    98  tcp_out.o(.text)
    tcp_rexmit_fast                          0x08017bff   Thumb Code   110  tcp_out.o(.text)
    tcp_keepalive                            0x08017c6d   Thumb Code   114  tcp_out.o(.text)
    tcp_zero_window_probe                    0x08017cdf   Thumb Code   264  tcp_out.o(.text)
    sys_timeout                              0x08017de9   Thumb Code   232  timeouts.o(.text)
    tcp_timer_needed                         0x08017ef9   Thumb Code    38  timeouts.o(.text)
    sys_timeouts_init                        0x08017f35   Thumb Code    38  timeouts.o(.text)
    sys_untimeout                            0x08017f5b   Thumb Code    90  timeouts.o(.text)
    sys_restart_timeouts                     0x08018025   Thumb Code    12  timeouts.o(.text)
    sys_timeouts_mbox_fetch                  0x08018061   Thumb Code    58  timeouts.o(.text)
    udp_init                                 0x08018135   Thumb Code     2  udp.o(.text)
    udp_input                                0x080181c9   Thumb Code   364  udp.o(.text)
    udp_bind                                 0x08018335   Thumb Code   138  udp.o(.text)
    udp_sendto_if_src                        0x080183bf   Thumb Code   258  udp.o(.text)
    udp_sendto_if                            0x080184c1   Thumb Code    82  udp.o(.text)
    udp_sendto                               0x08018513   Thumb Code   194  udp.o(.text)
    udp_send                                 0x080185d5   Thumb Code    30  udp.o(.text)
    udp_connect                              0x080185f3   Thumb Code   104  udp.o(.text)
    udp_disconnect                           0x0801865b   Thumb Code    16  udp.o(.text)
    udp_recv                                 0x0801866b   Thumb Code     6  udp.o(.text)
    udp_remove                               0x08018671   Thumb Code    64  udp.o(.text)
    udp_new                                  0x080186b1   Thumb Code    36  udp.o(.text)
    udp_new_ip_type                          0x080186d5   Thumb Code    14  udp.o(.text)
    udp_netif_ip_addr_changed                0x080186e3   Thumb Code    42  udp.o(.text)
    ethernet_input                           0x08018711   Thumb Code   196  ethernet.o(.text)
    ethernet_output                          0x080187d5   Thumb Code   114  ethernet.o(.text)
    eth_device_init_with_flag                0x0801893d   Thumb Code   172  ethernetif.o(.text)
    eth_device_init                          0x080189e9   Thumb Code    20  ethernetif.o(.text)
    eth_device_ready                         0x080189fd   Thumb Code    22  ethernetif.o(.text)
    eth_device_linkchange                    0x08018a13   Thumb Code    64  ethernetif.o(.text)
    eth_system_device_init                   0x08018b41   Thumb Code   206  ethernetif.o(.text)
    set_if                                   0x08018c0f   Thumb Code   534  ethernetif.o(.text)
    set_dns                                  0x08018e25   Thumb Code    26  ethernetif.o(.text)
    list_if                                  0x08018e3f   Thumb Code   288  ethernetif.o(.text)
    list_tcps                                0x08018f5f   Thumb Code   260  ethernetif.o(.text)
    dhcp_renew                               0x0801a401   Thumb Code   178  dhcp.o(.text)
    dhcp_supplied_address                    0x0801a5ed   Thumb Code    34  dhcp.o(.text)
    dhcp_release                             0x0801a60f   Thumb Code   276  dhcp.o(.text)
    dhcp_coarse_tmr                          0x0801a723   Thumb Code   100  dhcp.o(.text)
    dhcp_fine_tmr                            0x0801a8c9   Thumb Code    54  dhcp.o(.text)
    dhcp_set_struct                          0x0801a8ff   Thumb Code    98  dhcp.o(.text)
    dhcp_cleanup                             0x0801a961   Thumb Code    46  dhcp.o(.text)
    dhcp_stop                                0x0801a98f   Thumb Code    92  dhcp.o(.text)
    dhcp_start                               0x0801a9eb   Thumb Code   230  dhcp.o(.text)
    dhcp_inform                              0x0801aad1   Thumb Code   330  dhcp.o(.text)
    dhcp_network_changed                     0x0801ac1b   Thumb Code    74  dhcp.o(.text)
    dhcp_arp_reply                           0x0801acef   Thumb Code    64  dhcp.o(.text)
    etharp_request                           0x0801aeef   Thumb Code    18  etharp.o(.text)
    etharp_tmr                               0x0801af01   Thumb Code   216  etharp.o(.text)
    etharp_cleanup_netif                     0x0801b3bb   Thumb Code    52  etharp.o(.text)
    etharp_find_addr                         0x0801b3ef   Thumb Code   110  etharp.o(.text)
    etharp_get_entry                         0x0801b45d   Thumb Code   164  etharp.o(.text)
    etharp_input                             0x0801b501   Thumb Code   214  etharp.o(.text)
    etharp_query                             0x0801b775   Thumb Code   598  etharp.o(.text)
    etharp_output                            0x0801b9cb   Thumb Code   508  etharp.o(.text)
    icmp_input                               0x0801bbd1   Thumb Code   474  icmp.o(.text)
    icmp_dest_unreach                        0x0801be43   Thumb Code    18  icmp.o(.text)
    ip4_route                                0x0801bf29   Thumb Code   134  ip4.o(.text)
    ip4_input                                0x0801bfaf   Thumb Code   510  ip4.o(.text)
    ip4_output_if_src                        0x0801c1ad   Thumb Code   310  ip4.o(.text)
    ip4_output_if                            0x0801c2e3   Thumb Code   186  ip4.o(.text)
    ip4_output                               0x0801c39d   Thumb Code    86  ip4.o(.text)
    ip4_addr_isbroadcast_u32                 0x0801c3f5   Thumb Code    78  ip4_addr.o(.text)
    ip4_addr_netmask_valid                   0x0801c443   Thumb Code    56  ip4_addr.o(.text)
    ip4addr_aton                             0x0801c47b   Thumb Code   416  ip4_addr.o(.text)
    ipaddr_addr                              0x0801c61b   Thumb Code    24  ip4_addr.o(.text)
    ip4addr_ntoa_r                           0x0801c633   Thumb Code   168  ip4_addr.o(.text)
    ip4addr_ntoa                             0x0801c6db   Thumb Code    16  ip4_addr.o(.text)
    atoi                                     0x0801c739   Thumb Code    26  atoi.o(.text)
    srand                                    0x0801c755   Thumb Code    42  rand.o(.text)
    _rand_init                               0x0801c77f   Thumb Code     4  rand.o(.text)
    memcmp                                   0x0801c791   Thumb Code    88  memcmp.o(.text)
    strcpy                                   0x0801c7e9   Thumb Code    72  strcpy.o(.text)
    strlen                                   0x0801c831   Thumb Code    62  strlen.o(.text)
    strncmp                                  0x0801c86f   Thumb Code   150  strncmp.o(.text)
    strcat                                   0x0801c905   Thumb Code    24  strcat.o(.text)
    __aeabi_memcpy                           0x0801c91d   Thumb Code     0  rt_memcpy_v6.o(.text)
    __rt_memcpy                              0x0801c91d   Thumb Code   138  rt_memcpy_v6.o(.text)
    _memcpy_lastbytes                        0x0801c983   Thumb Code     0  rt_memcpy_v6.o(.text)
    __aeabi_memcpy4                          0x0801c9a7   Thumb Code     0  rt_memcpy_w.o(.text)
    __aeabi_memcpy8                          0x0801c9a7   Thumb Code     0  rt_memcpy_w.o(.text)
    __rt_memcpy_w                            0x0801c9a7   Thumb Code   100  rt_memcpy_w.o(.text)
    _memcpy_lastbytes_aligned                0x0801c9ef   Thumb Code     0  rt_memcpy_w.o(.text)
    __aeabi_memset                           0x0801ca0b   Thumb Code    16  aeabi_memset.o(.text)
    __aeabi_memclr                           0x0801ca1b   Thumb Code     0  rt_memclr.o(.text)
    __rt_memclr                              0x0801ca1b   Thumb Code    68  rt_memclr.o(.text)
    _memset                                  0x0801ca1f   Thumb Code     0  rt_memclr.o(.text)
    __aeabi_memclr4                          0x0801ca5f   Thumb Code     0  rt_memclr_w.o(.text)
    __aeabi_memclr8                          0x0801ca5f   Thumb Code     0  rt_memclr_w.o(.text)
    __rt_memclr_w                            0x0801ca5f   Thumb Code    78  rt_memclr_w.o(.text)
    _memset_w                                0x0801ca63   Thumb Code     0  rt_memclr_w.o(.text)
    strncpy                                  0x0801caad   Thumb Code    86  strncpy.o(.text)
    strcmp                                   0x0801cb05   Thumb Code   128  strcmpv7m.o(.text)
    ctime                                    0x0801cb85   Thumb Code    14  ctime.o(.text)
    localtime                                0x0801cb95   Thumb Code     6  localtime.o(.text)
    mktime                                   0x0801cbdf   Thumb Code   352  mktime.o(.text)
    __use_two_region_memory                  0x0801cd49   Thumb Code     2  heapauxi.o(.text)
    __rt_heap_escrow$2region                 0x0801cd4b   Thumb Code     2  heapauxi.o(.text)
    __rt_heap_expand$2region                 0x0801cd4d   Thumb Code     2  heapauxi.o(.text)
    __aeabi_errno_addr                       0x0801cd51   Thumb Code     8  rt_errno_addr_intlibspace.o(.text)
    __errno$intlibspace                      0x0801cd51   Thumb Code     0  rt_errno_addr_intlibspace.o(.text)
    __rt_errno_addr$intlibspace              0x0801cd51   Thumb Code     0  rt_errno_addr_intlibspace.o(.text)
    strtol                                   0x0801cd59   Thumb Code   112  strtol.o(.text)
    asctime                                  0x0801cdc9   Thumb Code     6  asctime.o(.text)
    _localtime_r                             0x0801cdd5   Thumb Code   178  localtime_internal.o(.text)
    _n$localtime_r                           0x0801cdd5   Thumb Code     0  localtime_internal.o(.text)
    __user_libspace                          0x0801ce8d   Thumb Code     8  libspace.o(.text)
    __user_perproc_libspace                  0x0801ce8d   Thumb Code     0  libspace.o(.text)
    __user_perthread_libspace                0x0801ce8d   Thumb Code     0  libspace.o(.text)
    __rt_ctype_table                         0x0801ce95   Thumb Code    16  rt_ctype_table.o(.text)
    _strtoul                                 0x0801cea5   Thumb Code   158  _strtoul.o(.text)
    _asctime_r                               0x0801cf45   Thumb Code    74  asctime_internal.o(.text)
    _n$asctime_r                             0x0801cf45   Thumb Code     0  asctime_internal.o(.text)
    __user_setup_stackheap                   0x0801cfad   Thumb Code    74  sys_stackheap_outer.o(.text)
    __rt_locale                              0x0801cff9   Thumb Code     8  rt_locale_intlibspace.o(.text)
    sprintf                                  0x0801d001   Thumb Code    38  sprintf.o(.text)
    _chval                                   0x0801d02d   Thumb Code    28  _chval.o(.text)
    exit                                     0x0801d049   Thumb Code    18  exit.o(.text)
    _printf_pre_padding                      0x0801d05b   Thumb Code    44  _printf_pad.o(.text)
    _printf_post_padding                     0x0801d087   Thumb Code    34  _printf_pad.o(.text)
    _printf_truncate_signed                  0x0801d0a9   Thumb Code    18  _printf_truncate.o(.text)
    _printf_truncate_unsigned                0x0801d0bb   Thumb Code    18  _printf_truncate.o(.text)
    _printf_str                              0x0801d0cd   Thumb Code    82  _printf_str.o(.text)
    _printf_int_dec                          0x0801d121   Thumb Code   104  _printf_dec.o(.text)
    _printf_charcount                        0x0801d199   Thumb Code    40  _printf_charcount.o(.text)
    _printf_char_common                      0x0801d1cb   Thumb Code    32  _printf_char_common.o(.text)
    _sputc                                   0x0801d1f1   Thumb Code    10  _sputc.o(.text)
    _printf_wctomb                           0x0801d1fd   Thumb Code   182  _printf_wctomb.o(.text)
    _printf_longlong_dec                     0x0801d2b9   Thumb Code   108  _printf_longlong_dec.o(.text)
    _printf_longlong_oct                     0x0801d335   Thumb Code    68  _printf_oct_int_ll.o(.text)
    _printf_int_oct                          0x0801d379   Thumb Code    24  _printf_oct_int_ll.o(.text)
    _printf_ll_oct                           0x0801d391   Thumb Code    12  _printf_oct_int_ll.o(.text)
    _printf_longlong_hex                     0x0801d3a5   Thumb Code    86  _printf_hex_int_ll_ptr.o(.text)
    _printf_int_hex                          0x0801d3fb   Thumb Code    28  _printf_hex_int_ll_ptr.o(.text)
    _printf_ll_hex                           0x0801d417   Thumb Code    12  _printf_hex_int_ll_ptr.o(.text)
    _printf_hex_ptr                          0x0801d423   Thumb Code    18  _printf_hex_int_ll_ptr.o(.text)
    __printf                                 0x0801d439   Thumb Code   388  __printf_flags_ss_wp.o(.text)
    __I$use$semihosting                      0x0801d5c1   Thumb Code     0  use_no_semi.o(.text)
    __use_no_semihosting_swi                 0x0801d5c1   Thumb Code     2  use_no_semi.o(.text)
    __semihosting_library_function           0x0801d5c3   Thumb Code     0  indicate_semi.o(.text)
    _ll_udiv10                               0x0801d5c3   Thumb Code   138  lludiv10.o(.text)
    _printf_int_common                       0x0801d64d   Thumb Code   178  _printf_intcommon.o(.text)
    __lib_sel_fp_printf                      0x0801d6ff   Thumb Code     2  _printf_fp_dec.o(.text)
    _printf_fp_dec_real                      0x0801d8ad   Thumb Code   620  _printf_fp_dec.o(.text)
    _printf_fp_hex_real                      0x0801db19   Thumb Code   754  _printf_fp_hex.o(.text)
    _printf_cs_common                        0x0801de15   Thumb Code    20  _printf_char.o(.text)
    _printf_char                             0x0801de29   Thumb Code    16  _printf_char.o(.text)
    _printf_string                           0x0801de39   Thumb Code     8  _printf_char.o(.text)
    _printf_lcs_common                       0x0801de41   Thumb Code    20  _printf_wchar.o(.text)
    _printf_wchar                            0x0801de55   Thumb Code    16  _printf_wchar.o(.text)
    _printf_wstring                          0x0801de65   Thumb Code     8  _printf_wchar.o(.text)
    _wcrtomb                                 0x0801de6d   Thumb Code    64  _wcrtomb.o(.text)
    _sys_exit                                0x0801dead   Thumb Code     8  sys_exit.o(.text)
    _printf_fp_infnan                        0x0801deb9   Thumb Code   112  _printf_fp_infnan.o(.text)
    _btod_etento                             0x0801df39   Thumb Code   216  bigflt0.o(.text)
    _btod_d2e                                0x0801e015   Thumb Code    62  btod.o(CL$$btod_d2e)
    _d2e_denorm_low                          0x0801e053   Thumb Code    70  btod.o(CL$$btod_d2e_denorm_low)
    _d2e_norm_op1                            0x0801e099   Thumb Code    96  btod.o(CL$$btod_d2e_norm_op1)
    __btod_div_common                        0x0801e0f9   Thumb Code   696  btod.o(CL$$btod_div_common)
    _e2e                                     0x0801e431   Thumb Code   198  btod.o(CL$$btod_e2e)
    _btod_ediv                               0x0801e4f7   Thumb Code    40  btod.o(CL$$btod_ediv)
    _btod_emul                               0x0801e51f   Thumb Code    40  btod.o(CL$$btod_emul)
    __btod_mult_common                       0x0801e547   Thumb Code   580  btod.o(CL$$btod_mult_common)
    __ARM_fpclassify                         0x0801e78b   Thumb Code    40  fpclassify.o(i.__ARM_fpclassify)
    _is_digit                                0x0801e7b3   Thumb Code    14  __printf_wp.o(i._is_digit)
    _get_lc_ctype                            0x0801e7c1   Thumb Code    44  lc_ctype_c.o(locale$$code)
    _get_lc_time                             0x0801e7ed   Thumb Code    44  lc_time_c.o(locale$$code)
    _get_lc_numeric                          0x0801e819   Thumb Code    44  lc_numeric_c.o(locale$$code)
    _printf_fp_dec                           0x0801e845   Thumb Code     4  printf1.o(x$fpl$printf1)
    _printf_fp_hex                           0x0801e849   Thumb Code     4  printf2.o(x$fpl$printf2)
    __I$use$fp                               0x0801e84c   Number         0  usenofp.o(x$fpl$usenofp)
    __lowest_bit_bitmap                      0x0801eb82   Data         256  kservice.o(.constdata)
    op_table                                 0x0801efa0   Data         196  finsh_ops.o(.constdata)
    memp_UDP_PCB                             0x0801f158   Data           8  memp.o(.constdata)
    memp_TCP_PCB                             0x0801f160   Data           8  memp.o(.constdata)
    memp_TCP_PCB_LISTEN                      0x0801f168   Data           8  memp.o(.constdata)
    memp_TCP_SEG                             0x0801f170   Data           8  memp.o(.constdata)
    memp_NETBUF                              0x0801f178   Data           8  memp.o(.constdata)
    memp_NETCONN                             0x0801f180   Data           8  memp.o(.constdata)
    memp_TCPIP_MSG_API                       0x0801f188   Data           8  memp.o(.constdata)
    memp_TCPIP_MSG_INPKT                     0x0801f190   Data           8  memp.o(.constdata)
    memp_ARP_QUEUE                           0x0801f198   Data           8  memp.o(.constdata)
    memp_SYS_TIMEOUT                         0x0801f1a0   Data           8  memp.o(.constdata)
    memp_NETDB                               0x0801f1a8   Data           8  memp.o(.constdata)
    memp_PBUF                                0x0801f1b0   Data           8  memp.o(.constdata)
    memp_PBUF_POOL                           0x0801f1b8   Data           8  memp.o(.constdata)
    memp_pools                               0x0801f1c0   Data          52  memp.o(.constdata)
    tcp_pcb_lists                            0x0801f334   Data          16  tcp.o(.constdata)
    lwip_cyclic_timers                       0x0801f344   Data          40  timeouts.o(.constdata)
    ethbroadcast                             0x0801f36c   Data           6  ethernet.o(.constdata)
    ethzero                                  0x0801f372   Data           6  ethernet.o(.constdata)
    ip_addr_any                              0x0801f3d0   Data           4  ip4_addr.o(.constdata)
    ip_addr_broadcast                        0x0801f3d4   Data           4  ip4_addr.o(.constdata)
    _monlen                                  0x0801f3d8   Data          12  _monlen.o(.constdata)
    __fsym_netio_init_name                   0x0801fb19   Data          11  netio.o(.rodata.name)
    __fsym_netio_init_desc                   0x0801fb24   Data          13  netio.o(.rodata.name)
    __fsym_ee_reset_name                     0x0801fb31   Data           9  24lcxx.o(.rodata.name)
    __fsym_ee_reset_desc                     0x0801fb3a   Data          12  24lcxx.o(.rodata.name)
    __fsym_dump_ee_name                      0x0801fb46   Data           8  24lcxx.o(.rodata.name)
    __fsym_dump_ee_desc                      0x0801fb4e   Data          12  24lcxx.o(.rodata.name)
    __fsym_fram_test_name                    0x0801fb5a   Data          10  fm25lx.o(.rodata.name)
    __fsym_fram_test_desc                    0x0801fb64   Data          12  fm25lx.o(.rodata.name)
    __fsym_set_date_name                     0x0801fb70   Data           9  rtc.o(.rodata.name)
    __fsym_set_date_desc                     0x0801fb79   Data          35  rtc.o(.rodata.name)
    __fsym_set_time_name                     0x0801fb9c   Data           9  rtc.o(.rodata.name)
    __fsym_set_time_desc                     0x0801fba5   Data          34  rtc.o(.rodata.name)
    __fsym_list_date_name                    0x0801fbc7   Data          10  rtc.o(.rodata.name)
    __fsym_list_date_desc                    0x0801fbd1   Data          20  rtc.o(.rodata.name)
    __fsym_dp83483_name                      0x0801fbe5   Data           8  stm32f2_eth.o(.rodata.name)
    __fsym_dp83483_desc                      0x0801fbed   Data          19  stm32f2_eth.o(.rodata.name)
    __fsym_list_mem_name                     0x0801fc00   Data           9  mem.o(.rodata.name)
    __fsym_list_mem_desc                     0x0801fc09   Data          30  mem.o(.rodata.name)
    __fsym_hello_name                        0x0801fc27   Data           6  cmd.o(.rodata.name)
    __fsym_hello_desc                        0x0801fc2d   Data          16  cmd.o(.rodata.name)
    __fsym_version_name                      0x0801fc3d   Data           8  cmd.o(.rodata.name)
    __fsym_version_desc                      0x0801fc45   Data          35  cmd.o(.rodata.name)
    __fsym_list_thread_name                  0x0801fc68   Data          12  cmd.o(.rodata.name)
    __fsym_list_thread_desc                  0x0801fc74   Data          12  cmd.o(.rodata.name)
    __fsym_list_sem_name                     0x0801fc80   Data           9  cmd.o(.rodata.name)
    __fsym_list_sem_desc                     0x0801fc89   Data          25  cmd.o(.rodata.name)
    __fsym_list_event_name                   0x0801fca2   Data          11  cmd.o(.rodata.name)
    __fsym_list_event_desc                   0x0801fcad   Data          21  cmd.o(.rodata.name)
    __fsym_list_mutex_name                   0x0801fcc2   Data          11  cmd.o(.rodata.name)
    __fsym_list_mutex_desc                   0x0801fccd   Data          21  cmd.o(.rodata.name)
    __fsym_list_mailbox_name                 0x0801fce2   Data          13  cmd.o(.rodata.name)
    __fsym_list_mailbox_desc                 0x0801fcef   Data          24  cmd.o(.rodata.name)
    __fsym_list_msgqueue_name                0x0801fd07   Data          14  cmd.o(.rodata.name)
    __fsym_list_msgqueue_desc                0x0801fd15   Data          29  cmd.o(.rodata.name)
    __fsym_list_mempool_name                 0x0801fd32   Data          13  cmd.o(.rodata.name)
    __fsym_list_mempool_desc                 0x0801fd3f   Data          27  cmd.o(.rodata.name)
    __fsym_list_timer_name                   0x0801fd5a   Data          11  cmd.o(.rodata.name)
    __fsym_list_timer_desc                   0x0801fd65   Data          21  cmd.o(.rodata.name)
    __fsym_list_device_name                  0x0801fd7a   Data          12  cmd.o(.rodata.name)
    __fsym_list_device_desc                  0x0801fd86   Data          22  cmd.o(.rodata.name)
    __fsym_list_name                         0x0801fd9c   Data           5  cmd.o(.rodata.name)
    __fsym_list_desc                         0x0801fda1   Data          26  cmd.o(.rodata.name)
    __vsym_dummy_name                        0x0801fdbb   Data           6  cmd.o(.rodata.name)
    __vsym_dummy_desc                        0x0801fdc1   Data          25  cmd.o(.rodata.name)
    __fsym_set_if_name                       0x0801fdda   Data           7  ethernetif.o(.rodata.name)
    __fsym_set_if_desc                       0x0801fde1   Data          30  ethernetif.o(.rodata.name)
    __fsym_set_dns_name                      0x0801fdff   Data           8  ethernetif.o(.rodata.name)
    __fsym_set_dns_desc                      0x0801fe07   Data          23  ethernetif.o(.rodata.name)
    __fsym_list_if_name                      0x0801fe1e   Data           8  ethernetif.o(.rodata.name)
    __fsym_list_if_desc                      0x0801fe26   Data          35  ethernetif.o(.rodata.name)
    __fsym_list_tcps_name                    0x0801fe49   Data          10  ethernetif.o(.rodata.name)
    __fsym_list_tcps_desc                    0x0801fe53   Data          28  ethernetif.o(.rodata.name)
    FSymTab$$Base                            0x0801fe70   Number         0  netio.o(FSymTab)
    __fsym_netio_init                        0x0801fe70   Data          12  netio.o(FSymTab)
    __fsym_ee_reset                          0x0801fe7c   Data          12  24lcxx.o(FSymTab)
    __fsym_dump_ee                           0x0801fe88   Data          12  24lcxx.o(FSymTab)
    __fsym_fram_test                         0x0801fe94   Data          12  fm25lx.o(FSymTab)
    __fsym_set_date                          0x0801fea0   Data          12  rtc.o(FSymTab)
    __fsym_set_time                          0x0801feac   Data          12  rtc.o(FSymTab)
    __fsym_list_date                         0x0801feb8   Data          12  rtc.o(FSymTab)
    __fsym_dp83483                           0x0801fec4   Data          12  stm32f2_eth.o(FSymTab)
    __fsym_list_mem                          0x0801fed0   Data          12  mem.o(FSymTab)
    __fsym_hello                             0x0801fedc   Data          12  cmd.o(FSymTab)
    __fsym_version                           0x0801fee8   Data          12  cmd.o(FSymTab)
    __fsym_list_thread                       0x0801fef4   Data          12  cmd.o(FSymTab)
    __fsym_list_sem                          0x0801ff00   Data          12  cmd.o(FSymTab)
    __fsym_list_event                        0x0801ff0c   Data          12  cmd.o(FSymTab)
    __fsym_list_mutex                        0x0801ff18   Data          12  cmd.o(FSymTab)
    __fsym_list_mailbox                      0x0801ff24   Data          12  cmd.o(FSymTab)
    __fsym_list_msgqueue                     0x0801ff30   Data          12  cmd.o(FSymTab)
    __fsym_list_mempool                      0x0801ff3c   Data          12  cmd.o(FSymTab)
    __fsym_list_timer                        0x0801ff48   Data          12  cmd.o(FSymTab)
    __fsym_list_device                       0x0801ff54   Data          12  cmd.o(FSymTab)
    __fsym_list                              0x0801ff60   Data          12  cmd.o(FSymTab)
    __fsym_set_if                            0x0801ff6c   Data          12  ethernetif.o(FSymTab)
    __fsym_set_dns                           0x0801ff78   Data          12  ethernetif.o(FSymTab)
    __fsym_list_if                           0x0801ff84   Data          12  ethernetif.o(FSymTab)
    __fsym_list_tcps                         0x0801ff90   Data          12  ethernetif.o(FSymTab)
    FSymTab$$Limit                           0x0801ff9c   Number         0  ethernetif.o(FSymTab)
    Region$$Table$$Base                      0x0801ff9c   Number         0  anon$$obj.o(Region$$Table)
    Region$$Table$$Limit                     0x0801ffbc   Number         0  anon$$obj.o(Region$$Table)
    VSymTab$$Base                            0x0801ffbc   Number         0  cmd.o(VSymTab)
    __vsym_dummy                             0x0801ffbc   Data          16  cmd.o(VSymTab)
    VSymTab$$Limit                           0x0801ffcc   Number         0  cmd.o(VSymTab)
    __ctype                                  0x0801ffd9   Data           0  lc_ctype_c.o(locale$$data)
    fram_lock                                0x20000004   Data           4  fm25lx.o(.data)
    I2CDirection                             0x20000008   Data           4  i2c.o(.data)
    i2cErrorNo                               0x2000000c   Data           4  i2c.o(.data)
    DevAddr                                  0x20000014   Data           1  i2c.o(.data)
    I2CMode                                  0x2000002c   Data           1  i2c.o(.data)
    AsynchPrediv                             0x20000038   Data           4  rtc.o(.data)
    SynchPrediv                              0x2000003c   Data           4  rtc.o(.data)
    RTC_TimeStructure                        0x20000040   Data           4  rtc.o(.data)
    RTC_DateStructure                        0x20000044   Data           4  rtc.o(.data)
    uart1                                    0x20000080   Data          12  usart.o(.data)
    SystemCoreClock                          0x2000008c   Data           4  system_stm32f2xx.o(.data)
    AHBPrescTable                            0x20000090   Data          16  system_stm32f2xx.o(.data)
    DMATxDescToSet                           0x200000b0   Data           4  stm32f2x7_eth.o(.data)
    DMARxDescToGet                           0x200000b4   Data           4  stm32f2x7_eth.o(.data)
    DMA_RX_FRAME_infos                       0x200000b8   Data           4  stm32f2x7_eth.o(.data)
    Frame_Rx_index                           0x200000bc   Data           4  stm32f2x7_eth.o(.data)
    rt_interrupt_nest                        0x200000d0   Data           1  irq.o(.data)
    rt_assert_hook                           0x200000dc   Data           4  kservice.o(.data)
    rt_object_container                      0x20000108   Data         144  object.o(.data)
    rt_object_trytake_hook                   0x200001a0   Data           4  object.o(.data)
    rt_object_take_hook                      0x200001a4   Data           4  object.o(.data)
    rt_object_put_hook                       0x200001a8   Data           4  object.o(.data)
    rt_current_thread                        0x200001b0   Data           4  scheduler.o(.data)
    rt_current_priority                      0x200001b4   Data           1  scheduler.o(.data)
    rt_thread_ready_priority_group           0x200001b8   Data           4  scheduler.o(.data)
    rt_thread_defunct                        0x200001bc   Data           8  scheduler.o(.data)
    rt_interrupt_from_thread                 0x200001e4   Data           4  cpuport.o(.data)
    rt_interrupt_to_thread                   0x200001e8   Data           4  cpuport.o(.data)
    rt_thread_switch_interrupt_flag          0x200001ec   Data           4  cpuport.o(.data)
    shell                                    0x200001f4   Data           4  shell.o(.data)
    _syscall_table_begin                     0x200001f8   Data           4  symbol.o(.data)
    _syscall_table_end                       0x200001fc   Data           4  symbol.o(.data)
    _sysvar_table_begin                      0x20000200   Data           4  symbol.o(.data)
    _sysvar_table_end                        0x20000204   Data           4  symbol.o(.data)
    finsh_compile_sp                         0x2000020c   Data           4  finsh_compiler.o(.data)
    finsh_compile_pc                         0x20000210   Data           4  finsh_compiler.o(.data)
    global_errno                             0x20000214   Data           1  finsh_error.o(.data)
    global_sysvar_list                       0x2000025c   Data           4  finsh_var.o(.data)
    finsh_sp                                 0x20000260   Data           4  finsh_vm.o(.data)
    finsh_pc                                 0x20000264   Data           4  finsh_vm.o(.data)
    global_syscall_list                      0x20000268   Data           4  finsh_vm.o(.data)
    lock_tcpip_core                          0x20000280   Data           4  tcpip.o(.data)
    netif_list                               0x20000290   Data           4  netif.o(.data)
    netif_default                            0x20000294   Data           4  netif.o(.data)
    pbuf_free_ooseq_pending                  0x20000299   Data           1  pbuf.o(.data)
    tcp_ticks                                0x200002a0   Data           4  tcp.o(.data)
    tcp_bound_pcbs                           0x200002a4   Data           4  tcp.o(.data)
    tcp_listen_pcbs                          0x200002a8   Data           4  tcp.o(.data)
    tcp_active_pcbs                          0x200002ac   Data           4  tcp.o(.data)
    tcp_tw_pcbs                              0x200002b0   Data           4  tcp.o(.data)
    tcp_active_pcbs_changed                  0x200002b4   Data           1  tcp.o(.data)
    tcp_input_pcb                            0x200002e0   Data           4  tcp_in.o(.data)
    udp_pcbs                                 0x200002f4   Data           4  udp.o(.data)
    I2CDMA_InitStructure                     0x2000038c   Data          60  i2c.o(.bss)
    i2c_event                                0x200003c8   Data          32  i2c.o(.bss)
    RTC_InitStructure                        0x200003e8   Data          12  rtc.o(.bss)
    RTC_AlarmStructure                       0x200003f4   Data          16  rtc.o(.bss)
    uart1_int_rx                             0x200004dc   Data          72  usart.o(.bss)
    uart1_device                             0x20000524   Data          64  usart.o(.bss)
    DMARxDscrTab                             0x20000564   Data         128  stm32f2x7_eth.o(.bss)
    DMATxDscrTab                             0x200005e4   Data          64  stm32f2x7_eth.o(.bss)
    Rx_Buff                                  0x20000624   Data        6096  stm32f2x7_eth.o(.bss)
    Tx_Buff                                  0x20001df4   Data        3048  stm32f2x7_eth.o(.bss)
    RX_Frame_Descriptor                      0x200029dc   Data          12  stm32f2x7_eth.o(.bss)
    rt_thread_priority_table                 0x20002c08   Data         256  scheduler.o(.bss)
    finsh_heap                               0x20003588   Data         128  finsh_heap.o(.bss)
    global_node_table                        0x20003608   Data         320  finsh_node.o(.bss)
    global_variable                          0x20003748   Data         192  finsh_var.o(.bss)
    finsh_vm_stack                           0x20003808   Data         256  finsh_vm.o(.bss)
    text_segment                             0x20003908   Data         128  finsh_vm.o(.bss)
    ip_data                                  0x20003e08   Data          24  ip.o(.bss)
    dhcp_rx_options_val                      0x200043b0   Data          40  dhcp.o(.bss)
    dhcp_rx_options_given                    0x200043d8   Data          10  dhcp.o(.bss)
    _random_number_data                      0x200044e4   Data         228  rand.o(.bss)
    __libspace_start                         0x20004638   Data          96  libspace.o(.bss)
    __temporary_stack_top$libspace           0x20004698   Data           0  libspace.o(.bss)
    Image$$RW_IRAM1$$ZI$$Limit               0x20004c98   Number         0  anon$$obj.o ABSOLUTE



==============================================================================

Memory Map of the image

  Image Entry point : 0x08000185

  Load Region LR_IROM1 (Base: 0x08000000, Size: 0x00020584, Max: 0x00100000, ABSOLUTE, COMPRESSED[0x00020354])

    Execution Region ER_IROM1 (Base: 0x08000000, Size: 0x00020278, Max: 0x00100000, ABSOLUTE)

    Base Addr    Size         Type   Attr      Idx    E Section Name        Object

    0x08000000   0x00000184   Data   RO         1216    RESET               startup_stm32f2xx.o
    0x08000184   0x00000008   Code   RO         2705  * !!!main             c_w.l(__main.o)
    0x0800018c   0x00000034   Code   RO         3050    !!!scatter          c_w.l(__scatter.o)
    0x080001c0   0x0000005a   Code   RO         3048    !!dczerorl2         c_w.l(__dczerorl2.o)
    0x0800021a   0x00000002   PAD
    0x0800021c   0x0000001c   Code   RO         3052    !!handler_zi        c_w.l(__scatter_zi.o)
    0x08000238   0x00000000   Code   RO         2910    .ARM.Collect$$_printf_percent$$00000000  c_w.l(_printf_percent.o)
    0x08000238   0x00000006   Code   RO         2899    .ARM.Collect$$_printf_percent$$00000001  c_w.l(_printf_n.o)
    0x0800023e   0x00000006   Code   RO         2901    .ARM.Collect$$_printf_percent$$00000002  c_w.l(_printf_p.o)
    0x08000244   0x00000006   Code   RO         2906    .ARM.Collect$$_printf_percent$$00000003  c_w.l(_printf_f.o)
    0x0800024a   0x00000006   Code   RO         2907    .ARM.Collect$$_printf_percent$$00000004  c_w.l(_printf_e.o)
    0x08000250   0x00000006   Code   RO         2908    .ARM.Collect$$_printf_percent$$00000005  c_w.l(_printf_g.o)
    0x08000256   0x00000006   Code   RO         2909    .ARM.Collect$$_printf_percent$$00000006  c_w.l(_printf_a.o)
    0x0800025c   0x0000000a   Code   RO         2914    .ARM.Collect$$_printf_percent$$00000007  c_w.l(_printf_ll.o)
    0x08000266   0x00000006   Code   RO         2903    .ARM.Collect$$_printf_percent$$00000008  c_w.l(_printf_i.o)
    0x0800026c   0x00000006   Code   RO         2904    .ARM.Collect$$_printf_percent$$00000009  c_w.l(_printf_d.o)
    0x08000272   0x00000006   Code   RO         2905    .ARM.Collect$$_printf_percent$$0000000A  c_w.l(_printf_u.o)
    0x08000278   0x00000006   Code   RO         2902    .ARM.Collect$$_printf_percent$$0000000B  c_w.l(_printf_o.o)
    0x0800027e   0x00000006   Code   RO         2900    .ARM.Collect$$_printf_percent$$0000000C  c_w.l(_printf_x.o)
    0x08000284   0x00000006   Code   RO         2911    .ARM.Collect$$_printf_percent$$0000000D  c_w.l(_printf_lli.o)
    0x0800028a   0x00000006   Code   RO         2912    .ARM.Collect$$_printf_percent$$0000000E  c_w.l(_printf_lld.o)
    0x08000290   0x00000006   Code   RO         2913    .ARM.Collect$$_printf_percent$$0000000F  c_w.l(_printf_llu.o)
    0x08000296   0x00000006   Code   RO         2918    .ARM.Collect$$_printf_percent$$00000010  c_w.l(_printf_llo.o)
    0x0800029c   0x00000006   Code   RO         2919    .ARM.Collect$$_printf_percent$$00000011  c_w.l(_printf_llx.o)
    0x080002a2   0x0000000a   Code   RO         2915    .ARM.Collect$$_printf_percent$$00000012  c_w.l(_printf_l.o)
    0x080002ac   0x00000006   Code   RO         2897    .ARM.Collect$$_printf_percent$$00000013  c_w.l(_printf_c.o)
    0x080002b2   0x00000006   Code   RO         2898    .ARM.Collect$$_printf_percent$$00000014  c_w.l(_printf_s.o)
    0x080002b8   0x00000006   Code   RO         2916    .ARM.Collect$$_printf_percent$$00000015  c_w.l(_printf_lc.o)
    0x080002be   0x00000006   Code   RO         2917    .ARM.Collect$$_printf_percent$$00000016  c_w.l(_printf_ls.o)
    0x080002c4   0x00000004   Code   RO         2959    .ARM.Collect$$_printf_percent$$00000017  c_w.l(_printf_percent_end.o)
    0x080002c8   0x00000002   Code   RO         2822    .ARM.Collect$$libinit$$00000000  c_w.l(libinit.o)
    0x080002ca   0x00000000   Code   RO         2722    .ARM.Collect$$libinit$$00000002  c_w.l(libinit2.o)
    0x080002ca   0x00000000   Code   RO         2724    .ARM.Collect$$libinit$$00000004  c_w.l(libinit2.o)
    0x080002ca   0x00000000   Code   RO         2727    .ARM.Collect$$libinit$$0000000A  c_w.l(libinit2.o)
    0x080002ca   0x00000000   Code   RO         2729    .ARM.Collect$$libinit$$0000000C  c_w.l(libinit2.o)
    0x080002ca   0x00000004   Code   RO         2730    .ARM.Collect$$libinit$$0000000D  c_w.l(libinit2.o)
    0x080002ce   0x00000000   Code   RO         2731    .ARM.Collect$$libinit$$0000000E  c_w.l(libinit2.o)
    0x080002ce   0x00000006   Code   RO         2732    .ARM.Collect$$libinit$$0000000F  c_w.l(libinit2.o)
    0x080002d4   0x00000000   Code   RO         2734    .ARM.Collect$$libinit$$00000011  c_w.l(libinit2.o)
    0x080002d4   0x0000000c   Code   RO         2735    .ARM.Collect$$libinit$$00000012  c_w.l(libinit2.o)
    0x080002e0   0x00000000   Code   RO         2736    .ARM.Collect$$libinit$$00000013  c_w.l(libinit2.o)
    0x080002e0   0x00000000   Code   RO         2738    .ARM.Collect$$libinit$$00000015  c_w.l(libinit2.o)
    0x080002e0   0x0000000a   Code   RO         2739    .ARM.Collect$$libinit$$00000016  c_w.l(libinit2.o)
    0x080002ea   0x00000000   Code   RO         2740    .ARM.Collect$$libinit$$00000017  c_w.l(libinit2.o)
    0x080002ea   0x0000000a   Code   RO         2741    .ARM.Collect$$libinit$$00000018  c_w.l(libinit2.o)
    0x080002f4   0x00000000   Code   RO         2742    .ARM.Collect$$libinit$$00000019  c_w.l(libinit2.o)
    0x080002f4   0x00000000   Code   RO         2744    .ARM.Collect$$libinit$$0000001B  c_w.l(libinit2.o)
    0x080002f4   0x00000000   Code   RO         2746    .ARM.Collect$$libinit$$0000001D  c_w.l(libinit2.o)
    0x080002f4   0x00000000   Code   RO         2748    .ARM.Collect$$libinit$$0000001F  c_w.l(libinit2.o)
    0x080002f4   0x00000000   Code   RO         2750    .ARM.Collect$$libinit$$00000021  c_w.l(libinit2.o)
    0x080002f4   0x00000000   Code   RO         2752    .ARM.Collect$$libinit$$00000023  c_w.l(libinit2.o)
    0x080002f4   0x00000000   Code   RO         2754    .ARM.Collect$$libinit$$00000025  c_w.l(libinit2.o)
    0x080002f4   0x00000000   Code   RO         2758    .ARM.Collect$$libinit$$0000002C  c_w.l(libinit2.o)
    0x080002f4   0x00000000   Code   RO         2760    .ARM.Collect$$libinit$$0000002E  c_w.l(libinit2.o)
    0x080002f4   0x00000000   Code   RO         2762    .ARM.Collect$$libinit$$00000030  c_w.l(libinit2.o)
    0x080002f4   0x00000000   Code   RO         2764    .ARM.Collect$$libinit$$00000032  c_w.l(libinit2.o)
    0x080002f4   0x00000002   Code   RO         2765    .ARM.Collect$$libinit$$00000033  c_w.l(libinit2.o)
    0x080002f6   0x00000002   Code   RO         3004    .ARM.Collect$$libshutdown$$00000000  c_w.l(libshutdown.o)
    0x080002f8   0x00000000   Code   RO         3015    .ARM.Collect$$libshutdown$$00000002  c_w.l(libshutdown2.o)
    0x080002f8   0x00000000   Code   RO         3017    .ARM.Collect$$libshutdown$$00000004  c_w.l(libshutdown2.o)
    0x080002f8   0x00000000   Code   RO         3020    .ARM.Collect$$libshutdown$$00000007  c_w.l(libshutdown2.o)
    0x080002f8   0x00000000   Code   RO         3023    .ARM.Collect$$libshutdown$$0000000A  c_w.l(libshutdown2.o)
    0x080002f8   0x00000000   Code   RO         3025    .ARM.Collect$$libshutdown$$0000000C  c_w.l(libshutdown2.o)
    0x080002f8   0x00000000   Code   RO         3028    .ARM.Collect$$libshutdown$$0000000F  c_w.l(libshutdown2.o)
    0x080002f8   0x00000002   Code   RO         3029    .ARM.Collect$$libshutdown$$00000010  c_w.l(libshutdown2.o)
    0x080002fa   0x00000000   Code   RO         2707    .ARM.Collect$$rtentry$$00000000  c_w.l(__rtentry.o)
    0x080002fa   0x00000000   Code   RO         2770    .ARM.Collect$$rtentry$$00000002  c_w.l(__rtentry2.o)
    0x080002fa   0x00000006   Code   RO         2782    .ARM.Collect$$rtentry$$00000004  c_w.l(__rtentry4.o)
    0x08000300   0x00000000   Code   RO         2772    .ARM.Collect$$rtentry$$00000009  c_w.l(__rtentry2.o)
    0x08000300   0x00000004   Code   RO         2773    .ARM.Collect$$rtentry$$0000000A  c_w.l(__rtentry2.o)
    0x08000304   0x00000000   Code   RO         2775    .ARM.Collect$$rtentry$$0000000C  c_w.l(__rtentry2.o)
    0x08000304   0x00000008   Code   RO         2776    .ARM.Collect$$rtentry$$0000000D  c_w.l(__rtentry2.o)
    0x0800030c   0x00000002   Code   RO         2825    .ARM.Collect$$rtexit$$00000000  c_w.l(rtexit.o)
    0x0800030e   0x00000000   Code   RO         2936    .ARM.Collect$$rtexit$$00000002  c_w.l(rtexit2.o)
    0x0800030e   0x00000004   Code   RO         2937    .ARM.Collect$$rtexit$$00000003  c_w.l(rtexit2.o)
    0x08000312   0x00000006   Code   RO         2938    .ARM.Collect$$rtexit$$00000004  c_w.l(rtexit2.o)
    0x08000318   0x00000034   Code   RO         2667    .emb_text           c_w.l(rand.o)
    0x0800034c   0x000003f0   Code   RO            1    .text               netio.o
    0x0800073c   0x00000064   Code   RO          151    .text               application.o
    0x080007a0   0x00000060   Code   RO          297    .text               startup.o
    0x08000800   0x00000298   Code   RO          318    .text               24lcxx.o
    0x08000a98   0x000004e4   Code   RO          346    .text               fm25lx.o
    0x08000f7c   0x000002fc   Code   RO          376    .text               board.o
    0x08001278   0x0000090c   Code   RO          400    .text               i2c.o
    0x08001b84   0x000003cc   Code   RO          424    .text               rtc.o
    0x08001f50   0x00000580   Code   RO          460    .text               serial.o
    0x080024d0   0x00000700   Code   RO          484    .text               stm32f2_eth.o
    0x08002bd0   0x00000012   Code   RO          521    .text               stm32f2xx_it.o
    0x08002be2   0x00000002   PAD
    0x08002be4   0x00000100   Code   RO          541    .text               usart.o
    0x08002ce4   0x000001e0   Code   RO          568    .text               system_stm32f2xx.o
    0x08002ec4   0x000000e0   Code   RO          594    .text               misc.o
    0x08002fa4   0x000003a8   Code   RO          814    .text               stm32f2xx_dma.o
    0x0800334c   0x0000025c   Code   RO          894    .text               stm32f2xx_gpio.o
    0x080035a8   0x00000428   Code   RO          974    .text               stm32f2xx_i2c.o
    0x080039d0   0x000000d8   Code   RO         1014    .text               stm32f2xx_pwr.o
    0x08003aa8   0x00000588   Code   RO         1034    .text               stm32f2xx_rcc.o
    0x08004030   0x00000b1c   Code   RO         1076    .text               stm32f2xx_rtc.o
    0x08004b4c   0x000001f0   Code   RO         1096    .text               stm32f2xx_sdio.o
    0x08004d3c   0x000003a8   Code   RO         1116    .text               stm32f2xx_spi.o
    0x080050e4   0x0000008c   Code   RO         1136    .text               stm32f2xx_syscfg.o
    0x08005170   0x0000041a   Code   RO         1176    .text               stm32f2xx_usart.o
    0x0800558a   0x00000002   PAD
    0x0800558c   0x00000040   Code   RO         1217    .text               startup_stm32f2xx.o
    0x080055cc   0x00000ea8   Code   RO         1223    .text               stm32f2x7_eth.o
    0x08006474   0x00000064   Code   RO         1248    .text               clock.o
    0x080064d8   0x00000324   Code   RO         1262    .text               device.o
    0x080067fc   0x00000138   Code   RO         1276    .text               idle.o
    0x08006934   0x00001654   Code   RO         1296    .text               ipc.o
    0x08007f88   0x0000007c   Code   RO         1313    .text               irq.o
    0x08008004   0x00000aac   Code   RO         1328    .text               kservice.o
    0x08008ab0   0x00000874   Code   RO         1348    .text               mem.o
    0x08009324   0x00000404   Code   RO         1368    .text               mempool.o
    0x08009728   0x000002dc   Code   RO         1386    .text               object.o
    0x08009a04   0x000002e8   Code   RO         1405    .text               scheduler.o
    0x08009cec   0x00000604   Code   RO         1426    .text               thread.o
    0x0800a2f0   0x0000045c   Code   RO         1445    .text               timer.o
    0x0800a74c   0x000005d4   Code   RO         1464    .text               cpuport.o
    0x0800ad20   0x000000ec   Code   RO         1480    .text               context_rvds.o
    0x0800ae0c   0x000009e4   Code   RO         1518    .text               shell.o
    0x0800b7f0   0x00000d8c   Code   RO         1552    .text               cmd.o
    0x0800c57c   0x00001818   Code   RO         1576    .text               finsh_compiler.o
    0x0800dd94   0x0000002c   Code   RO         1613    .text               finsh_error.o
    0x0800ddc0   0x00000210   Code   RO         1629    .text               finsh_heap.o
    0x0800dfd0   0x00000058   Code   RO         1645    .text               finsh_init.o
    0x0800e028   0x00000184   Code   RO         1663    .text               finsh_node.o
    0x0800e1ac   0x00000ad8   Code   RO         1678    .text               finsh_ops.o
    0x0800ec84   0x0000097c   Code   RO         1696    .text               finsh_parser.o
    0x0800f600   0x0000019c   Code   RO         1711    .text               finsh_var.o
    0x0800f79c   0x000000e4   Code   RO         1734    .text               finsh_vm.o
    0x0800f880   0x00000680   Code   RO         1761    .text               finsh_token.o
    0x0800ff00   0x00000784   Code   RO         1776    .text               sys_arch.o
    0x08010684   0x00000100   Code   RO         2050    .text               netifapi.o
    0x08010784   0x000003a8   Code   RO         2096    .text               tcpip.o
    0x08010b2c   0x00000158   Code   RO         2134    .text               def.o
    0x08010c84   0x00000a90   Code   RO         2147    .text               dns.o
    0x08011714   0x00000318   Code   RO         2182    .text               inet_chksum.o
    0x08011a2c   0x0000007c   Code   RO         2197    .text               init.o
    0x08011aa8   0x00000338   Code   RO         2254    .text               memp.o
    0x08011de0   0x00000324   Code   RO         2304    .text               netif.o
    0x08012104   0x000011a4   Code   RO         2336    .text               pbuf.o
    0x080132a8   0x00001774   Code   RO         2385    .text               tcp.o
    0x08014a1c   0x00001e88   Code   RO         2409    .text               tcp_in.o
    0x080168a4   0x00001542   Code   RO         2435    .text               tcp_out.o
    0x08017de6   0x00000002   PAD
    0x08017de8   0x0000034c   Code   RO         2448    .text               timeouts.o
    0x08018134   0x000005dc   Code   RO         2467    .text               udp.o
    0x08018710   0x000001a8   Code   RO         2491    .text               ethernet.o
    0x080188b8   0x0000091c   Code   RO         2512    .text               ethernetif.o
    0x080191d4   0x00001b6c   Code   RO         2554    .text               dhcp.o
    0x0801ad40   0x00000e90   Code   RO         2577    .text               etharp.o
    0x0801bbd0   0x00000358   Code   RO         2596    .text               icmp.o
    0x0801bf28   0x000004ca   Code   RO         2617    .text               ip4.o
    0x0801c3f2   0x00000002   PAD
    0x0801c3f4   0x00000344   Code   RO         2631    .text               ip4_addr.o
    0x0801c738   0x0000001a   Code   RO         2665    .text               c_w.l(atoi.o)
    0x0801c752   0x00000002   PAD
    0x0801c754   0x0000003c   Code   RO         2668    .text               c_w.l(rand.o)
    0x0801c790   0x00000058   Code   RO         2672    .text               c_w.l(memcmp.o)
    0x0801c7e8   0x00000048   Code   RO         2674    .text               c_w.l(strcpy.o)
    0x0801c830   0x0000003e   Code   RO         2676    .text               c_w.l(strlen.o)
    0x0801c86e   0x00000096   Code   RO         2678    .text               c_w.l(strncmp.o)
    0x0801c904   0x00000018   Code   RO         2680    .text               c_w.l(strcat.o)
    0x0801c91c   0x0000008a   Code   RO         2682    .text               c_w.l(rt_memcpy_v6.o)
    0x0801c9a6   0x00000064   Code   RO         2684    .text               c_w.l(rt_memcpy_w.o)
    0x0801ca0a   0x00000010   Code   RO         2686    .text               c_w.l(aeabi_memset.o)
    0x0801ca1a   0x00000044   Code   RO         2688    .text               c_w.l(rt_memclr.o)
    0x0801ca5e   0x0000004e   Code   RO         2690    .text               c_w.l(rt_memclr_w.o)
    0x0801caac   0x00000056   Code   RO         2692    .text               c_w.l(strncpy.o)
    0x0801cb02   0x00000002   PAD
    0x0801cb04   0x00000080   Code   RO         2694    .text               c_w.l(strcmpv7m.o)
    0x0801cb84   0x0000000e   Code   RO         2696    .text               c_w.l(ctime.o)
    0x0801cb92   0x00000002   PAD
    0x0801cb94   0x0000000c   Code   RO         2698    .text               c_w.l(localtime.o)
    0x0801cba0   0x000001a8   Code   RO         2701    .text               c_w.l(mktime.o)
    0x0801cd48   0x00000006   Code   RO         2703    .text               c_w.l(heapauxi.o)
    0x0801cd4e   0x00000002   PAD
    0x0801cd50   0x00000008   Code   RO         2711    .text               c_w.l(rt_errno_addr_intlibspace.o)
    0x0801cd58   0x00000070   Code   RO         2713    .text               c_w.l(strtol.o)
    0x0801cdc8   0x0000000c   Code   RO         2715    .text               c_w.l(asctime.o)
    0x0801cdd4   0x000000b8   Code   RO         2719    .text               c_w.l(localtime_internal.o)
    0x0801ce8c   0x00000008   Code   RO         2766    .text               c_w.l(libspace.o)
    0x0801ce94   0x00000010   Code   RO         2784    .text               c_w.l(rt_ctype_table.o)
    0x0801cea4   0x0000009e   Code   RO         2786    .text               c_w.l(_strtoul.o)
    0x0801cf42   0x00000002   PAD
    0x0801cf44   0x00000068   Code   RO         2788    .text               c_w.l(asctime_internal.o)
    0x0801cfac   0x0000004a   Code   RO         2794    .text               c_w.l(sys_stackheap_outer.o)
    0x0801cff6   0x00000002   PAD
    0x0801cff8   0x00000008   Code   RO         2799    .text               c_w.l(rt_locale_intlibspace.o)
    0x0801d000   0x0000002c   Code   RO         2801    .text               c_w.l(sprintf.o)
    0x0801d02c   0x0000001c   Code   RO         2803    .text               c_w.l(_chval.o)
    0x0801d048   0x00000012   Code   RO         2811    .text               c_w.l(exit.o)
    0x0801d05a   0x0000004e   Code   RO         2831    .text               c_w.l(_printf_pad.o)
    0x0801d0a8   0x00000024   Code   RO         2833    .text               c_w.l(_printf_truncate.o)
    0x0801d0cc   0x00000052   Code   RO         2835    .text               c_w.l(_printf_str.o)
    0x0801d11e   0x00000002   PAD
    0x0801d120   0x00000078   Code   RO         2837    .text               c_w.l(_printf_dec.o)
    0x0801d198   0x00000028   Code   RO         2839    .text               c_w.l(_printf_charcount.o)
    0x0801d1c0   0x00000030   Code   RO         2841    .text               c_w.l(_printf_char_common.o)
    0x0801d1f0   0x0000000a   Code   RO         2843    .text               c_w.l(_sputc.o)
    0x0801d1fa   0x00000002   PAD
    0x0801d1fc   0x000000bc   Code   RO         2845    .text               c_w.l(_printf_wctomb.o)
    0x0801d2b8   0x0000007c   Code   RO         2848    .text               c_w.l(_printf_longlong_dec.o)
    0x0801d334   0x00000070   Code   RO         2854    .text               c_w.l(_printf_oct_int_ll.o)
    0x0801d3a4   0x00000094   Code   RO         2874    .text               c_w.l(_printf_hex_int_ll_ptr.o)
    0x0801d438   0x00000188   Code   RO         2894    .text               c_w.l(__printf_flags_ss_wp.o)
    0x0801d5c0   0x00000002   Code   RO         2932    .text               c_w.l(use_no_semi.o)
    0x0801d5c2   0x00000000   Code   RO         2934    .text               c_w.l(indicate_semi.o)
    0x0801d5c2   0x0000008a   Code   RO         2944    .text               c_w.l(lludiv10.o)
    0x0801d64c   0x000000b2   Code   RO         2946    .text               c_w.l(_printf_intcommon.o)
    0x0801d6fe   0x0000041a   Code   RO         2948    .text               c_w.l(_printf_fp_dec.o)
    0x0801db18   0x000002fc   Code   RO         2950    .text               c_w.l(_printf_fp_hex.o)
    0x0801de14   0x0000002c   Code   RO         2955    .text               c_w.l(_printf_char.o)
    0x0801de40   0x0000002c   Code   RO         2957    .text               c_w.l(_printf_wchar.o)
    0x0801de6c   0x00000040   Code   RO         2960    .text               c_w.l(_wcrtomb.o)
    0x0801deac   0x0000000c   Code   RO         2966    .text               c_w.l(sys_exit.o)
    0x0801deb8   0x00000080   Code   RO         2968    .text               c_w.l(_printf_fp_infnan.o)
    0x0801df38   0x000000dc   Code   RO         2970    .text               c_w.l(bigflt0.o)
    0x0801e014   0x0000003e   Code   RO         2973    CL$$btod_d2e        c_w.l(btod.o)
    0x0801e052   0x00000046   Code   RO         2975    CL$$btod_d2e_denorm_low  c_w.l(btod.o)
    0x0801e098   0x00000060   Code   RO         2974    CL$$btod_d2e_norm_op1  c_w.l(btod.o)
    0x0801e0f8   0x00000338   Code   RO         2983    CL$$btod_div_common  c_w.l(btod.o)
    0x0801e430   0x000000c6   Code   RO         2980    CL$$btod_e2e        c_w.l(btod.o)
    0x0801e4f6   0x00000028   Code   RO         2977    CL$$btod_ediv       c_w.l(btod.o)
    0x0801e51e   0x00000028   Code   RO         2976    CL$$btod_emul       c_w.l(btod.o)
    0x0801e546   0x00000244   Code   RO         2982    CL$$btod_mult_common  c_w.l(btod.o)
    0x0801e78a   0x00000028   Code   RO         3008    i.__ARM_fpclassify  m_ws.l(fpclassify.o)
    0x0801e7b2   0x0000000e   Code   RO         2887    i._is_digit         c_w.l(__printf_wp.o)
    0x0801e7c0   0x0000002c   Code   RO         2806    locale$$code        c_w.l(lc_ctype_c.o)
    0x0801e7ec   0x0000002c   Code   RO         2809    locale$$code        c_w.l(lc_time_c.o)
    0x0801e818   0x0000002c   Code   RO         2996    locale$$code        c_w.l(lc_numeric_c.o)
    0x0801e844   0x00000004   Code   RO         2924    x$fpl$printf1       fz_ws.l(printf1.o)
    0x0801e848   0x00000004   Code   RO         2926    x$fpl$printf2       fz_ws.l(printf2.o)
    0x0801e84c   0x00000000   Code   RO         3007    x$fpl$usenofp       fz_ws.l(usenofp.o)
    0x0801e84c   0x0000000d   Data   RO          348    .constdata          fm25lx.o
    0x0801e859   0x0000000f   Data   RO          426    .constdata          rtc.o
    0x0801e868   0x00000085   Data   RO          461    .constdata          serial.o
    0x0801e8ed   0x000000a8   Data   RO         1263    .constdata          device.o
    0x0801e995   0x00000016   Data   RO         1278    .constdata          idle.o
    0x0801e9ab   0x000001d7   Data   RO         1297    .constdata          ipc.o
    0x0801eb82   0x00000122   Data   RO         1330    .constdata          kservice.o
    0x0801eca4   0x00000046   Data   RO         1350    .constdata          mem.o
    0x0801ecea   0x0000003e   Data   RO         1369    .constdata          mempool.o
    0x0801ed28   0x0000005e   Data   RO         1387    .constdata          object.o
    0x0801ed86   0x0000004e   Data   RO         1407    .constdata          scheduler.o
    0x0801edd4   0x000000aa   Data   RO         1427    .constdata          thread.o
    0x0801ee7e   0x0000005c   Data   RO         1446    .constdata          timer.o
    0x0801eeda   0x00000013   Data   RO         1465    .constdata          cpuport.o
    0x0801eeed   0x00000060   Data   RO         1520    .constdata          shell.o
    0x0801ef4d   0x00000003   PAD
    0x0801ef50   0x00000050   Data   RO         1553    .constdata          cmd.o
    0x0801efa0   0x000000c4   Data   RO         1679    .constdata          finsh_ops.o
    0x0801f064   0x00000040   Data   RO         1762    .constdata          finsh_token.o
    0x0801f0a4   0x000000b3   Data   RO         1777    .constdata          sys_arch.o
    0x0801f157   0x00000001   PAD
    0x0801f158   0x0000019c   Data   RO         2255    .constdata          memp.o
    0x0801f2f4   0x00000050   Data   RO         2386    .constdata          tcp.o
    0x0801f344   0x00000028   Data   RO         2449    .constdata          timeouts.o
    0x0801f36c   0x0000000c   Data   RO         2492    .constdata          ethernet.o
    0x0801f378   0x00000057   Data   RO         2514    .constdata          ethernetif.o
    0x0801f3cf   0x00000001   PAD
    0x0801f3d0   0x00000008   Data   RO         2633    .constdata          ip4_addr.o
    0x0801f3d8   0x0000000c   Data   RO         2718    .constdata          c_w.l(_monlen.o)
    0x0801f3e4   0x00000008   Data   RO         2846    .constdata          c_w.l(_printf_wctomb.o)
    0x0801f3ec   0x00000028   Data   RO         2875    .constdata          c_w.l(_printf_hex_int_ll_ptr.o)
    0x0801f414   0x00000011   Data   RO         2895    .constdata          c_w.l(__printf_flags_ss_wp.o)
    0x0801f425   0x00000026   Data   RO         2951    .constdata          c_w.l(_printf_fp_hex.o)
    0x0801f44b   0x00000001   PAD
    0x0801f44c   0x00000094   Data   RO         2971    .constdata          c_w.l(bigflt0.o)
    0x0801f4e0   0x000000ed   Data   RO         1351    .conststring        mem.o
    0x0801f5cd   0x00000003   PAD
    0x0801f5d0   0x0000015d   Data   RO         1554    .conststring        cmd.o
    0x0801f72d   0x00000003   PAD
    0x0801f730   0x000000f3   Data   RO         1614    .conststring        finsh_error.o
    0x0801f823   0x00000001   PAD
    0x0801f824   0x0000003e   Data   RO         1763    .conststring        finsh_token.o
    0x0801f862   0x00000002   PAD
    0x0801f864   0x00000048   Data   RO         2135    .conststring        def.o
    0x0801f8ac   0x00000041   Data   RO         2198    .conststring        init.o
    0x0801f8ed   0x00000003   PAD
    0x0801f8f0   0x00000094   Data   RO         2256    .conststring        memp.o
    0x0801f984   0x0000006d   Data   RO         2387    .conststring        tcp.o
    0x0801f9f1   0x00000003   PAD
    0x0801f9f4   0x00000055   Data   RO         2436    .conststring        tcp_out.o
    0x0801fa49   0x00000003   PAD
    0x0801fa4c   0x0000008c   Data   RO         2556    .conststring        dhcp.o
    0x0801fad8   0x00000041   Data   RO         2579    .conststring        etharp.o
    0x0801fb19   0x00000018   Data   RO            2    .rodata.name        netio.o
    0x0801fb31   0x00000029   Data   RO          320    .rodata.name        24lcxx.o
    0x0801fb5a   0x00000016   Data   RO          350    .rodata.name        fm25lx.o
    0x0801fb70   0x00000075   Data   RO          428    .rodata.name        rtc.o
    0x0801fbe5   0x0000001b   Data   RO          487    .rodata.name        stm32f2_eth.o
    0x0801fc00   0x00000027   Data   RO         1353    .rodata.name        mem.o
    0x0801fc27   0x000001b3   Data   RO         1556    .rodata.name        cmd.o
    0x0801fdda   0x00000095   Data   RO         2515    .rodata.name        ethernetif.o
    0x0801fe6f   0x00000001   PAD
    0x0801fe70   0x0000000c   Data   RO            3    FSymTab             netio.o
    0x0801fe7c   0x00000018   Data   RO          321    FSymTab             24lcxx.o
    0x0801fe94   0x0000000c   Data   RO          351    FSymTab             fm25lx.o
    0x0801fea0   0x00000024   Data   RO          429    FSymTab             rtc.o
    0x0801fec4   0x0000000c   Data   RO          488    FSymTab             stm32f2_eth.o
    0x0801fed0   0x0000000c   Data   RO         1354    FSymTab             mem.o
    0x0801fedc   0x00000090   Data   RO         1557    FSymTab             cmd.o
    0x0801ff6c   0x00000030   Data   RO         2516    FSymTab             ethernetif.o
    0x0801ff9c   0x00000020   Data   RO         3046    Region$$Table       anon$$obj.o
    0x0801ffbc   0x00000010   Data   RO         1558    VSymTab             cmd.o
    0x0801ffcc   0x00000110   Data   RO         2805    locale$$data        c_w.l(lc_ctype_c.o)
    0x080200dc   0x00000180   Data   RO         2808    locale$$data        c_w.l(lc_time_c.o)
    0x0802025c   0x0000001c   Data   RO         2995    locale$$data        c_w.l(lc_numeric_c.o)


    Execution Region RW_IRAM1 (Base: 0x20000000, Size: 0x00004c98, Max: 0x00020000, ABSOLUTE, COMPRESSED[0x000000dc])

    Base Addr    Size         Type   Attr      Idx    E Section Name        Object

    0x20000000   0x00000008   Data   RW          349    .data               fm25lx.o
    0x20000008   0x00000030   Data   RW          402    .data               i2c.o
    0x20000038   0x00000040   Data   RW          427    .data               rtc.o
    0x20000078   0x00000005   Data   RW          486    .data               stm32f2_eth.o
    0x2000007d   0x00000003   PAD
    0x20000080   0x0000000c   Data   RW          543    .data               usart.o
    0x2000008c   0x00000014   Data   RW          569    .data               system_stm32f2xx.o
    0x200000a0   0x00000010   Data   RW         1035    .data               stm32f2xx_rcc.o
    0x200000b0   0x00000010   Data   RW         1225    .data               stm32f2x7_eth.o
    0x200000c0   0x00000004   Data   RW         1249    .data               clock.o
    0x200000c4   0x00000004   Data   RW         1279    .data               idle.o
    0x200000c8   0x00000009   Data   RW         1314    .data               irq.o
    0x200000d1   0x00000003   PAD
    0x200000d4   0x0000000c   Data   RW         1331    .data               kservice.o
    0x200000e0   0x00000020   Data   RW         1352    .data               mem.o
    0x20000100   0x00000008   Data   RW         1370    .data               mempool.o
    0x20000108   0x000000a4   Data   RW         1388    .data               object.o
    0x200001ac   0x0000001c   Data   RW         1408    .data               scheduler.o
    0x200001c8   0x0000000c   Data   RW         1428    .data               thread.o
    0x200001d4   0x00000010   Data   RW         1447    .data               timer.o
    0x200001e4   0x00000010   Data   RW         1466    .data               cpuport.o
    0x200001f4   0x00000004   Data   RW         1521    .data               shell.o
    0x200001f8   0x00000010   Data   RW         1539    .data               symbol.o
    0x20000208   0x00000004   Data   RW         1555    .data               cmd.o
    0x2000020c   0x00000008   Data   RW         1577    .data               finsh_compiler.o
    0x20000214   0x00000040   Data   RW         1615    .data               finsh_error.o
    0x20000254   0x00000008   Data   RW         1631    .data               finsh_heap.o
    0x2000025c   0x00000004   Data   RW         1713    .data               finsh_var.o
    0x20000260   0x0000000c   Data   RW         1736    .data               finsh_vm.o
    0x2000026c   0x00000006   Data   RW         1778    .data               sys_arch.o
    0x20000272   0x00000002   PAD
    0x20000274   0x00000010   Data   RW         2097    .data               tcpip.o
    0x20000284   0x0000000c   Data   RW         2150    .data               dns.o
    0x20000290   0x00000009   Data   RW         2305    .data               netif.o
    0x20000299   0x00000001   Data   RW         2337    .data               pbuf.o
    0x2000029a   0x00000002   PAD
    0x2000029c   0x00000020   Data   RW         2388    .data               tcp.o
    0x200002bc   0x00000028   Data   RW         2411    .data               tcp_in.o
    0x200002e4   0x0000000c   Data   RW         2450    .data               timeouts.o
    0x200002f0   0x00000008   Data   RW         2468    .data               udp.o
    0x200002f8   0x00000010   Data   RW         2557    .data               dhcp.o
    0x20000308   0x00000001   Data   RW         2580    .data               etharp.o
    0x20000309   0x00000001   PAD
    0x2000030a   0x00000002   Data   RW         2618    .data               ip4.o
    0x2000030c   0x00000040   Zero   RW          319    .bss                24lcxx.o
    0x2000034c   0x00000040   Zero   RW          347    .bss                fm25lx.o
    0x2000038c   0x0000005c   Zero   RW          401    .bss                i2c.o
    0x200003e8   0x0000005c   Zero   RW          425    .bss                rtc.o
    0x20000444   0x00000098   Zero   RW          485    .bss                stm32f2_eth.o
    0x200004dc   0x00000088   Zero   RW          542    .bss                usart.o
    0x20000564   0x00002484   Zero   RW         1224    .bss                stm32f2x7_eth.o
    0x200029e8   0x00000180   Zero   RW         1277    .bss                idle.o
    0x20002b68   0x00000080   Zero   RW         1329    .bss                kservice.o
    0x20002be8   0x00000020   Zero   RW         1349    .bss                mem.o
    0x20002c08   0x00000100   Zero   RW         1406    .bss                scheduler.o
    0x20002d08   0x00000880   Zero   RW         1519    .bss                shell.o
    0x20003588   0x00000080   Zero   RW         1630    .bss                finsh_heap.o
    0x20003608   0x00000140   Zero   RW         1664    .bss                finsh_node.o
    0x20003748   0x000000c0   Zero   RW         1712    .bss                finsh_var.o
    0x20003808   0x00000180   Zero   RW         1735    .bss                finsh_vm.o
    0x20003988   0x00000480   Zero   RW         2148    .bss                dns.o
    0x20003e08   0x00000018   Zero   RW         2242    .bss                ip.o
    0x20003e20   0x00000010   Zero   RW         2410    .bss                tcp_in.o
    0x20003e30   0x00000580   Zero   RW         2513    .bss                ethernetif.o
    0x200043b0   0x00000032   Zero   RW         2555    .bss                dhcp.o
    0x200043e2   0x00000002   PAD
    0x200043e4   0x000000f0   Zero   RW         2578    .bss                etharp.o
    0x200044d4   0x00000010   Zero   RW         2632    .bss                ip4_addr.o
    0x200044e4   0x000000e4   Zero   RW         2669    .bss                c_w.l(rand.o)
    0x200045c8   0x0000002c   Zero   RW         2699    .bss                c_w.l(localtime.o)
    0x200045f4   0x00000044   Zero   RW         2716    .bss                c_w.l(asctime.o)
    0x20004638   0x00000060   Zero   RW         2767    .bss                c_w.l(libspace.o)
    0x20004698   0x00000200   Zero   RW         1215    HEAP                startup_stm32f2xx.o
    0x20004898   0x00000400   Zero   RW         1214    STACK               startup_stm32f2xx.o


==============================================================================

Image component sizes


      Code (inc. data)   RO Data    RW Data    ZI Data      Debug   Object Name

       664        102         65          0         64       7514   24lcxx.o
         0          0          0          0          0       1408   api_lib.o
         0          0          0          0          0       3095   api_msg.o
       100         32          0          0          0     316639   application.o
       764         38          0          0          0      26535   board.o
       100          6          0          4          0       1376   clock.o
      3468       1302       1024          4          0      11659   cmd.o
       236         24          0          0          0        732   context_rvds.o
      1492        718         19         16          0       3795   cpuport.o
       344          4         72          0          0       2626   def.o
       804        132        168          0          0       4809   device.o
      7020       1246        140         16         50      18980   dhcp.o
      2704        200          0         12       1152      16035   dns.o
         0          0          0          0          0       1444   err.o
      3728        582         65          1        240       9759   etharp.o
       424        114         12          0          0       2252   ethernet.o
      2332        764        284          0       1408       7804   ethernetif.o
      6168        154          0          8          0      10774   finsh_compiler.o
        44         10        243         64          0       1569   finsh_error.o
       528         18          0          8        128       3347   finsh_heap.o
        88          6          0          0          0       1544   finsh_init.o
       388          4          0          0        320       3264   finsh_node.o
      2776         36        196          0          0       8608   finsh_ops.o
      2428         32          0          0          0       9689   finsh_parser.o
      1664         16        126          0          0       6168   finsh_token.o
       412         18          0          4        192       7301   finsh_var.o
       228         34          0         12        384       6898   finsh_vm.o
      1252        182         47          8         64       5341   fm25lx.o
      2316        234          0         48         92       5632   i2c.o
       856        212          0          0          0       3207   icmp.o
       312         74         22          4        384       3245   idle.o
       792         68          0          0          0       4652   inet_chksum.o
       124         54         65          0          0       9171   init.o
         0          0          0          0         24       3022   ip.o
      1226        132          0          2          0       4557   ip4.o
       836         84          8          0         16       9478   ip4_addr.o
      5716        422        471          0          0      20211   ipc.o
       124         14          0          9          0       1740   irq.o
      2732        230        290         12        128      12116   kservice.o
      2164        560        358         32         32       5291   mem.o
       824        206        560          0          0       9060   memp.o
      1028        110         62          8          0       5310   mempool.o
       224         20          0          0          0       1837   misc.o
         0          0          0          0          0       7252   netbuf.o
       804         92          0          9          0       7645   netif.o
       256         16          0          0          0       5035   netifapi.o
      1008         22         36          0          0      42073   netio.o
       732        150         94        164          0       5836   object.o
      4516       1202          0          1          0      21339   pbuf.o
       972        172        168         64         92       5780   rtc.o
       744        150         78         28        256       4809   scheduler.o
      1408        264        133          0          0       5337   serial.o
      2532        276         96          4       2176       5871   shell.o
        96         16          0          0          0        624   startup.o
        64         26        388          0       1536        868   startup_stm32f2xx.o
      1792        346         39          5        152      10602   stm32f2_eth.o
      3752        170          0         16       9348      19968   stm32f2x7_eth.o
       936         32          0          0          0       6361   stm32f2xx_dma.o
       604         36          0          0          0       3997   stm32f2xx_gpio.o
      1064         26          0          0          0       8115   stm32f2xx_i2c.o
        18          0          0          0          0        885   stm32f2xx_it.o
       216         12          0          0          0       2272   stm32f2xx_pwr.o
      1416         48          0         16          0      10983   stm32f2xx_rcc.o
      2844         36          0          0          0      12125   stm32f2xx_rtc.o
       496         18          0          0          0       7200   stm32f2xx_sdio.o
       936         22          0          0          0       6388   stm32f2xx_spi.o
       140         12          0          0          0       1527   stm32f2xx_syscfg.o
      1050         26          0          0          0       7728   stm32f2xx_usart.o
         0          0          0         16          0       4281   symbol.o
      1924        362        179          6          0      17581   sys_arch.o
       480         40          0         20          0       1871   system_stm32f2xx.o
      6004       1164        189         32          0      25819   tcp.o
      7816       1136          0         40         16      17109   tcp_in.o
      5442        978         85          0          0      11451   tcp_out.o
       936        214          0         16          0       9306   tcpip.o
      1540        220        170         12          0       8585   thread.o
       844        154         40         12          0       4905   timeouts.o
      1116        100         92         16          0       6955   timer.o
      1500        136          0          8          0       8722   udp.o
       256         24          0         12        136       1331   usart.o

    ----------------------------------------------------------------------
    115692      15892       6140        780      18392     928030   Object Totals
         0          0         32          0          0          0   (incl. Generated)
         8          0         24         11          2          0   (incl. Padding)

    ----------------------------------------------------------------------

      Code (inc. data)   RO Data    RW Data    ZI Data      Debug   Library Member Name

        90          0          0          0          0          0   __dczerorl2.o
         8          0          0          0          0         68   __main.o
       392          4         17          0          0         92   __printf_flags_ss_wp.o
        14          0          0          0          0         68   __printf_wp.o
         0          0          0          0          0          0   __rtentry.o
        12          0          0          0          0          0   __rtentry2.o
         6          0          0          0          0          0   __rtentry4.o
        52          8          0          0          0          0   __scatter.o
        28          0          0          0          0          0   __scatter_zi.o
        28          0          0          0          0         68   _chval.o
         0          0         12          0          0          0   _monlen.o
         6          0          0          0          0          0   _printf_a.o
         6          0          0          0          0          0   _printf_c.o
        44          0          0          0          0        108   _printf_char.o
        48          6          0          0          0         96   _printf_char_common.o
        40          0          0          0          0         68   _printf_charcount.o
         6          0          0          0          0          0   _printf_d.o
       120         16          0          0          0         92   _printf_dec.o
         6          0          0          0          0          0   _printf_e.o
         6          0          0          0          0          0   _printf_f.o
      1050          0          0          0          0        216   _printf_fp_dec.o
       764         10         38          0          0        100   _printf_fp_hex.o
       128         16          0          0          0         84   _printf_fp_infnan.o
         6          0          0          0          0          0   _printf_g.o
       148          4         40          0          0        160   _printf_hex_int_ll_ptr.o
         6          0          0          0          0          0   _printf_i.o
       178          0          0          0          0         88   _printf_intcommon.o
        10          0          0          0          0          0   _printf_l.o
         6          0          0          0          0          0   _printf_lc.o
        10          0          0          0          0          0   _printf_ll.o
         6          0          0          0          0          0   _printf_lld.o
         6          0          0          0          0          0   _printf_lli.o
         6          0          0          0          0          0   _printf_llo.o
         6          0          0          0          0          0   _printf_llu.o
         6          0          0          0          0          0   _printf_llx.o
       124         16          0          0          0         92   _printf_longlong_dec.o
         6          0          0          0          0          0   _printf_ls.o
         6          0          0          0          0          0   _printf_n.o
         6          0          0          0          0          0   _printf_o.o
       112          8          0          0          0        124   _printf_oct_int_ll.o
         6          0          0          0          0          0   _printf_p.o
        78          0          0          0          0        108   _printf_pad.o
         0          0          0          0          0          0   _printf_percent.o
         4          0          0          0          0          0   _printf_percent_end.o
         6          0          0          0          0          0   _printf_s.o
        82          0          0          0          0         80   _printf_str.o
        36          0          0          0          0         84   _printf_truncate.o
         6          0          0          0          0          0   _printf_u.o
        44          0          0          0          0        108   _printf_wchar.o
       188          6          8          0          0         92   _printf_wctomb.o
         6          0          0          0          0          0   _printf_x.o
        10          0          0          0          0         68   _sputc.o
       158          0          0          0          0         92   _strtoul.o
        64          0          0          0          0         92   _wcrtomb.o
        16          0          0          0          0         68   aeabi_memset.o
        12          6          0          0         68         68   asctime.o
       104         30          0          0          0         88   asctime_internal.o
        26          0          0          0          0         80   atoi.o
       220          4        148          0          0         96   bigflt0.o
      1910        128          0          0          0        672   btod.o
        14          0          0          0          0         80   ctime.o
        18          0          0          0          0         80   exit.o
         6          0          0          0          0        152   heapauxi.o
         0          0          0          0          0          0   indicate_semi.o
        44         10        272          0          0         76   lc_ctype_c.o
        44         10         28          0          0         76   lc_numeric_c.o
        44         10        384          0          0         76   lc_time_c.o
         2          0          0          0          0          0   libinit.o
        44          0          0          0          0          0   libinit2.o
         2          0          0          0          0          0   libshutdown.o
         2          0          0          0          0          0   libshutdown2.o
         8          4          0          0         96         68   libspace.o
       138          0          0          0          0         80   lludiv10.o
        12          6          0          0         44         68   localtime.o
       184          6          0          0          0         80   localtime_internal.o
        88          0          0          0          0         76   memcmp.o
       424         10          0          0          0        124   mktime.o
       112         18          0          0        228        160   rand.o
        16          4          0          0          0         76   rt_ctype_table.o
         8          4          0          0          0         68   rt_errno_addr_intlibspace.o
         8          4          0          0          0         68   rt_locale_intlibspace.o
        68          0          0          0          0         68   rt_memclr.o
        78          0          0          0          0         80   rt_memclr_w.o
       138          0          0          0          0         68   rt_memcpy_v6.o
       100          0          0          0          0         80   rt_memcpy_w.o
         2          0          0          0          0          0   rtexit.o
        10          0          0          0          0          0   rtexit2.o
        44          6          0          0          0         84   sprintf.o
        24          0          0          0          0         68   strcat.o
       128          0          0          0          0         68   strcmpv7m.o
        72          0          0          0          0         80   strcpy.o
        62          0          0          0          0         76   strlen.o
       150          0          0          0          0         80   strncmp.o
        86          0          0          0          0         76   strncpy.o
       112          0          0          0          0         88   strtol.o
        12          4          0          0          0         68   sys_exit.o
        74          0          0          0          0         80   sys_stackheap_outer.o
         2          0          0          0          0         68   use_no_semi.o
         4          0          0          0          0         68   printf1.o
         4          0          0          0          0         68   printf2.o
         0          0          0          0          0          0   usenofp.o
        40          0          0          0          0         68   fpclassify.o

    ----------------------------------------------------------------------
      8924        358        948          0        436       6064   Library Totals
        18          0          1          0          0          0   (incl. Padding)

    ----------------------------------------------------------------------

      Code (inc. data)   RO Data    RW Data    ZI Data      Debug   Library Name

      8858        358        947          0        436       5860   c_w.l
         8          0          0          0          0        136   fz_ws.l
        40          0          0          0          0         68   m_ws.l

    ----------------------------------------------------------------------
      8924        358        948          0        436       6064   Library Totals

    ----------------------------------------------------------------------

==============================================================================


      Code (inc. data)   RO Data    RW Data    ZI Data      Debug   

    124616      16250       7088        780      18828     922910   Grand Totals
    124616      16250       7088        220      18828     922910   ELF Image Totals (compressed)
    124616      16250       7088        220          0          0   ROM Totals

==============================================================================

    Total RO  Size (Code + RO Data)               131704 ( 128.62kB)
    Total RW  Size (RW Data + ZI Data)             19608 (  19.15kB)
    Total ROM Size (Code + RO Data + RW Data)     131924 ( 128.83kB)

==============================================================================

